Archive member included to satisfy reference by file (symbol)

C:/ST/STM32CubeIDE_1.18.1/STM32CubeIDE/plugins/com.st.stm32cube.ide.mcu.externaltools.gnu-tools-for-stm32.13.3.rel1.win32_1.0.0.202411081344/tools/bin/../lib/gcc/arm-none-eabi/13.3.1/../../../../arm-none-eabi/lib/thumb/v7e-m+fp/hard\libm.a(libm_a-wf_log10.o)
                              ./lr11xx_ranging_demo/lr11xx/apps/ranging_demo/ranging_hopping_frequency/app_pathloss.o (log10f)
C:/ST/STM32CubeIDE_1.18.1/STM32CubeIDE/plugins/com.st.stm32cube.ide.mcu.externaltools.gnu-tools-for-stm32.13.3.rel1.win32_1.0.0.202411081344/tools/bin/../lib/gcc/arm-none-eabi/13.3.1/../../../../arm-none-eabi/lib/thumb/v7e-m+fp/hard\libm.a(libm_a-sf_nan.o)
                              C:/ST/STM32CubeIDE_1.18.1/STM32CubeIDE/plugins/com.st.stm32cube.ide.mcu.externaltools.gnu-tools-for-stm32.13.3.rel1.win32_1.0.0.202411081344/tools/bin/../lib/gcc/arm-none-eabi/13.3.1/../../../../arm-none-eabi/lib/thumb/v7e-m+fp/hard\libm.a(libm_a-wf_log10.o) (nanf)
C:/ST/STM32CubeIDE_1.18.1/STM32CubeIDE/plugins/com.st.stm32cube.ide.mcu.externaltools.gnu-tools-for-stm32.13.3.rel1.win32_1.0.0.202411081344/tools/bin/../lib/gcc/arm-none-eabi/13.3.1/../../../../arm-none-eabi/lib/thumb/v7e-m+fp/hard\libm.a(libm_a-ef_log10.o)
                              C:/ST/STM32CubeIDE_1.18.1/STM32CubeIDE/plugins/com.st.stm32cube.ide.mcu.externaltools.gnu-tools-for-stm32.13.3.rel1.win32_1.0.0.202411081344/tools/bin/../lib/gcc/arm-none-eabi/13.3.1/../../../../arm-none-eabi/lib/thumb/v7e-m+fp/hard\libm.a(libm_a-wf_log10.o) (__ieee754_log10f)
C:/ST/STM32CubeIDE_1.18.1/STM32CubeIDE/plugins/com.st.stm32cube.ide.mcu.externaltools.gnu-tools-for-stm32.13.3.rel1.win32_1.0.0.202411081344/tools/bin/../lib/gcc/arm-none-eabi/13.3.1/../../../../arm-none-eabi/lib/thumb/v7e-m+fp/hard\libm.a(libm_a-ef_log.o)
                              C:/ST/STM32CubeIDE_1.18.1/STM32CubeIDE/plugins/com.st.stm32cube.ide.mcu.externaltools.gnu-tools-for-stm32.13.3.rel1.win32_1.0.0.202411081344/tools/bin/../lib/gcc/arm-none-eabi/13.3.1/../../../../arm-none-eabi/lib/thumb/v7e-m+fp/hard\libm.a(libm_a-ef_log10.o) (__ieee754_logf)
C:/ST/STM32CubeIDE_1.18.1/STM32CubeIDE/plugins/com.st.stm32cube.ide.mcu.externaltools.gnu-tools-for-stm32.13.3.rel1.win32_1.0.0.202411081344/tools/bin/../lib/gcc/arm-none-eabi/13.3.1/../../../../arm-none-eabi/lib/thumb/v7e-m+fp/hard\libc_nano.a(libc_a-exit.o)
                              C:/ST/STM32CubeIDE_1.18.1/STM32CubeIDE/plugins/com.st.stm32cube.ide.mcu.externaltools.gnu-tools-for-stm32.13.3.rel1.win32_1.0.0.202411081344/tools/bin/../lib/gcc/arm-none-eabi/13.3.1/../../../../arm-none-eabi/lib/thumb/v7e-m+fp/hard/crt0.o (exit)
C:/ST/STM32CubeIDE_1.18.1/STM32CubeIDE/plugins/com.st.stm32cube.ide.mcu.externaltools.gnu-tools-for-stm32.13.3.rel1.win32_1.0.0.202411081344/tools/bin/../lib/gcc/arm-none-eabi/13.3.1/../../../../arm-none-eabi/lib/thumb/v7e-m+fp/hard\libc_nano.a(libc_a-findfp.o)
                              C:/ST/STM32CubeIDE_1.18.1/STM32CubeIDE/plugins/com.st.stm32cube.ide.mcu.externaltools.gnu-tools-for-stm32.13.3.rel1.win32_1.0.0.202411081344/tools/bin/../lib/gcc/arm-none-eabi/13.3.1/../../../../arm-none-eabi/lib/thumb/v7e-m+fp/hard\libc_nano.a(libc_a-exit.o) (__stdio_exit_handler)
C:/ST/STM32CubeIDE_1.18.1/STM32CubeIDE/plugins/com.st.stm32cube.ide.mcu.externaltools.gnu-tools-for-stm32.13.3.rel1.win32_1.0.0.202411081344/tools/bin/../lib/gcc/arm-none-eabi/13.3.1/../../../../arm-none-eabi/lib/thumb/v7e-m+fp/hard\libc_nano.a(libc_a-fwalk.o)
                              C:/ST/STM32CubeIDE_1.18.1/STM32CubeIDE/plugins/com.st.stm32cube.ide.mcu.externaltools.gnu-tools-for-stm32.13.3.rel1.win32_1.0.0.202411081344/tools/bin/../lib/gcc/arm-none-eabi/13.3.1/../../../../arm-none-eabi/lib/thumb/v7e-m+fp/hard\libc_nano.a(libc_a-findfp.o) (_fwalk_sglue)
C:/ST/STM32CubeIDE_1.18.1/STM32CubeIDE/plugins/com.st.stm32cube.ide.mcu.externaltools.gnu-tools-for-stm32.13.3.rel1.win32_1.0.0.202411081344/tools/bin/../lib/gcc/arm-none-eabi/13.3.1/../../../../arm-none-eabi/lib/thumb/v7e-m+fp/hard\libc_nano.a(libc_a-printf.o)
                              ./Core/Src/main.o (printf)
C:/ST/STM32CubeIDE_1.18.1/STM32CubeIDE/plugins/com.st.stm32cube.ide.mcu.externaltools.gnu-tools-for-stm32.13.3.rel1.win32_1.0.0.202411081344/tools/bin/../lib/gcc/arm-none-eabi/13.3.1/../../../../arm-none-eabi/lib/thumb/v7e-m+fp/hard\libc_nano.a(libc_a-putchar.o)
                              ./Core/Src/main.o (putchar)
C:/ST/STM32CubeIDE_1.18.1/STM32CubeIDE/plugins/com.st.stm32cube.ide.mcu.externaltools.gnu-tools-for-stm32.13.3.rel1.win32_1.0.0.202411081344/tools/bin/../lib/gcc/arm-none-eabi/13.3.1/../../../../arm-none-eabi/lib/thumb/v7e-m+fp/hard\libc_nano.a(libc_a-puts.o)
                              ./Core/Src/main.o (puts)
[...]
Memory Configuration

Name             Origin             Length             Attributes
RAM              0x20000000         0x00018000         xrw
RAM2             0x10000000         0x00008000         xrw
FLASH            0x08000000         0x00100000         xr
*default*        0x00000000         0xffffffff

Linker script and memory map

LOAD C:/ST/STM32CubeIDE_1.18.1/STM32CubeIDE/plugins/com.st.stm32cube.ide.mcu.externaltools.gnu-tools-for-stm32.13.3.rel1.win32_1.0.0.202411081344/tools/bin/../lib/gcc/arm-none-eabi/13.3.1/thumb/v7e-m+fp/hard/crti.o
LOAD C:/ST/STM32CubeIDE_1.18.1/STM32CubeIDE/plugins/com.st.stm32cube.ide.mcu.externaltools.gnu-tools-for-stm32.13.3.rel1.win32_1.0.0.202411081344/tools/bin/../lib/gcc/arm-none-eabi/13.3.1/thumb/v7e-m+fp/hard/crtbegin.o
LOAD C:/ST/STM32CubeIDE_1.18.1/STM32CubeIDE/plugins/com.st.stm32cube.ide.mcu.externaltools.gnu-tools-for-stm32.13.3.rel1.win32_1.0.0.202411081344/tools/bin/../lib/gcc/arm-none-eabi/13.3.1/../../../../arm-none-eabi/lib/thumb/v7e-m+fp/hard/crt0.o
LOAD ./Core/Src/main.o
LOAD ./Core/Src/mainApp.o
LOAD ./Core/Src/stm32l4xx_hal_msp.o
LOAD ./Core/Src/stm32l4xx_it.o
LOAD ./Core/Src/syscalls.o
LOAD ./Core/Src/sysmem.o
LOAD ./Core/Src/system_stm32l4xx.o
LOAD ./Core/Startup/startup_stm32l476rgtx.o
LOAD ./Drivers/STM32L4xx_HAL_Driver/Src/stm32l4xx_hal.o
LOAD ./Drivers/STM32L4xx_HAL_Driver/Src/stm32l4xx_hal_cortex.o
LOAD ./Drivers/STM32L4xx_HAL_Driver/Src/stm32l4xx_hal_dma.o
LOAD ./Drivers/STM32L4xx_HAL_Driver/Src/stm32l4xx_hal_dma_ex.o
LOAD ./Drivers/STM32L4xx_HAL_Driver/Src/stm32l4xx_hal_exti.o
LOAD ./Drivers/STM32L4xx_HAL_Driver/Src/stm32l4xx_hal_flash.o
LOAD ./Drivers/STM32L4xx_HAL_Driver/Src/stm32l4xx_hal_flash_ex.o
LOAD ./Drivers/STM32L4xx_HAL_Driver/Src/stm32l4xx_hal_flash_ramfunc.o
LOAD ./Drivers/STM32L4xx_HAL_Driver/Src/stm32l4xx_hal_gpio.o
LOAD ./Drivers/STM32L4xx_HAL_Driver/Src/stm32l4xx_hal_i2c.o
LOAD ./Drivers/STM32L4xx_HAL_Driver/Src/stm32l4xx_hal_i2c_ex.o
LOAD ./Drivers/STM32L4xx_HAL_Driver/Src/stm32l4xx_hal_pwr.o
LOAD ./Drivers/STM32L4xx_HAL_Driver/Src/stm32l4xx_hal_pwr_ex.o
LOAD ./Drivers/STM32L4xx_HAL_Driver/Src/stm32l4xx_hal_rcc.o
LOAD ./Drivers/STM32L4xx_HAL_Driver/Src/stm32l4xx_hal_rcc_ex.o
LOAD ./Drivers/STM32L4xx_HAL_Driver/Src/stm32l4xx_hal_spi.o
LOAD ./Drivers/STM32L4xx_HAL_Driver/Src/stm32l4xx_hal_spi_ex.o
LOAD ./Drivers/STM32L4xx_HAL_Driver/Src/stm32l4xx_hal_uart.o
LOAD ./Drivers/STM32L4xx_HAL_Driver/Src/stm32l4xx_hal_uart_ex.o
LOAD ./Drivers/lr1121_modem_driver/lr11xx_radio.o
LOAD ./Drivers/lr1121_modem_driver/lr11xx_system.o
LOAD ./Drivers/lr1121_modem_driver/src/lr1121_bootloader.o
LOAD ./Drivers/lr1121_modem_driver/src/lr1121_modem_bsp.o
LOAD ./Drivers/lr1121_modem_driver/src/lr1121_modem_driver_version.o
LOAD ./Drivers/lr1121_modem_driver/src/lr1121_modem_helper.o
LOAD ./Drivers/lr1121_modem_driver/src/lr1121_modem_lorawan.o
LOAD ./Drivers/lr1121_modem_driver/src/lr1121_modem_lr_fhss.o
LOAD ./Drivers/lr1121_modem_driver/src/lr1121_modem_modem.o
LOAD ./Drivers/lr1121_modem_driver/src/lr1121_modem_radio.o
LOAD ./Drivers/lr1121_modem_driver/src/lr1121_modem_radio_timings.o
LOAD ./Drivers/lr1121_modem_driver/src/lr1121_modem_regmem.o
LOAD ./Drivers/lr1121_modem_driver/src/lr1121_modem_relay.o
LOAD ./Drivers/lr1121_modem_driver/src/lr1121_modem_system.o
LOAD ./Drivers/lr11xx_hal.o
LOAD ./lr11xx_ranging_demo/common/src/common_version.o
LOAD ./lr11xx_ranging_demo/common/src/display_font.o
LOAD ./lr11xx_ranging_demo/common/src/smtc_hal_dbg_trace.o
LOAD ./lr11xx_ranging_demo/common/src/smtc_shield_pinout_mapping.o
LOAD ./lr11xx_ranging_demo/libs/smtc-shields/lr11xx/src/smtc_shield_lr1110mb1dis.o
LOAD ./lr11xx_ranging_demo/libs/smtc-shields/lr11xx/src/smtc_shield_lr1110mb1djs.o
LOAD ./lr11xx_ranging_demo/libs/smtc-shields/lr11xx/src/smtc_shield_lr1110mb1dxs_common.o
LOAD ./lr11xx_ranging_demo/libs/smtc-shields/lr11xx/src/smtc_shield_lr1110mb1gis.o
LOAD ./lr11xx_ranging_demo/libs/smtc-shields/lr11xx/src/smtc_shield_lr1110mb1gjs.o
LOAD ./lr11xx_ranging_demo/libs/smtc-shields/lr11xx/src/smtc_shield_lr1110mb1gxs_common.o
LOAD ./lr11xx_ranging_demo/libs/smtc-shields/lr11xx/src/smtc_shield_lr1110mb1ipddis.o
LOAD ./lr11xx_ranging_demo/libs/smtc-shields/lr11xx/src/smtc_shield_lr1110mb1pis.o
LOAD ./lr11xx_ranging_demo/libs/smtc-shields/lr11xx/src/smtc_shield_lr1120mb1dis.o
LOAD ./lr11xx_ranging_demo/libs/smtc-shields/lr11xx/src/smtc_shield_lr1120mb1djs.o
LOAD ./lr11xx_ranging_demo/libs/smtc-shields/lr11xx/src/smtc_shield_lr1120mb1dxs_common.o
LOAD ./lr11xx_ranging_demo/libs/smtc-shields/lr11xx/src/smtc_shield_lr1120mb1gis.o
LOAD ./lr11xx_ranging_demo/libs/smtc-shields/lr11xx/src/smtc_shield_lr1120mb1gjs.o
LOAD ./lr11xx_ranging_demo/libs/smtc-shields/lr11xx/src/smtc_shield_lr1120mb1gxs_common.o
LOAD ./lr11xx_ranging_demo/libs/smtc-shields/lr11xx/src/smtc_shield_lr1120mb1ipddis.o
LOAD ./lr11xx_ranging_demo/libs/smtc-shields/lr11xx/src/smtc_shield_lr1120mb1pis.o
LOAD ./lr11xx_ranging_demo/libs/smtc-shields/lr11xx/src/smtc_shield_lr1121mb1dis.o
LOAD ./lr11xx_ranging_demo/libs/smtc-shields/lr11xx/src/smtc_shield_lr1121mb1gis.o
LOAD ./lr11xx_ranging_demo/libs/smtc-shields/lr11xx/src/smtc_shield_lr11x0_common.o
LOAD ./lr11xx_ranging_demo/libs/smtc-shields/lr11xx/src/smtc_shield_lr11x0mb1ipddis_common.o
LOAD ./lr11xx_ranging_demo/libs/smtc-shields/lr11xx/src/smtc_shield_lr11x0mb1pis_common.o
LOAD ./lr11xx_ranging_demo/libs/smtc-shields/lr11xx/src/smtc_shield_lr11x1_common.o
LOAD ./lr11xx_ranging_demo/libs/smtc-shields/lr11xx/src/smtc_shield_lr11xx_common.o
LOAD ./lr11xx_ranging_demo/lr11xx/apps/ranging_demo/main_ranging_demo.o
LOAD ./lr11xx_ranging_demo/lr11xx/apps/ranging_demo/ranging_hopping_frequency/app_pathloss.o
LOAD ./lr11xx_ranging_demo/lr11xx/apps/ranging_demo/ranging_hopping_frequency/app_ranging_hopping.o
LOAD ./lr11xx_ranging_demo/lr11xx/apps/ranging_demo/ranging_hopping_frequency/app_ranging_result_output.o
LOAD ./lr11xx_ranging_demo/lr11xx/apps/ranging_demo/ranging_hopping_frequency/app_software_timer.o
LOAD ./lr11xx_ranging_demo/lr11xx/common/apps_common.o
LOAD ./lr11xx_ranging_demo/lr11xx/common/apps_version.o
LOAD ./lr11xx_ranging_demo/lr11xx/common/printers/lr11xx_bootloader_types_str.o
LOAD ./lr11xx_ranging_demo/lr11xx/common/printers/lr11xx_crypto_engine_types_str.o
LOAD ./lr11xx_ranging_demo/lr11xx/common/printers/lr11xx_gnss_types_str.o
LOAD ./lr11xx_ranging_demo/lr11xx/common/printers/lr11xx_lr_fhss_types_str.o
LOAD ./lr11xx_ranging_demo/lr11xx/common/printers/lr11xx_radio_types_str.o
LOAD ./lr11xx_ranging_demo/lr11xx/common/printers/lr11xx_rttof_types_str.o
LOAD ./lr11xx_ranging_demo/lr11xx/common/printers/lr11xx_system_types_str.o
LOAD ./lr11xx_ranging_demo/lr11xx/common/printers/lr11xx_types_str.o
LOAD ./lr11xx_ranging_demo/lr11xx/common/printers/lr11xx_wifi_types_str.o
LOAD ./lr11xx_ranging_demo/lr11xx/lr11xx_driver/src/lr11xx_bootloader.o
LOAD ./lr11xx_ranging_demo/lr11xx/lr11xx_driver/src/lr11xx_crypto_engine.o
LOAD ./lr11xx_ranging_demo/lr11xx/lr11xx_driver/src/lr11xx_driver_version.o
LOAD ./lr11xx_ranging_demo/lr11xx/lr11xx_driver/src/lr11xx_gnss.o
LOAD ./lr11xx_ranging_demo/lr11xx/lr11xx_driver/src/lr11xx_lr_fhss.o
LOAD ./lr11xx_ranging_demo/lr11xx/lr11xx_driver/src/lr11xx_radio_timings.o
LOAD ./lr11xx_ranging_demo/lr11xx/lr11xx_driver/src/lr11xx_regmem.o
LOAD ./lr11xx_ranging_demo/lr11xx/lr11xx_driver/src/lr11xx_rttof.o
LOAD ./lr11xx_ranging_demo/lr11xx/lr11xx_driver/src/lr11xx_wifi.o
START GROUP
LOAD C:/ST/STM32CubeIDE_1.18.1/STM32CubeIDE/plugins/com.st.stm32cube.ide.mcu.externaltools.gnu-tools-for-stm32.13.3.rel1.win32_1.0.0.202411081344/tools/bin/../lib/gcc/arm-none-eabi/13.3.1/../../../../arm-none-eabi/lib/thumb/v7e-m+fp/hard\libstdc++_nano.a
LOAD C:/ST/STM32CubeIDE_1.18.1/STM32CubeIDE/plugins/com.st.stm32cube.ide.mcu.externaltools.gnu-tools-for-stm32.13.3.rel1.win32_1.0.0.202411081344/tools/bin/../lib/gcc/arm-none-eabi/13.3.1/../../../../arm-none-eabi/lib/thumb/v7e-m+fp/hard\libsupc++_nano.a
END GROUP
LOAD C:/ST/STM32CubeIDE_1.18.1/STM32CubeIDE/plugins/com.st.stm32cube.ide.mcu.externaltools.gnu-tools-for-stm32.13.3.rel1.win32_1.0.0.202411081344/tools/bin/../lib/gcc/arm-none-eabi/13.3.1/../../../../arm-none-eabi/lib/thumb/v7e-m+fp/hard\libstdc++_nano.a
LOAD C:/ST/STM32CubeIDE_1.18.1/STM32CubeIDE/plugins/com.st.stm32cube.ide.mcu.externaltools.gnu-tools-for-stm32.13.3.rel1.win32_1.0.0.202411081344/tools/bin/../lib/gcc/arm-none-eabi/13.3.1/../../../../arm-none-eabi/lib/thumb/v7e-m+fp/hard\libm.a
LOAD C:/ST/STM32CubeIDE_1.18.1/STM32CubeIDE/plugins/com.st.stm32cube.ide.mcu.externaltools.gnu-tools-for-stm32.13.3.rel1.win32_1.0.0.202411081344/tools/bin/../lib/gcc/arm-none-eabi/13.3.1/../../../../arm-none-eabi/lib/thumb/v7e-m+fp/hard\libc_nano.a
START GROUP
LOAD C:/ST/STM32CubeIDE_1.18.1/STM32CubeIDE/plugins/com.st.stm32cube.ide.mcu.externaltools.gnu-tools-for-stm32.13.3.rel1.win32_1.0.0.202411081344/tools/bin/../lib/gcc/arm-none-eabi/13.3.1/thumb/v7e-m+fp/hard\libgcc.a
LOAD C:/ST/STM32CubeIDE_1.18.1/STM32CubeIDE/plugins/com.st.stm32cube.ide.mcu.externaltools.gnu-tools-for-stm32.13.3.rel1.win32_1.0.0.202411081344/tools/bin/../lib/gcc/arm-none-eabi/13.3.1/../../../../arm-none-eabi/lib/thumb/v7e-m+fp/hard\libc_nano.a
END GROUP
START GROUP
LOAD C:/ST/STM32CubeIDE_1.18.1/STM32CubeIDE/plugins/com.st.stm32cube.ide.mcu.externaltools.gnu-tools-for-stm32.13.3.rel1.win32_1.0.0.202411081344/tools/bin/../lib/gcc/arm-none-eabi/13.3.1/thumb/v7e-m+fp/hard\libgcc.a
LOAD C:/ST/STM32CubeIDE_1.18.1/STM32CubeIDE/plugins/com.st.stm32cube.ide.mcu.externaltools.gnu-tools-for-stm32.13.3.rel1.win32_1.0.0.202411081344/tools/bin/../lib/gcc/arm-none-eabi/13.3.1/../../../../arm-none-eabi/lib/thumb/v7e-m+fp/hard\libc_nano.a
LOAD C:/ST/STM32CubeIDE_1.18.1/STM32CubeIDE/plugins/com.st.stm32cube.ide.mcu.externaltools.gnu-tools-for-stm32.13.3.rel1.win32_1.0.0.202411081344/tools/bin/../lib/gcc/arm-none-eabi/13.3.1/../../../../arm-none-eabi/lib/thumb/v7e-m+fp/hard\libnosys.a
END GROUP
START GROUP
LOAD C:/ST/STM32CubeIDE_1.18.1/STM32CubeIDE/plugins/com.st.stm32cube.ide.mcu.externaltools.gnu-tools-for-stm32.13.3.rel1.win32_1.0.0.202411081344/tools/bin/../lib/gcc/arm-none-eabi/13.3.1/thumb/v7e-m+fp/hard\libgcc.a
LOAD C:/ST/STM32CubeIDE_1.18.1/STM32CubeIDE/plugins/com.st.stm32cube.ide.mcu.externaltools.gnu-tools-for-stm32.13.3.rel1.win32_1.0.0.202411081344/tools/bin/../lib/gcc/arm-none-eabi/13.3.1/../../../../arm-none-eabi/lib/thumb/v7e-m+fp/hard\libc_nano.a
LOAD C:/ST/STM32CubeIDE_1.18.1/STM32CubeIDE/plugins/com.st.stm32cube.ide.mcu.externaltools.gnu-tools-for-stm32.13.3.rel1.win32_1.0.0.202411081344/tools/bin/../lib/gcc/arm-none-eabi/13.3.1/../../../../arm-none-eabi/lib/thumb/v7e-m+fp/hard\libnosys.a
END GROUP
LOAD C:/ST/STM32CubeIDE_1.18.1/STM32CubeIDE/plugins/com.st.stm32cube.ide.mcu.externaltools.gnu-tools-for-stm32.13.3.rel1.win32_1.0.0.202411081344/tools/bin/../lib/gcc/arm-none-eabi/13.3.1/thumb/v7e-m+fp/hard/crtend.o
LOAD C:/ST/STM32CubeIDE_1.18.1/STM32CubeIDE/plugins/com.st.stm32cube.ide.mcu.externaltools.gnu-tools-for-stm32.13.3.rel1.win32_1.0.0.202411081344/tools/bin/../lib/gcc/arm-none-eabi/13.3.1/thumb/v7e-m+fp/hard/crtn.o
                0x20018000                        _estack = (ORIGIN (RAM) + LENGTH (RAM))
                0x00000200                        _Min_Heap_Size = 0x200
                0x00000400                        _Min_Stack_Size = 0x400

.isr_vector     0x08000000      0x188
                0x08000000                        . = ALIGN (0x4)
 *(.isr_vector)
 .isr_vector    0x08000000      0x188 ./Core/Startup/startup_stm32l476rgtx.o
                0x08000000                g_pfnVectors
                0x08000188                        . = ALIGN (0x4)

.text           0x08000190     0xa51c
                0x08000190                        . = ALIGN (0x4)
 *(.text)
 .text          0x08000190       0x40 C:/ST/STM32CubeIDE_1.18.1/STM32CubeIDE/plugins/com.st.stm32cube.ide.mcu.externaltools.gnu-tools-for-stm32.13.3.rel1.win32_1.0.0.202411081344/tools/bin/../lib/gcc/arm-none-eabi/13.3.1/thumb/v7e-m+fp/hard/crtbegin.o
 .text          0x080001d0       0x10 C:/ST/STM32CubeIDE_1.18.1/STM32CubeIDE/plugins/com.st.stm32cube.ide.mcu.externaltools.gnu-tools-for-stm32.13.3.rel1.win32_1.0.0.202411081344/tools/bin/../lib/gcc/arm-none-eabi/13.3.1/../../../../arm-none-eabi/lib/thumb/v7e-m+fp/hard\libc_nano.a(libc_a-strlen.o)
                0x080001d0                strlen
 .text          0x080001e0       0xa0 C:/ST/STM32CubeIDE_1.18.1/STM32CubeIDE/plugins/com.st.stm32cube.ide.mcu.externaltools.gnu-tools-for-stm32.13.3.rel1.win32_1.0.0.202411081344/tools/bin/../lib/gcc/arm-none-eabi/13.3.1/../../../../arm-none-eabi/lib/thumb/v7e-m+fp/hard\libc_nano.a(libc_a-memchr.o)
                0x080001e0                memchr
 .text          0x08000280      0x378 C:/ST/STM32CubeIDE_1.18.1/STM32CubeIDE/plugins/com.st.stm32cube.ide.mcu.externaltools.gnu-tools-for-stm32.13.3.rel1.win32_1.0.0.202411081344/tools/bin/../lib/gcc/arm-none-eabi/13.3.1/thumb/v7e-m+fp/hard\libgcc.a(_arm_addsubdf3.o)
                0x08000280                __aeabi_drsub
                0x08000288                __aeabi_dsub
                0x08000288                __subdf3
                0x0800028c                __aeabi_dadd
                0x0800028c                __adddf3
                0x08000504                __floatunsidf
                0x08000504                __aeabi_ui2d
                0x08000524                __floatsidf
                0x08000524                __aeabi_i2d
                0x08000548                __aeabi_f2d
                0x08000548                __extendsfdf2
                0x0800058c                __floatundidf
                0x0800058c                __aeabi_ul2d
                0x0800059c                __floatdidf
                0x0800059c                __aeabi_l2d
 .text          0x080005f8      0x424 C:/ST/STM32CubeIDE_1.18.1/STM32CubeIDE/plugins/com.st.stm32cube.ide.mcu.externaltools.gnu-tools-for-stm32.13.3.rel1.win32_1.0.0.202411081344/tools/bin/../lib/gcc/arm-none-eabi/13.3.1/thumb/v7e-m+fp/hard\libgcc.a(_arm_muldivdf3.o)
                0x080005f8                __aeabi_dmul
                0x080005f8                __muldf3
                0x0800084c                __divdf3
                0x0800084c                __aeabi_ddiv
 .text          0x08000a1c       0x40 C:/ST/STM32CubeIDE_1.18.1/STM32CubeIDE/plugins/com.st.stm32cube.ide.mcu.externaltools.gnu-tools-for-stm32.13.3.rel1.win32_1.0.0.202411081344/tools/bin/../lib/gcc/arm-none-eabi/13.3.1/thumb/v7e-m+fp/hard\libgcc.a(_arm_fixunsdfsi.o)
                0x08000a1c                __aeabi_d2uiz
                0x08000a1c                __fixunsdfsi
 .text          0x08000a5c       0xa0 C:/ST/STM32CubeIDE_1.18.1/STM32CubeIDE/plugins/com.st.stm32cube.ide.mcu.externaltools.gnu-tools-for-stm32.13.3.rel1.win32_1.0.0.202411081344/tools/bin/../lib/gcc/arm-none-eabi/13.3.1/thumb/v7e-m+fp/hard\libgcc.a(_arm_truncdfsf2.o)
                0x08000a5c                __truncdfsf2
                0x08000a5c                __aeabi_d2f
 .text          0x08000afc       0x30 C:/ST/STM32CubeIDE_1.18.1/STM32CubeIDE/plugins/com.st.stm32cube.ide.mcu.externaltools.gnu-tools-for-stm32.13.3.rel1.win32_1.0.0.202411081344/tools/bin/../lib/gcc/arm-none-eabi/13.3.1/thumb/v7e-m+fp/hard\libgcc.a(_aeabi_uldivmod.o)
                0x08000afc                __aeabi_uldivmod
 .text          0x08000b2c      0x2f8 C:/ST/STM32CubeIDE_1.18.1/STM32CubeIDE/plugins/com.st.stm32cube.ide.mcu.externaltools.gnu-tools-for-stm32.13.3.rel1.win32_1.0.0.202411081344/tools/bin/../lib/gcc/arm-none-eabi/13.3.1/thumb/v7e-m+fp/hard\libgcc.a(_udivmoddi4.o)
                0x08000b2c                __udivmoddi4
 .text          0x08000e24        0x4 C:/ST/STM32CubeIDE_1.18.1/STM32CubeIDE/plugins/com.st.stm32cube.ide.mcu.externaltools.gnu-tools-for-stm32.13.3.rel1.win32_1.0.0.202411081344/tools/bin/../lib/gcc/arm-none-eabi/13.3.1/thumb/v7e-m+fp/hard\libgcc.a(_dvmd_tls.o)
                0x08000e24                __aeabi_idiv0
                0x08000e24                __aeabi_ldiv0
 *(.text*)
 .text.__io_putchar
                0x08000e28       0x24 ./Core/Src/main.o
                0x08000e28                __io_putchar
 .text.display_string_printf
                0x08000e4c       0xa8 ./Core/Src/main.o
                0x08000e4c                display_string_printf
 .text.vprint   0x08000ef4       0x68 ./Core/Src/main.o
                0x08000ef4                vprint
 .text.hal_mcu_trace_print
                0x08000f5c       0x2a ./Core/Src/main.o
                0x08000f5c                hal_mcu_trace_print
 *fill*         0x08000f86        0x2 
 .text.lr11xx_system_get_version_sp
                0x08000f88       0x88 ./Core/Src/main.o
                0x08000f88                lr11xx_system_get_version_sp
 .text.lr1121_get_version_raw
                0x08001010       0xa0 ./Core/Src/main.o
                0x08001010                lr1121_get_version_raw
 .text.lr1121_send_reset
                0x080010b0       0x58 ./Core/Src/main.o
                0x080010b0                lr1121_send_reset
 .text.main     0x08001108       0x44 ./Core/Src/main.o
                0x08001108                main
 .text.SystemClock_Config
                0x0800114c       0x8c ./Core/Src/main.o
                0x0800114c                SystemClock_Config
 .text.MX_SPI1_Init
                0x080011d8       0x7c ./Core/Src/main.o
 .text.MX_USART2_UART_Init
                0x08001254       0x60 ./Core/Src/main.o
 .text.MX_GPIO_Init
                0x080012b4      0x120 ./Core/Src/main.o
 .text.Error_Handler
                0x080013d4        0xc ./Core/Src/main.o
                0x080013d4                Error_Handler
 .text.HAL_MspInit
                0x080013e0       0x48 ./Core/Src/stm32l4xx_hal_msp.o
                0x080013e0                HAL_MspInit
 .text.HAL_SPI_MspInit
                0x08001428       0x84 ./Core/Src/stm32l4xx_hal_msp.o
                0x08001428                HAL_SPI_MspInit
 .text.HAL_UART_MspInit
                0x080014ac       0xb8 ./Core/Src/stm32l4xx_hal_msp.o
                0x080014ac                HAL_UART_MspInit
 .text.NMI_Handler
                0x08001564        0x8 ./Core/Src/stm32l4xx_it.o
                0x08001564                NMI_Handler
 .text.HardFault_Handler
                0x0800156c        0x8 ./Core/Src/stm32l4xx_it.o
                0x0800156c                HardFault_Handler
 .text.MemManage_Handler
                0x08001574        0x8 ./Core/Src/stm32l4xx_it.o
                0x08001574                MemManage_Handler
 .text.BusFault_Handler
                0x0800157c        0x8 ./Core/Src/stm32l4xx_it.o
                0x0800157c                BusFault_Handler
 .text.UsageFault_Handler
                0x08001584        0x8 ./Core/Src/stm32l4xx_it.o
                0x08001584                UsageFault_Handler
 .text.SVC_Handler
                0x0800158c        0xe ./Core/Src/stm32l4xx_it.o
                0x0800158c                SVC_Handler
 .text.DebugMon_Handler
                0x0800159a        0xe ./Core/Src/stm32l4xx_it.o
                0x0800159a                DebugMon_Handler
 .text.PendSV_Handler
                0x080015a8        0xe ./Core/Src/stm32l4xx_it.o
                0x080015a8                PendSV_Handler
 .text.SysTick_Handler
                0x080015b6        0xc ./Core/Src/stm32l4xx_it.o
                0x080015b6                SysTick_Handler
 .text._read    0x080015c2       0x3a ./Core/Src/syscalls.o
                0x080015c2                _read
 .text._write   0x080015fc       0x38 ./Core/Src/syscalls.o
                0x080015fc                _write
 .text._close   0x08001634       0x18 ./Core/Src/syscalls.o
                0x08001634                _close
 .text._fstat   0x0800164c       0x20 ./Core/Src/syscalls.o
                0x0800164c                _fstat
 .text._isatty  0x0800166c       0x16 ./Core/Src/syscalls.o
                0x0800166c                _isatty
 .text._lseek   0x08001682       0x1a ./Core/Src/syscalls.o
                0x08001682                _lseek
 .text._sbrk    0x0800169c       0x6c ./Core/Src/sysmem.o
                0x0800169c                _sbrk
 .text.SystemInit
                0x08001708       0x24 ./Core/Src/system_stm32l4xx.o
                0x08001708                SystemInit
 .text.Reset_Handler
                0x0800172c       0x50 ./Core/Startup/startup_stm32l476rgtx.o
                0x0800172c                Reset_Handler
 .text.Default_Handler
                0x0800177c        0x2 ./Core/Startup/startup_stm32l476rgtx.o
                0x0800177c                RTC_Alarm_IRQHandler
                0x0800177c                EXTI2_IRQHandler
                0x0800177c                TIM8_TRG_COM_IRQHandler
                0x0800177c                TIM8_CC_IRQHandler
                0x0800177c                TIM1_CC_IRQHandler
                0x0800177c                TSC_IRQHandler
                0x0800177c                TAMP_STAMP_IRQHandler
                0x0800177c                EXTI3_IRQHandler
                0x0800177c                LPTIM2_IRQHandler
                0x0800177c                DFSDM1_FLT1_IRQHandler
                0x0800177c                I2C3_ER_IRQHandler
                0x0800177c                DFSDM1_FLT2_IRQHandler
                0x0800177c                EXTI0_IRQHandler
                0x0800177c                I2C2_EV_IRQHandler
                0x0800177c                CAN1_RX0_IRQHandler
                0x0800177c                FPU_IRQHandler
                0x0800177c                TIM1_UP_TIM16_IRQHandler
                0x0800177c                ADC1_2_IRQHandler
                0x0800177c                SPI1_IRQHandler
                0x0800177c                TIM6_DAC_IRQHandler
                0x0800177c                TIM8_UP_IRQHandler
                0x0800177c                DMA2_Channel2_IRQHandler
                0x0800177c                DMA1_Channel4_IRQHandler
                0x0800177c                SAI2_IRQHandler
                0x0800177c                DFSDM1_FLT3_IRQHandler
                0x0800177c                USART3_IRQHandler
                0x0800177c                DMA1_Channel7_IRQHandler
                0x0800177c                CAN1_RX1_IRQHandler
                0x0800177c                LCD_IRQHandler
                0x0800177c                UART5_IRQHandler
                0x0800177c                ADC3_IRQHandler
                0x0800177c                TIM4_IRQHandler
                0x0800177c                DMA2_Channel1_IRQHandler
                0x0800177c                QUADSPI_IRQHandler
                0x0800177c                I2C1_EV_IRQHandler
                0x0800177c                DMA1_Channel6_IRQHandler
                0x0800177c                UART4_IRQHandler
                0x0800177c                DMA2_Channel4_IRQHandler
                0x0800177c                TIM3_IRQHandler
                0x0800177c                RCC_IRQHandler
                0x0800177c                DMA1_Channel1_IRQHandler
                0x0800177c                Default_Handler
                0x0800177c                DMA2_Channel7_IRQHandler
                0x0800177c                EXTI15_10_IRQHandler
                0x0800177c                TIM7_IRQHandler
                0x0800177c                SDMMC1_IRQHandler
                0x0800177c                TIM5_IRQHandler
                0x0800177c                I2C3_EV_IRQHandler
                0x0800177c                EXTI9_5_IRQHandler
                0x0800177c                RTC_WKUP_IRQHandler
                0x0800177c                PVD_PVM_IRQHandler
                0x0800177c                SPI2_IRQHandler
                0x0800177c                CAN1_TX_IRQHandler
                0x0800177c                DMA2_Channel5_IRQHandler
                0x0800177c                DMA1_Channel5_IRQHandler
                0x0800177c                EXTI4_IRQHandler
                0x0800177c                RNG_IRQHandler
                0x0800177c                TIM1_TRG_COM_TIM17_IRQHandler
                0x0800177c                DMA1_Channel3_IRQHandler
                0x0800177c                COMP_IRQHandler
                0x0800177c                WWDG_IRQHandler
                0x0800177c                LPUART1_IRQHandler
                0x0800177c                DMA2_Channel6_IRQHandler
                0x0800177c                TIM2_IRQHandler
                0x0800177c                EXTI1_IRQHandler
                0x0800177c                USART2_IRQHandler
                0x0800177c                DFSDM1_FLT0_IRQHandler
                0x0800177c                I2C2_ER_IRQHandler
                0x0800177c                DMA1_Channel2_IRQHandler
                0x0800177c                TIM8_BRK_IRQHandler
                0x0800177c                CAN1_SCE_IRQHandler
                0x0800177c                FLASH_IRQHandler
                0x0800177c                USART1_IRQHandler
                0x0800177c                OTG_FS_IRQHandler
                0x0800177c                SPI3_IRQHandler
                0x0800177c                I2C1_ER_IRQHandler
                0x0800177c                FMC_IRQHandler
                0x0800177c                SWPMI1_IRQHandler
                0x0800177c                LPTIM1_IRQHandler
                0x0800177c                SAI1_IRQHandler
                0x0800177c                DMA2_Channel3_IRQHandler
                0x0800177c                TIM1_BRK_TIM15_IRQHandler
 .text.HAL_Init
                0x0800177e       0x30 ./Drivers/STM32L4xx_HAL_Driver/Src/stm32l4xx_hal.o
                0x0800177e                HAL_Init
 *fill*         0x080017ae        0x2 
 .text.HAL_InitTick
                0x080017b0       0x78 ./Drivers/STM32L4xx_HAL_Driver/Src/stm32l4xx_hal.o
                0x080017b0                HAL_InitTick
 .text.HAL_IncTick
                0x08001828       0x28 ./Drivers/STM32L4xx_HAL_Driver/Src/stm32l4xx_hal.o
                0x08001828                HAL_IncTick
 .text.HAL_GetTick
                0x08001850       0x18 ./Drivers/STM32L4xx_HAL_Driver/Src/stm32l4xx_hal.o
                0x08001850                HAL_GetTick
 .text.HAL_Delay
                0x08001868       0x48 ./Drivers/STM32L4xx_HAL_Driver/Src/stm32l4xx_hal.o
                0x08001868                HAL_Delay
 .text.__NVIC_SetPriorityGrouping
                0x080018b0       0x48 ./Drivers/STM32L4xx_HAL_Driver/Src/stm32l4xx_hal_cortex.o
 .text.__NVIC_GetPriorityGrouping
                0x080018f8       0x1c ./Drivers/STM32L4xx_HAL_Driver/Src/stm32l4xx_hal_cortex.o
 .text.__NVIC_SetPriority
                0x08001914       0x54 ./Drivers/STM32L4xx_HAL_Driver/Src/stm32l4xx_hal_cortex.o
 .text.NVIC_EncodePriority
                0x08001968       0x66 ./Drivers/STM32L4xx_HAL_Driver/Src/stm32l4xx_hal_cortex.o
 *fill*         0x080019ce        0x2 
 .text.SysTick_Config
                0x080019d0       0x44 ./Drivers/STM32L4xx_HAL_Driver/Src/stm32l4xx_hal_cortex.o
 .text.HAL_NVIC_SetPriorityGrouping
                0x08001a14       0x16 ./Drivers/STM32L4xx_HAL_Driver/Src/stm32l4xx_hal_cortex.o
                0x08001a14                HAL_NVIC_SetPriorityGrouping
 .text.HAL_NVIC_SetPriority
                0x08001a2a       0x38 ./Drivers/STM32L4xx_HAL_Driver/Src/stm32l4xx_hal_cortex.o
                0x08001a2a                HAL_NVIC_SetPriority
 .text.HAL_SYSTICK_Config
                0x08001a62       0x18 ./Drivers/STM32L4xx_HAL_Driver/Src/stm32l4xx_hal_cortex.o
                0x08001a62                HAL_SYSTICK_Config
 *fill*         0x08001a7a        0x2 
 .text.HAL_GPIO_Init
                0x08001a7c      0x354 ./Drivers/STM32L4xx_HAL_Driver/Src/stm32l4xx_hal_gpio.o
                0x08001a7c                HAL_GPIO_Init
 .text.HAL_GPIO_ReadPin
                0x08001dd0       0x30 ./Drivers/STM32L4xx_HAL_Driver/Src/stm32l4xx_hal_gpio.o
                0x08001dd0                HAL_GPIO_ReadPin
 .text.HAL_GPIO_WritePin
                0x08001e00       0x30 ./Drivers/STM32L4xx_HAL_Driver/Src/stm32l4xx_hal_gpio.o
                0x08001e00                HAL_GPIO_WritePin
 .text.HAL_PWREx_GetVoltageRange
                0x08001e30       0x1c ./Drivers/STM32L4xx_HAL_Driver/Src/stm32l4xx_hal_pwr_ex.o
                0x08001e30                HAL_PWREx_GetVoltageRange
 .text.HAL_PWREx_ControlVoltageScaling
                0x08001e4c       0xac ./Drivers/STM32L4xx_HAL_Driver/Src/stm32l4xx_hal_pwr_ex.o
                0x08001e4c                HAL_PWREx_ControlVoltageScaling
 .text.HAL_RCC_OscConfig
                0x08001ef8      0x7b8 ./Drivers/STM32L4xx_HAL_Driver/Src/stm32l4xx_hal_rcc.o
                0x08001ef8                HAL_RCC_OscConfig
 .text.HAL_RCC_ClockConfig
                0x080026b0      0x200 ./Drivers/STM32L4xx_HAL_Driver/Src/stm32l4xx_hal_rcc.o
                0x080026b0                HAL_RCC_ClockConfig
 .text.HAL_RCC_GetSysClockFreq
                0x080028b0      0x118 ./Drivers/STM32L4xx_HAL_Driver/Src/stm32l4xx_hal_rcc.o
                0x080028b0                HAL_RCC_GetSysClockFreq
 .text.HAL_RCC_GetHCLKFreq
                0x080029c8       0x18 ./Drivers/STM32L4xx_HAL_Driver/Src/stm32l4xx_hal_rcc.o
                0x080029c8                HAL_RCC_GetHCLKFreq
 .text.HAL_RCC_GetPCLK1Freq
                0x080029e0       0x2c ./Drivers/STM32L4xx_HAL_Driver/Src/stm32l4xx_hal_rcc.o
                0x080029e0                HAL_RCC_GetPCLK1Freq
 .text.HAL_RCC_GetPCLK2Freq
                0x08002a0c       0x2c ./Drivers/STM32L4xx_HAL_Driver/Src/stm32l4xx_hal_rcc.o
                0x08002a0c                HAL_RCC_GetPCLK2Freq
 .text.RCC_SetFlashLatencyFromMSIRange
                0x08002a38       0xc0 ./Drivers/STM32L4xx_HAL_Driver/Src/stm32l4xx_hal_rcc.o
 .text.HAL_RCCEx_PeriphCLKConfig
                0x08002af8      0x5d4 ./Drivers/STM32L4xx_HAL_Driver/Src/stm32l4xx_hal_rcc_ex.o
                0x08002af8                HAL_RCCEx_PeriphCLKConfig
 .text.RCCEx_PLLSAI1_Config
                0x080030cc      0x1e8 ./Drivers/STM32L4xx_HAL_Driver/Src/stm32l4xx_hal_rcc_ex.o
 .text.RCCEx_PLLSAI2_Config
                0x080032b4      0x1bc ./Drivers/STM32L4xx_HAL_Driver/Src/stm32l4xx_hal_rcc_ex.o
 .text.HAL_SPI_Init
                0x08003470      0x146 ./Drivers/STM32L4xx_HAL_Driver/Src/stm32l4xx_hal_spi.o
                0x08003470                HAL_SPI_Init
 .text.HAL_SPI_Transmit
                0x080035b6      0x2ec ./Drivers/STM32L4xx_HAL_Driver/Src/stm32l4xx_hal_spi.o
                0x080035b6                HAL_SPI_Transmit
 .text.HAL_SPI_Receive
                0x080038a2      0x270 ./Drivers/STM32L4xx_HAL_Driver/Src/stm32l4xx_hal_spi.o
                0x080038a2                HAL_SPI_Receive
 .text.HAL_SPI_TransmitReceive
                0x08003b12      0x43e ./Drivers/STM32L4xx_HAL_Driver/Src/stm32l4xx_hal_spi.o
                0x08003b12                HAL_SPI_TransmitReceive
 .text.SPI_WaitFlagStateUntilTimeout
                0x08003f50      0x110 ./Drivers/STM32L4xx_HAL_Driver/Src/stm32l4xx_hal_spi.o
 .text.SPI_WaitFifoStateUntilTimeout
                0x08004060      0x12c ./Drivers/STM32L4xx_HAL_Driver/Src/stm32l4xx_hal_spi.o
 .text.SPI_EndRxTransaction
                0x0800418c       0xb0 ./Drivers/STM32L4xx_HAL_Driver/Src/stm32l4xx_hal_spi.o
 .text.SPI_EndRxTxTransaction
                0x0800423c       0x8c ./Drivers/STM32L4xx_HAL_Driver/Src/stm32l4xx_hal_spi.o
 .text.HAL_UART_Init
                0x080042c8       0x9c ./Drivers/STM32L4xx_HAL_Driver/Src/stm32l4xx_hal_uart.o
                0x080042c8                HAL_UART_Init
 .text.HAL_UART_Transmit
                0x08004364      0x112 ./Drivers/STM32L4xx_HAL_Driver/Src/stm32l4xx_hal_uart.o
                0x08004364                HAL_UART_Transmit
 *fill*         0x08004476        0x2 
 .text.UART_SetConfig
                0x08004478      0x570 ./Drivers/STM32L4xx_HAL_Driver/Src/stm32l4xx_hal_uart.o
                0x08004478                UART_SetConfig
 .text.UART_AdvFeatureConfig
                0x080049e8      0x144 ./Drivers/STM32L4xx_HAL_Driver/Src/stm32l4xx_hal_uart.o
                0x080049e8                UART_AdvFeatureConfig
 .text.UART_CheckIdleState
                0x08004b2c      0x150 ./Drivers/STM32L4xx_HAL_Driver/Src/stm32l4xx_hal_uart.o
                0x08004b2c                UART_CheckIdleState
 .text.UART_WaitOnFlagUntilTimeout
                0x08004c7c       0xda ./Drivers/STM32L4xx_HAL_Driver/Src/stm32l4xx_hal_uart.o
                0x08004c7c                UART_WaitOnFlagUntilTimeout
 .text.UART_EndRxTransfer
                0x08004d56       0xc8 ./Drivers/STM32L4xx_HAL_Driver/Src/stm32l4xx_hal_uart.o
 .text.lr11xx_radio_get_rx_buffer_status
                0x08004e1e       0x48 ./Drivers/lr1121_modem_driver/lr11xx_radio.o
                0x08004e1e                lr11xx_radio_get_rx_buffer_status
 .text.lr11xx_radio_get_lora_pkt_status
                0x08004e66       0x74 ./Drivers/lr1121_modem_driver/lr11xx_radio.o
                0x08004e66                lr11xx_radio_get_lora_pkt_status
 .text.lr11xx_radio_set_lora_sync_word
                0x08004eda       0x34 ./Drivers/lr1121_modem_driver/lr11xx_radio.o
                0x08004eda                lr11xx_radio_set_lora_sync_word
 .text.lr11xx_radio_set_rx
                0x08004f0e       0x24 ./Drivers/lr1121_modem_driver/lr11xx_radio.o
                0x08004f0e                lr11xx_radio_set_rx
 .text.lr11xx_radio_set_rx_with_timeout_in_rtc_step
                0x08004f32       0x1e ./Drivers/lr1121_modem_driver/lr11xx_radio.o
                0x08004f32                lr11xx_radio_set_rx_with_timeout_in_rtc_step
 .text.lr11xx_radio_set_rx_with_timeout_in_rtc_step_and_lna_mode
                0x08004f50       0x8c ./Drivers/lr1121_modem_driver/lr11xx_radio.o
                0x08004f50                lr11xx_radio_set_rx_with_timeout_in_rtc_step_and_lna_mode
 .text.lr11xx_radio_set_tx
                0x08004fdc       0x24 ./Drivers/lr1121_modem_driver/lr11xx_radio.o
                0x08004fdc                lr11xx_radio_set_tx
 .text.lr11xx_radio_set_tx_with_timeout_in_rtc_step
                0x08005000       0x64 ./Drivers/lr1121_modem_driver/lr11xx_radio.o
                0x08005000                lr11xx_radio_set_tx_with_timeout_in_rtc_step
 .text.lr11xx_radio_set_rf_freq
                0x08005064       0x4c ./Drivers/lr1121_modem_driver/lr11xx_radio.o
                0x08005064                lr11xx_radio_set_rf_freq
 .text.lr11xx_radio_set_pkt_type
                0x080050b0       0x34 ./Drivers/lr1121_modem_driver/lr11xx_radio.o
                0x080050b0                lr11xx_radio_set_pkt_type
 .text.lr11xx_radio_set_lora_mod_params
                0x080050e4       0x46 ./Drivers/lr1121_modem_driver/lr11xx_radio.o
                0x080050e4                lr11xx_radio_set_lora_mod_params
 .text.lr11xx_radio_set_lora_pkt_params
                0x0800512a       0x5a ./Drivers/lr1121_modem_driver/lr11xx_radio.o
                0x0800512a                lr11xx_radio_set_lora_pkt_params
 .text.lr11xx_radio_set_tx_params
                0x08005184       0x3c ./Drivers/lr1121_modem_driver/lr11xx_radio.o
                0x08005184                lr11xx_radio_set_tx_params
 .text.lr11xx_radio_set_rx_tx_fallback_mode
                0x080051c0       0x34 ./Drivers/lr1121_modem_driver/lr11xx_radio.o
                0x080051c0                lr11xx_radio_set_rx_tx_fallback_mode
 .text.lr11xx_radio_set_pa_cfg
                0x080051f4       0x46 ./Drivers/lr1121_modem_driver/lr11xx_radio.o
                0x080051f4                lr11xx_radio_set_pa_cfg
 .text.lr11xx_radio_cfg_rx_boosted
                0x0800523a       0x34 ./Drivers/lr1121_modem_driver/lr11xx_radio.o
                0x0800523a                lr11xx_radio_cfg_rx_boosted
 .text.lr11xx_radio_set_rssi_calibration
                0x0800526e      0x112 ./Drivers/lr1121_modem_driver/lr11xx_radio.o
                0x0800526e                lr11xx_radio_set_rssi_calibration
 .text.lr11xx_radio_get_lora_time_on_air_numerator
                0x08005380      0x208 ./Drivers/lr1121_modem_driver/lr11xx_radio.o
                0x08005380                lr11xx_radio_get_lora_time_on_air_numerator
 .text.lr11xx_radio_get_lora_bw_in_hz
                0x08005588       0xd4 ./Drivers/lr1121_modem_driver/lr11xx_radio.o
                0x08005588                lr11xx_radio_get_lora_bw_in_hz
 .text.lr11xx_radio_get_lora_time_on_air_in_ms
                0x0800565c       0x40 ./Drivers/lr1121_modem_driver/lr11xx_radio.o
                0x0800565c                lr11xx_radio_get_lora_time_on_air_in_ms
 .text.lr11xx_radio_convert_time_in_ms_to_rtc_step
                0x0800569c       0x24 ./Drivers/lr1121_modem_driver/lr11xx_radio.o
                0x0800569c                lr11xx_radio_convert_time_in_ms_to_rtc_step
 .text.lr11xx_radio_apply_high_acp_workaround
                0x080056c0       0x24 ./Drivers/lr1121_modem_driver/lr11xx_radio.o
                0x080056c0                lr11xx_radio_apply_high_acp_workaround
 .text.lr11xx_radio_set_lna_mode
                0x080056e4       0x28 ./Drivers/lr1121_modem_driver/lr11xx_radio.o
                0x080056e4                lr11xx_radio_set_lna_mode
 .text.lr11xx_system_get_irq_status
                0x0800570c       0x20 ./Drivers/lr1121_modem_driver/lr11xx_system.o
 .text.lr11xx_system_reset
                0x0800572c       0x18 ./Drivers/lr1121_modem_driver/lr11xx_system.o
                0x0800572c                lr11xx_system_reset
 .text.lr11xx_system_get_status
                0x08005744       0x1c ./Drivers/lr1121_modem_driver/lr11xx_system.o
                0x08005744                lr11xx_system_get_status
 .text.lr11xx_system_get_errors
                0x08005760       0x4c ./Drivers/lr1121_modem_driver/lr11xx_system.o
                0x08005760                lr11xx_system_get_errors
 .text.lr11xx_system_clear_errors
                0x080057ac       0x2a ./Drivers/lr1121_modem_driver/lr11xx_system.o
                0x080057ac                lr11xx_system_clear_errors
 .text.lr11xx_system_calibrate
                0x080057d6       0x34 ./Drivers/lr1121_modem_driver/lr11xx_system.o
                0x080057d6                lr11xx_system_calibrate
 .text.lr11xx_system_set_reg_mode
                0x0800580a       0x34 ./Drivers/lr1121_modem_driver/lr11xx_system.o
                0x0800580a                lr11xx_system_set_reg_mode
 .text.lr11xx_system_set_dio_as_rf_switch
                0x0800583e       0x5e ./Drivers/lr1121_modem_driver/lr11xx_system.o
                0x0800583e                lr11xx_system_set_dio_as_rf_switch
 .text.lr11xx_system_set_dio_irq_params
                0x0800589c       0x6c ./Drivers/lr1121_modem_driver/lr11xx_system.o
                0x0800589c                lr11xx_system_set_dio_irq_params
 .text.lr11xx_system_clear_irq_status
                0x08005908       0x4c ./Drivers/lr1121_modem_driver/lr11xx_system.o
                0x08005908                lr11xx_system_clear_irq_status
 .text.lr11xx_system_get_and_clear_irq_status
                0x08005954       0x54 ./Drivers/lr1121_modem_driver/lr11xx_system.o
                0x08005954                lr11xx_system_get_and_clear_irq_status
 .text.lr11xx_system_cfg_lfclk
                0x080059a8       0x48 ./Drivers/lr1121_modem_driver/lr11xx_system.o
                0x080059a8                lr11xx_system_cfg_lfclk
 .text.lr11xx_system_set_tcxo_mode
                0x080059f0       0x4c ./Drivers/lr1121_modem_driver/lr11xx_system.o
                0x080059f0                lr11xx_system_set_tcxo_mode
 .text.lr11xx_system_set_standby
                0x08005a3c       0x34 ./Drivers/lr1121_modem_driver/lr11xx_system.o
                0x08005a3c                lr11xx_system_set_standby
 .text.lr11xx_hal_write
                0x08005a70       0x84 ./Drivers/lr11xx_hal.o
                0x08005a70                lr11xx_hal_write
 .text.lr11xx_hal_read
                0x08005af4       0xac ./Drivers/lr11xx_hal.o
                0x08005af4                lr11xx_hal_read
 .text.lr11xx_hal_reset
                0x08005ba0       0x44 ./Drivers/lr11xx_hal.o
                0x08005ba0                lr11xx_hal_reset
 .text.smtc_hal_mcu_gpio_set_state
                0x08005be4       0x4c ./Drivers/lr11xx_hal.o
                0x08005be4                smtc_hal_mcu_gpio_set_state
 .text.smtc_hal_mcu_gpio_get_state
                0x08005c30       0x18 ./Drivers/lr11xx_hal.o
                0x08005c30                smtc_hal_mcu_gpio_get_state
 .text.lr11xx_system_get_version
                0x08005c48       0x58 ./Drivers/lr11xx_hal.o
                0x08005c48                lr11xx_system_get_version
 .text.common_version_print
                0x08005ca0       0x1c ./lr11xx_ranging_demo/common/src/common_version.o
                0x08005ca0                common_version_print
 .text.smtc_shield_pinout_mapping_get_gpio_cfg
                0x08005cbc       0x24 ./lr11xx_ranging_demo/common/src/smtc_shield_pinout_mapping.o
                0x08005cbc                smtc_shield_pinout_mapping_get_gpio_cfg
 .text.smtc_shield_lr1121mb1dis_get_pa_pwr_cfg
                0x08005ce0       0xb8 ./lr11xx_ranging_demo/libs/smtc-shields/lr11xx/src/smtc_shield_lr1121mb1dis.o
                0x08005ce0                smtc_shield_lr1121mb1dis_get_pa_pwr_cfg
 .text.smtc_shield_lr1121mb1dis_get_rssi_calibration_table
                0x08005d98       0x18 ./lr11xx_ranging_demo/libs/smtc-shields/lr11xx/src/smtc_shield_lr1121mb1dis.o
                0x08005d98                smtc_shield_lr1121mb1dis_get_rssi_calibration_table
 .text.smtc_shield_lr1121mb1dis_get_rf_switch_cfg
                0x08005db0        0xe ./lr11xx_ranging_demo/libs/smtc-shields/lr11xx/src/smtc_shield_lr1121mb1dis.o
                0x08005db0                smtc_shield_lr1121mb1dis_get_rf_switch_cfg
 .text.smtc_shield_lr1121mb1dis_get_reg_mode
                0x08005dbe        0xe ./lr11xx_ranging_demo/libs/smtc-shields/lr11xx/src/smtc_shield_lr1121mb1dis.o
                0x08005dbe                smtc_shield_lr1121mb1dis_get_reg_mode
 .text.smtc_shield_lr1121mb1dis_get_xosc_cfg
                0x08005dcc        0xe ./lr11xx_ranging_demo/libs/smtc-shields/lr11xx/src/smtc_shield_lr1121mb1dis.o
                0x08005dcc                smtc_shield_lr1121mb1dis_get_xosc_cfg
 .text.smtc_shield_lr1121mb1dis_get_lfclk_cfg
                0x08005dda        0xe ./lr11xx_ranging_demo/libs/smtc-shields/lr11xx/src/smtc_shield_lr1121mb1dis.o
                0x08005dda                smtc_shield_lr1121mb1dis_get_lfclk_cfg
 .text.smtc_shield_lr1121mb1dis_get_pinout
                0x08005de8        0xe ./lr11xx_ranging_demo/libs/smtc-shields/lr11xx/src/smtc_shield_lr1121mb1dis.o
                0x08005de8                smtc_shield_lr1121mb1dis_get_pinout
 *fill*         0x08005df6        0x2 
 .text.smtc_shield_lr11x1_common_get_xosc_cfg
                0x08005df8       0x14 ./lr11xx_ranging_demo/libs/smtc-shields/lr11xx/src/smtc_shield_lr11x1_common.o
                0x08005df8                smtc_shield_lr11x1_common_get_xosc_cfg
 .text.smtc_shield_lr11x1_common_rttof_recommended_rx_tx_delay_indicator
                0x08005e0c       0x20 ./lr11xx_ranging_demo/libs/smtc-shields/lr11xx/src/smtc_shield_lr11x1_common.o
                0x08005e0c                smtc_shield_lr11x1_common_rttof_recommended_rx_tx_delay_indicator
 .text.smtc_shield_lr11xx_get_rssi_calibration_table
                0x08005e2c       0x4c ./lr11xx_ranging_demo/libs/smtc-shields/lr11xx/src/smtc_shield_lr11xx_common.o
                0x08005e2c                smtc_shield_lr11xx_get_rssi_calibration_table
 .text.smtc_shield_lr11xx_common_get_rf_switch_cfg
                0x08005e78       0x14 ./lr11xx_ranging_demo/libs/smtc-shields/lr11xx/src/smtc_shield_lr11xx_common.o
                0x08005e78                smtc_shield_lr11xx_common_get_rf_switch_cfg
 .text.smtc_shield_lr11xx_common_get_reg_mode
                0x08005e8c       0x10 ./lr11xx_ranging_demo/libs/smtc-shields/lr11xx/src/smtc_shield_lr11xx_common.o
                0x08005e8c                smtc_shield_lr11xx_common_get_reg_mode
 .text.smtc_shield_lr11xx_common_get_lfclk_cfg
                0x08005e9c       0x14 ./lr11xx_ranging_demo/libs/smtc-shields/lr11xx/src/smtc_shield_lr11xx_common.o
                0x08005e9c                smtc_shield_lr11xx_common_get_lfclk_cfg
 .text.smtc_shield_lr11xx_common_get_pinout
                0x08005eb0       0x14 ./lr11xx_ranging_demo/libs/smtc-shields/lr11xx/src/smtc_shield_lr11xx_common.o
                0x08005eb0                smtc_shield_lr11xx_common_get_pinout
 .text.main_ranging_demo
                0x08005ec4      0x190 ./lr11xx_ranging_demo/lr11xx/apps/ranging_demo/main_ranging_demo.o
                0x08005ec4                main_ranging_demo
 .text.on_tx_done
                0x08006054        0xe ./lr11xx_ranging_demo/lr11xx/apps/ranging_demo/main_ranging_demo.o
                0x08006054                on_tx_done
 .text.on_rx_done
                0x08006062        0xe ./lr11xx_ranging_demo/lr11xx/apps/ranging_demo/main_ranging_demo.o
                0x08006062                on_rx_done
 .text.on_rx_timeout
                0x08006070       0x18 ./lr11xx_ranging_demo/lr11xx/apps/ranging_demo/main_ranging_demo.o
                0x08006070                on_rx_timeout
 .text.on_header_error
                0x08006088       0x18 ./lr11xx_ranging_demo/lr11xx/apps/ranging_demo/main_ranging_demo.o
                0x08006088                on_header_error
 .text.on_rx_crc_error
                0x080060a0       0x18 ./lr11xx_ranging_demo/lr11xx/apps/ranging_demo/main_ranging_demo.o
                0x080060a0                on_rx_crc_error
 .text.on_rttof_timeout
                0x080060b8        0xe ./lr11xx_ranging_demo/lr11xx/apps/ranging_demo/main_ranging_demo.o
                0x080060b8                on_rttof_timeout
 .text.on_rttof_exchange_valid
                0x080060c6        0xe ./lr11xx_ranging_demo/lr11xx/apps/ranging_demo/main_ranging_demo.o
                0x080060c6                on_rttof_exchange_valid
 .text.on_rttof_request_discarded
                0x080060d4        0xe ./lr11xx_ranging_demo/lr11xx/apps/ranging_demo/main_ranging_demo.o
                0x080060d4                on_rttof_request_discarded
 .text.on_rttof_request_valid
                0x080060e2        0xe ./lr11xx_ranging_demo/lr11xx/apps/ranging_demo/main_ranging_demo.o
                0x080060e2                on_rttof_request_valid
 .text.on_rttof_response_done
                0x080060f0        0xe ./lr11xx_ranging_demo/lr11xx/apps/ranging_demo/main_ranging_demo.o
                0x080060f0                on_rttof_response_done
 *fill*         0x080060fe        0x2 
 .text.app_pathloss_exponent_cal
                0x08006100      0x114 ./lr11xx_ranging_demo/lr11xx/apps/ranging_demo/ranging_hopping_frequency/app_pathloss.o
                0x08006100                app_pathloss_exponent_cal
 .text.apps_common_compute_lora_ldro
                0x08006214       0xd0 ./lr11xx_ranging_demo/lr11xx/apps/ranging_demo/ranging_hopping_frequency/app_ranging_hopping.o
 .text.lr11xx_rttof_rssi_raw_to_value
                0x080062e4       0x24 ./lr11xx_ranging_demo/lr11xx/apps/ranging_demo/ranging_hopping_frequency/app_ranging_hopping.o
 .text.app_radio_ranging_params_init
                0x08006308      0x138 ./lr11xx_ranging_demo/lr11xx/apps/ranging_demo/ranging_hopping_frequency/app_ranging_hopping.o
                0x08006308                app_radio_ranging_params_init
 .text.app_radio_ranging_setup
                0x08006440       0xa4 ./lr11xx_ranging_demo/lr11xx/apps/ranging_demo/ranging_hopping_frequency/app_ranging_hopping.o
                0x08006440                app_radio_ranging_setup
 .text.app_radio_ranging_run
                0x080064e4      0x62c ./lr11xx_ranging_demo/lr11xx/apps/ranging_demo/ranging_hopping_frequency/app_ranging_hopping.o
                0x080064e4                app_radio_ranging_run
 .text.app_ranging_get_result
                0x08006b10       0x64 ./lr11xx_ranging_demo/lr11xx/apps/ranging_demo/ranging_hopping_frequency/app_ranging_hopping.o
                0x08006b10                app_ranging_get_result
 .text.app_ranging_get_radio_settings
                0x08006b74       0x14 ./lr11xx_ranging_demo/lr11xx/apps/ranging_demo/ranging_hopping_frequency/app_ranging_hopping.o
                0x08006b74                app_ranging_get_radio_settings
 .text.app_ranging_params_reset
                0x08006b88       0x54 ./lr11xx_ranging_demo/lr11xx/apps/ranging_demo/ranging_hopping_frequency/app_ranging_hopping.o
                0x08006b88                app_ranging_params_reset
 .text.get_ranging_hopping_channels
                0x08006bdc       0x2c ./lr11xx_ranging_demo/lr11xx/apps/ranging_demo/ranging_hopping_frequency/app_ranging_hopping.o
                0x08006bdc                get_ranging_hopping_channels
 .text.set_ranging_process_state
                0x08006c08       0x20 ./lr11xx_ranging_demo/lr11xx/apps/ranging_demo/ranging_hopping_frequency/app_ranging_hopping.o
                0x08006c08                set_ranging_process_state
 .text.ranging_process_is_running
                0x08006c28       0x20 ./lr11xx_ranging_demo/lr11xx/apps/ranging_demo/ranging_hopping_frequency/app_ranging_hopping.o
                0x08006c28                ranging_process_is_running
 .text.get_ranging_result
                0x08006c48       0x90 ./lr11xx_ranging_demo/lr11xx/apps/ranging_demo/ranging_hopping_frequency/app_ranging_hopping.o
 .text.ranging_handle_distance_result
                0x08006cd8      0x1f4 ./lr11xx_ranging_demo/lr11xx/apps/ranging_demo/ranging_hopping_frequency/app_ranging_hopping.o
 .text.get_single_symbol_time_ms
                0x08006ecc       0x94 ./lr11xx_ranging_demo/lr11xx/apps/ranging_demo/ranging_hopping_frequency/app_ranging_hopping.o
 .text.app_ranging_radio_settings_output
                0x08006f60       0x6c ./lr11xx_ranging_demo/lr11xx/apps/ranging_demo/ranging_hopping_frequency/app_ranging_result_output.o
                0x08006f60                app_ranging_radio_settings_output
 .text.app_ranging_results_output
                0x08006fcc      0x2a0 ./lr11xx_ranging_demo/lr11xx/apps/ranging_demo/ranging_hopping_frequency/app_ranging_result_output.o
                0x08006fcc                app_ranging_results_output
 .text.__NVIC_SetPriority
                0x0800726c       0x54 ./lr11xx_ranging_demo/lr11xx/apps/ranging_demo/ranging_hopping_frequency/app_software_timer.o
 .text.SysTick_Config
                0x080072c0       0x44 ./lr11xx_ranging_demo/lr11xx/apps/ranging_demo/ranging_hopping_frequency/app_software_timer.o
 .text.app_system_ticks_init
                0x08007304       0x24 ./lr11xx_ranging_demo/lr11xx/apps/ranging_demo/ranging_hopping_frequency/app_software_timer.o
                0x08007304                app_system_ticks_init
 .text.app_soft_timer_init
                0x08007328       0x22 ./lr11xx_ranging_demo/lr11xx/apps/ranging_demo/ranging_hopping_frequency/app_software_timer.o
                0x08007328                app_soft_timer_init
 *fill*         0x0800734a        0x2 
 .text.app_soft_timer_start
                0x0800734c       0x38 ./lr11xx_ranging_demo/lr11xx/apps/ranging_demo/ranging_hopping_frequency/app_software_timer.o
                0x0800734c                app_soft_timer_start
 .text.app_soft_timer_stop
                0x08007384       0x1a ./lr11xx_ranging_demo/lr11xx/apps/ranging_demo/ranging_hopping_frequency/app_software_timer.o
                0x08007384                app_soft_timer_stop
 *fill*         0x0800739e        0x2 
 .text.app_soft_timer_is_expired
                0x080073a0       0x64 ./lr11xx_ranging_demo/lr11xx/apps/ranging_demo/ranging_hopping_frequency/app_software_timer.o
                0x080073a0                app_soft_timer_is_expired
 .text.app_system_tick_get_ms
                0x08007404       0x18 ./lr11xx_ranging_demo/lr11xx/apps/ranging_demo/ranging_hopping_frequency/app_software_timer.o
                0x08007404                app_system_tick_get_ms
 .text.LL_GPIO_SetPinMode
                0x0800741c       0x7a ./lr11xx_ranging_demo/lr11xx/common/apps_common.o
 .text.LL_GPIO_SetPinOutputType
                0x08007496       0x30 ./lr11xx_ranging_demo/lr11xx/common/apps_common.o
 .text.LL_GPIO_SetPinSpeed
                0x080074c6       0x7a ./lr11xx_ranging_demo/lr11xx/common/apps_common.o
 .text.LL_GPIO_SetPinPull
                0x08007540       0x7a ./lr11xx_ranging_demo/lr11xx/common/apps_common.o
 .text.LL_GPIO_SetAFPin_0_7
                0x080075ba       0x7a ./lr11xx_ranging_demo/lr11xx/common/apps_common.o
 .text.LL_GPIO_SetAFPin_8_15
                0x08007634       0x7e ./lr11xx_ranging_demo/lr11xx/common/apps_common.o
 .text.smtc_shield_lr11xx_get_pa_pwr_cfg
                0x080076b2       0x26 ./lr11xx_ranging_demo/lr11xx/common/apps_common.o
 .text.smtc_shield_lr11xx_get_rssi_calibration_table
                0x080076d8       0x1c ./lr11xx_ranging_demo/lr11xx/common/apps_common.o
 .text.smtc_shield_lr11xx_get_rf_switch_cfg
                0x080076f4       0x18 ./lr11xx_ranging_demo/lr11xx/common/apps_common.o
 .text.smtc_shield_lr11xx_get_reg_mode
                0x0800770c       0x18 ./lr11xx_ranging_demo/lr11xx/common/apps_common.o
 .text.smtc_shield_lr11xx_get_xosc_cfg
                0x08007724       0x18 ./lr11xx_ranging_demo/lr11xx/common/apps_common.o
 .text.smtc_shield_lr11xx_get_lfclk_cfg
                0x0800773c       0x18 ./lr11xx_ranging_demo/lr11xx/common/apps_common.o
 .text.smtc_shield_lr11xx_get_pinout
                0x08007754       0x18 ./lr11xx_ranging_demo/lr11xx/common/apps_common.o
 .text.smtc_shield_lr11xx_get_rttof_recommended_rx_tx_delay_indicator
                0x0800776c       0x2e ./lr11xx_ranging_demo/lr11xx/common/apps_common.o
 *fill*         0x0800779a        0x2 
 .text.smtc_hal_mcu_gpio_stm32l4_get_free_slot
                0x0800779c       0x54 ./lr11xx_ranging_demo/lr11xx/common/apps_common.o
 .text.LL_AHB2_GRP1_EnableClock
                0x080077f0       0x30 ./lr11xx_ranging_demo/lr11xx/common/apps_common.o
 .text.smtc_hal_mcu_gpio_stm32l4_enable_clock
                0x08007820       0xb4 ./lr11xx_ranging_demo/lr11xx/common/apps_common.o
 .text.smtc_hal_mcu_gpio_stm32l4_is_configured
                0x080078d4       0x78 ./lr11xx_ranging_demo/lr11xx/common/apps_common.o
 .text.LL_GPIO_Init
                0x0800794c       0xdc ./lr11xx_ranging_demo/lr11xx/common/apps_common.o
                0x0800794c                LL_GPIO_Init
 .text.smtc_hal_mcu_gpio_init_output
                0x08007a28       0xd8 ./lr11xx_ranging_demo/lr11xx/common/apps_common.o
                0x08007a28                smtc_hal_mcu_gpio_init_output
 .text.apps_common_lr11xx_get_context
                0x08007b00       0x14 ./lr11xx_ranging_demo/lr11xx/common/apps_common.o
                0x08007b00                apps_common_lr11xx_get_context
 .text.apps_common_shield_init
                0x08007b14      0x124 ./lr11xx_ranging_demo/lr11xx/common/apps_common.o
                0x08007b14                apps_common_shield_init
 .text.apps_common_lr11xx_system_init
                0x08007c38      0x2d8 ./lr11xx_ranging_demo/lr11xx/common/apps_common.o
                0x08007c38                apps_common_lr11xx_system_init
 .text.apps_common_lr11xx_fetch_and_print_version
                0x08007f10       0x26 ./lr11xx_ranging_demo/lr11xx/common/apps_common.o
                0x08007f10                apps_common_lr11xx_fetch_and_print_version
 *fill*         0x08007f36        0x2 
 .text.apps_common_lr11xx_fetch_version
                0x08007f38       0x6c ./lr11xx_ranging_demo/lr11xx/common/apps_common.o
                0x08007f38                apps_common_lr11xx_fetch_version
 .text.apps_common_lr11xx_print_version
                0x08007fa4      0x108 ./lr11xx_ranging_demo/lr11xx/common/apps_common.o
                0x08007fa4                apps_common_lr11xx_print_version
 .text.apps_common_print_sdk_driver_version
                0x080080ac       0x1c ./lr11xx_ranging_demo/lr11xx/common/apps_common.o
                0x080080ac                apps_common_print_sdk_driver_version
 .text.apps_common_lr11xx_radio_ranging_init
                0x080080c8       0xcc ./lr11xx_ranging_demo/lr11xx/common/apps_common.o
                0x080080c8                apps_common_lr11xx_radio_ranging_init
 .text.apps_common_lr11xx_print_ranging_configuration
                0x08008194       0x10 ./lr11xx_ranging_demo/lr11xx/common/apps_common.o
                0x08008194                apps_common_lr11xx_print_ranging_configuration
 .text.apps_common_lr11xx_get_ranging_rx_tx_delay
                0x080081a4       0x34 ./lr11xx_ranging_demo/lr11xx/common/apps_common.o
                0x080081a4                apps_common_lr11xx_get_ranging_rx_tx_delay
 .text.apps_common_lr11xx_irq_process
                0x080081d8      0x3c4 ./lr11xx_ranging_demo/lr11xx/common/apps_common.o
                0x080081d8                apps_common_lr11xx_irq_process
 .text.apps_common_lr11xx_ranging_tx_leds
                0x0800859c       0x40 ./lr11xx_ranging_demo/lr11xx/common/apps_common.o
                0x0800859c                apps_common_lr11xx_ranging_tx_leds
 .text.apps_common_lr11xx_ranging_rx_leds
                0x080085dc       0x40 ./lr11xx_ranging_demo/lr11xx/common/apps_common.o
                0x080085dc                apps_common_lr11xx_ranging_rx_leds
 .text.apps_common_lr11xx_ranging_toggle_tx_rx_leds
                0x0800861c       0x8c ./lr11xx_ranging_demo/lr11xx/common/apps_common.o
                0x0800861c                apps_common_lr11xx_ranging_toggle_tx_rx_leds
 .text.print_common_configuration
                0x080086a8       0x58 ./lr11xx_ranging_demo/lr11xx/common/apps_common.o
                0x080086a8                print_common_configuration
 .text.print_lora_configuration
                0x08008700       0xd4 ./lr11xx_ranging_demo/lr11xx/common/apps_common.o
                0x08008700                print_lora_configuration
 .text.print_driver_version
                0x080087d4       0x1c ./lr11xx_ranging_demo/lr11xx/common/apps_common.o
 .text.on_preamble_detected
                0x080087f0       0x30 ./lr11xx_ranging_demo/lr11xx/common/apps_common.o
                0x080087f0                on_preamble_detected
 .text.on_syncword_header_valid
                0x08008820       0x30 ./lr11xx_ranging_demo/lr11xx/common/apps_common.o
                0x08008820                on_syncword_header_valid
 .text.on_fsk_len_error
                0x08008850       0x30 ./lr11xx_ranging_demo/lr11xx/common/apps_common.o
                0x08008850                on_fsk_len_error
 .text.on_cad_done_undetected
                0x08008880       0x30 ./lr11xx_ranging_demo/lr11xx/common/apps_common.o
                0x08008880                on_cad_done_undetected
 .text.on_cad_done_detected
                0x080088b0       0x30 ./lr11xx_ranging_demo/lr11xx/common/apps_common.o
                0x080088b0                on_cad_done_detected
 .text.on_lora_rx_timestamp
                0x080088e0       0x30 ./lr11xx_ranging_demo/lr11xx/common/apps_common.o
                0x080088e0                on_lora_rx_timestamp
 .text.on_wifi_scan_done
                0x08008910       0x30 ./lr11xx_ranging_demo/lr11xx/common/apps_common.o
                0x08008910                on_wifi_scan_done
 .text.on_gnss_scan_done
                0x08008940       0x30 ./lr11xx_ranging_demo/lr11xx/common/apps_common.o
                0x08008940                on_gnss_scan_done
 .text.lr11xx_radio_fallback_modes_to_str
                0x08008970       0x48 ./lr11xx_ranging_demo/lr11xx/common/printers/lr11xx_radio_types_str.o
                0x08008970                lr11xx_radio_fallback_modes_to_str
 .text.lr11xx_radio_lora_sf_to_str
                0x080089b8       0x8c ./lr11xx_ranging_demo/lr11xx/common/printers/lr11xx_radio_types_str.o
                0x080089b8                lr11xx_radio_lora_sf_to_str
 .text.lr11xx_radio_lora_bw_to_str
                0x08008a44       0xc8 ./lr11xx_ranging_demo/lr11xx/common/printers/lr11xx_radio_types_str.o
                0x08008a44                lr11xx_radio_lora_bw_to_str
 .text.lr11xx_radio_lora_cr_to_str
                0x08008b0c       0x8c ./lr11xx_ranging_demo/lr11xx/common/printers/lr11xx_radio_types_str.o
                0x08008b0c                lr11xx_radio_lora_cr_to_str
 .text.lr11xx_radio_lora_crc_to_str
                0x08008b98       0x38 ./lr11xx_ranging_demo/lr11xx/common/printers/lr11xx_radio_types_str.o
                0x08008b98                lr11xx_radio_lora_crc_to_str
 .text.lr11xx_radio_lora_pkt_len_modes_to_str
                0x08008bd0       0x38 ./lr11xx_ranging_demo/lr11xx/common/printers/lr11xx_radio_types_str.o
                0x08008bd0                lr11xx_radio_lora_pkt_len_modes_to_str
 .text.lr11xx_radio_lora_iq_to_str
                0x08008c08       0x38 ./lr11xx_ranging_demo/lr11xx/common/printers/lr11xx_radio_types_str.o
                0x08008c08                lr11xx_radio_lora_iq_to_str
 .text.lr11xx_driver_version_get_version_string
                0x08008c40       0x14 ./lr11xx_ranging_demo/lr11xx/lr11xx_driver/src/lr11xx_driver_version.o
                0x08008c40                lr11xx_driver_version_get_version_string
 .text.lr11xx_regmem_write_buffer8
                0x08008c54       0x32 ./lr11xx_ranging_demo/lr11xx/lr11xx_driver/src/lr11xx_regmem.o
                0x08008c54                lr11xx_regmem_write_buffer8
 .text.lr11xx_regmem_read_buffer8
                0x08008c86       0x44 ./lr11xx_ranging_demo/lr11xx/lr11xx_driver/src/lr11xx_regmem.o
                0x08008c86                lr11xx_regmem_read_buffer8
 .text.lr11xx_regmem_write_regmem32_mask
                0x08008cca       0x76 ./lr11xx_ranging_demo/lr11xx/lr11xx_driver/src/lr11xx_regmem.o
                0x08008cca                lr11xx_regmem_write_regmem32_mask
 .text.lr11xx_regmem_fill_cbuffer_opcode_address
                0x08008d40       0x5e ./lr11xx_ranging_demo/lr11xx/lr11xx_driver/src/lr11xx_regmem.o
 .text.lr11xx_rttof_set_address
                0x08008d9e       0x54 ./lr11xx_ranging_demo/lr11xx/lr11xx_driver/src/lr11xx_rttof.o
                0x08008d9e                lr11xx_rttof_set_address
 .text.lr11xx_rttof_set_request_address
                0x08008df2       0x4c ./lr11xx_ranging_demo/lr11xx/lr11xx_driver/src/lr11xx_rttof.o
                0x08008df2                lr11xx_rttof_set_request_address
 .text.lr11xx_rttof_set_rx_tx_delay_indicator
                0x08008e3e       0x4c ./lr11xx_ranging_demo/lr11xx/lr11xx_driver/src/lr11xx_rttof.o
                0x08008e3e                lr11xx_rttof_set_rx_tx_delay_indicator
 .text.lr11xx_rttof_set_parameters
                0x08008e8a       0x38 ./lr11xx_ranging_demo/lr11xx/lr11xx_driver/src/lr11xx_rttof.o
                0x08008e8a                lr11xx_rttof_set_parameters
 .text.lr11xx_rttof_get_raw_result
                0x08008ec2       0x36 ./lr11xx_ranging_demo/lr11xx/lr11xx_driver/src/lr11xx_rttof.o
                0x08008ec2                lr11xx_rttof_get_raw_result
 .text.lr11xx_rttof_distance_raw_to_meter
                0x08008ef8       0xa6 ./lr11xx_ranging_demo/lr11xx/lr11xx_driver/src/lr11xx_rttof.o
                0x08008ef8                lr11xx_rttof_distance_raw_to_meter
 *fill*         0x08008f9e        0x2 
 .text.log10f   0x08008fa0       0x5c C:/ST/STM32CubeIDE_1.18.1/STM32CubeIDE/plugins/com.st.stm32cube.ide.mcu.externaltools.gnu-tools-for-stm32.13.3.rel1.win32_1.0.0.202411081344/tools/bin/../lib/gcc/arm-none-eabi/13.3.1/../../../../arm-none-eabi/lib/thumb/v7e-m+fp/hard\libm.a(libm_a-wf_log10.o)
                0x08008fa0                log10f
 .text.nanf     0x08008ffc        0xc C:/ST/STM32CubeIDE_1.18.1/STM32CubeIDE/plugins/com.st.stm32cube.ide.mcu.externaltools.gnu-tools-for-stm32.13.3.rel1.win32_1.0.0.202411081344/tools/bin/../lib/gcc/arm-none-eabi/13.3.1/../../../../arm-none-eabi/lib/thumb/v7e-m+fp/hard\libm.a(libm_a-sf_nan.o)
                0x08008ffc                nanf
 .text.__ieee754_log10f
                0x08009008       0xb0 C:/ST/STM32CubeIDE_1.18.1/STM32CubeIDE/plugins/com.st.stm32cube.ide.mcu.externaltools.gnu-tools-for-stm32.13.3.rel1.win32_1.0.0.202411081344/tools/bin/../lib/gcc/arm-none-eabi/13.3.1/../../../../arm-none-eabi/lib/thumb/v7e-m+fp/hard\libm.a(libm_a-ef_log10.o)
                0x08009008                __ieee754_log10f
 .text.__ieee754_logf
                0x080090b8      0x1e4 C:/ST/STM32CubeIDE_1.18.1/STM32CubeIDE/plugins/com.st.stm32cube.ide.mcu.externaltools.gnu-tools-for-stm32.13.3.rel1.win32_1.0.0.202411081344/tools/bin/../lib/gcc/arm-none-eabi/13.3.1/../../../../arm-none-eabi/lib/thumb/v7e-m+fp/hard\libm.a(libm_a-ef_log.o)
                0x080090b8                __ieee754_logf
 .text.std      0x0800929c       0x6c C:/ST/STM32CubeIDE_1.18.1/STM32CubeIDE/plugins/com.st.stm32cube.ide.mcu.externaltools.gnu-tools-for-stm32.13.3.rel1.win32_1.0.0.202411081344/tools/bin/../lib/gcc/arm-none-eabi/13.3.1/../../../../arm-none-eabi/lib/thumb/v7e-m+fp/hard\libc_nano.a(libc_a-findfp.o)
 .text.stdio_exit_handler
                0x08009308       0x18 C:/ST/STM32CubeIDE_1.18.1/STM32CubeIDE/plugins/com.st.stm32cube.ide.mcu.externaltools.gnu-tools-for-stm32.13.3.rel1.win32_1.0.0.202411081344/tools/bin/../lib/gcc/arm-none-eabi/13.3.1/../../../../arm-none-eabi/lib/thumb/v7e-m+fp/hard\libc_nano.a(libc_a-findfp.o)
 .text.cleanup_stdio
                0x08009320       0x40 C:/ST/STM32CubeIDE_1.18.1/STM32CubeIDE/plugins/com.st.stm32cube.ide.mcu.externaltools.gnu-tools-for-stm32.13.3.rel1.win32_1.0.0.202411081344/tools/bin/../lib/gcc/arm-none-eabi/13.3.1/../../../../arm-none-eabi/lib/thumb/v7e-m+fp/hard\libc_nano.a(libc_a-findfp.o)
 .text.global_stdio_init.part.0
                0x08009360       0x3c C:/ST/STM32CubeIDE_1.18.1/STM32CubeIDE/plugins/com.st.stm32cube.ide.mcu.externaltools.gnu-tools-for-stm32.13.3.rel1.win32_1.0.0.202411081344/tools/bin/../lib/gcc/arm-none-eabi/13.3.1/../../../../arm-none-eabi/lib/thumb/v7e-m+fp/hard\libc_nano.a(libc_a-findfp.o)
 .text.__sfp_lock_acquire
                0x0800939c        0xc C:/ST/STM32CubeIDE_1.18.1/STM32CubeIDE/plugins/com.st.stm32cube.ide.mcu.externaltools.gnu-tools-for-stm32.13.3.rel1.win32_1.0.0.202411081344/tools/bin/../lib/gcc/arm-none-eabi/13.3.1/../../../../arm-none-eabi/lib/thumb/v7e-m+fp/hard\libc_nano.a(libc_a-findfp.o)
                0x0800939c                __sfp_lock_acquire
 .text.__sfp_lock_release
                0x080093a8        0xc C:/ST/STM32CubeIDE_1.18.1/STM32CubeIDE/plugins/com.st.stm32cube.ide.mcu.externaltools.gnu-tools-for-stm32.13.3.rel1.win32_1.0.0.202411081344/tools/bin/../lib/gcc/arm-none-eabi/13.3.1/../../../../arm-none-eabi/lib/thumb/v7e-m+fp/hard\libc_nano.a(libc_a-findfp.o)
                0x080093a8                __sfp_lock_release
 .text.__sinit  0x080093b4       0x30 C:/ST/STM32CubeIDE_1.18.1/STM32CubeIDE/plugins/com.st.stm32cube.ide.mcu.externaltools.gnu-tools-for-stm32.13.3.rel1.win32_1.0.0.202411081344/tools/bin/../lib/gcc/arm-none-eabi/13.3.1/../../../../arm-none-eabi/lib/thumb/v7e-m+fp/hard\libc_nano.a(libc_a-findfp.o)
                0x080093b4                __sinit
 .text._fwalk_sglue
                0x080093e4       0x3c C:/ST/STM32CubeIDE_1.18.1/STM32CubeIDE/plugins/com.st.stm32cube.ide.mcu.externaltools.gnu-tools-for-stm32.13.3.rel1.win32_1.0.0.202411081344/tools/bin/../lib/gcc/arm-none-eabi/13.3.1/../../../../arm-none-eabi/lib/thumb/v7e-m+fp/hard\libc_nano.a(libc_a-fwalk.o)
                0x080093e4                _fwalk_sglue
 .text.printf   0x08009420       0x24 C:/ST/STM32CubeIDE_1.18.1/STM32CubeIDE/plugins/com.st.stm32cube.ide.mcu.externaltools.gnu-tools-for-stm32.13.3.rel1.win32_1.0.0.202411081344/tools/bin/../lib/gcc/arm-none-eabi/13.3.1/../../../../arm-none-eabi/lib/thumb/v7e-m+fp/hard\libc_nano.a(libc_a-printf.o)
                0x08009420                iprintf
                0x08009420                printf
 .text.putchar  0x08009444       0x10 C:/ST/STM32CubeIDE_1.18.1/STM32CubeIDE/plugins/com.st.stm32cube.ide.mcu.externaltools.gnu-tools-for-stm32.13.3.rel1.win32_1.0.0.202411081344/tools/bin/../lib/gcc/arm-none-eabi/13.3.1/../../../../arm-none-eabi/lib/thumb/v7e-m+fp/hard\libc_nano.a(libc_a-putchar.o)
                0x08009444                putchar
 .text._puts_r  0x08009454       0xaa C:/ST/STM32CubeIDE_1.18.1/STM32CubeIDE/plugins/com.st.stm32cube.ide.mcu.externaltools.gnu-tools-for-stm32.13.3.rel1.win32_1.0.0.202411081344/tools/bin/../lib/gcc/arm-none-eabi/13.3.1/../../../../arm-none-eabi/lib/thumb/v7e-m+fp/hard\libc_nano.a(libc_a-puts.o)
                0x08009454                _puts_r
 *fill*         0x080094fe        0x2 
 .text.puts     0x08009500       0x10 C:/ST/STM32CubeIDE_1.18.1/STM32CubeIDE/plugins/com.st.stm32cube.ide.mcu.externaltools.gnu-tools-for-stm32.13.3.rel1.win32_1.0.0.202411081344/tools/bin/../lib/gcc/arm-none-eabi/13.3.1/../../../../arm-none-eabi/lib/thumb/v7e-m+fp/hard\libc_nano.a(libc_a-puts.o)
                0x08009500                puts
 .text.sprintf  0x08009510       0x44 C:/ST/STM32CubeIDE_1.18.1/STM32CubeIDE/plugins/com.st.stm32cube.ide.mcu.externaltools.gnu-tools-for-stm32.13.3.rel1.win32_1.0.0.202411081344/tools/bin/../lib/gcc/arm-none-eabi/13.3.1/../../../../arm-none-eabi/lib/thumb/v7e-m+fp/hard\libc_nano.a(libc_a-sprintf.o)
                0x08009510                siprintf
                0x08009510                sprintf
 .text.__sread  0x08009554       0x22 C:/ST/STM32CubeIDE_1.18.1/STM32CubeIDE/plugins/com.st.stm32cube.ide.mcu.externaltools.gnu-tools-for-stm32.13.3.rel1.win32_1.0.0.202411081344/tools/bin/../lib/gcc/arm-none-eabi/13.3.1/../../../../arm-none-eabi/lib/thumb/v7e-m+fp/hard\libc_nano.a(libc_a-stdio.o)
                0x08009554                __sread
 .text.__swrite
                0x08009576       0x38 C:/ST/STM32CubeIDE_1.18.1/STM32CubeIDE/plugins/com.st.stm32cube.ide.mcu.externaltools.gnu-tools-for-stm32.13.3.rel1.win32_1.0.0.202411081344/tools/bin/../lib/gcc/arm-none-eabi/13.3.1/../../../../arm-none-eabi/lib/thumb/v7e-m+fp/hard\libc_nano.a(libc_a-stdio.o)
                0x08009576                __swrite
 .text.__sseek  0x080095ae       0x24 C:/ST/STM32CubeIDE_1.18.1/STM32CubeIDE/plugins/com.st.stm32cube.ide.mcu.externaltools.gnu-tools-for-stm32.13.3.rel1.win32_1.0.0.202411081344/tools/bin/../lib/gcc/arm-none-eabi/13.3.1/../../../../arm-none-eabi/lib/thumb/v7e-m+fp/hard\libc_nano.a(libc_a-stdio.o)
                0x080095ae                __sseek
 .text.__sclose
                0x080095d2        0x8 C:/ST/STM32CubeIDE_1.18.1/STM32CubeIDE/plugins/com.st.stm32cube.ide.mcu.externaltools.gnu-tools-for-stm32.13.3.rel1.win32_1.0.0.202411081344/tools/bin/../lib/gcc/arm-none-eabi/13.3.1/../../../../arm-none-eabi/lib/thumb/v7e-m+fp/hard\libc_nano.a(libc_a-stdio.o)
                0x080095d2                __sclose
 .text._vsnprintf_r
                0x080095da       0x5c C:/ST/STM32CubeIDE_1.18.1/STM32CubeIDE/plugins/com.st.stm32cube.ide.mcu.externaltools.gnu-tools-for-stm32.13.3.rel1.win32_1.0.0.202411081344/tools/bin/../lib/gcc/arm-none-eabi/13.3.1/../../../../arm-none-eabi/lib/thumb/v7e-m+fp/hard\libc_nano.a(libc_a-vsnprintf.o)
                0x080095da                _vsniprintf_r
                0x080095da                _vsnprintf_r
 *fill*         0x08009636        0x2 
 .text.vsnprintf
                0x08009638       0x1c C:/ST/STM32CubeIDE_1.18.1/STM32CubeIDE/plugins/com.st.stm32cube.ide.mcu.externaltools.gnu-tools-for-stm32.13.3.rel1.win32_1.0.0.202411081344/tools/bin/../lib/gcc/arm-none-eabi/13.3.1/../../../../arm-none-eabi/lib/thumb/v7e-m+fp/hard\libc_nano.a(libc_a-vsnprintf.o)
                0x08009638                vsniprintf
                0x08009638                vsnprintf
 .text._vsprintf_r
                0x08009654       0x2c C:/ST/STM32CubeIDE_1.18.1/STM32CubeIDE/plugins/com.st.stm32cube.ide.mcu.externaltools.gnu-tools-for-stm32.13.3.rel1.win32_1.0.0.202411081344/tools/bin/../lib/gcc/arm-none-eabi/13.3.1/../../../../arm-none-eabi/lib/thumb/v7e-m+fp/hard\libc_nano.a(libc_a-vsprintf.o)
                0x08009654                _vsprintf_r
                0x08009654                _vsiprintf_r
 .text.vsprintf
                0x08009680       0x14 C:/ST/STM32CubeIDE_1.18.1/STM32CubeIDE/plugins/com.st.stm32cube.ide.mcu.externaltools.gnu-tools-for-stm32.13.3.rel1.win32_1.0.0.202411081344/tools/bin/../lib/gcc/arm-none-eabi/13.3.1/../../../../arm-none-eabi/lib/thumb/v7e-m+fp/hard\libc_nano.a(libc_a-vsprintf.o)
                0x08009680                vsiprintf
                0x08009680                vsprintf
 .text.__swbuf_r
                0x08009694       0x7c C:/ST/STM32CubeIDE_1.18.1/STM32CubeIDE/plugins/com.st.stm32cube.ide.mcu.externaltools.gnu-tools-for-stm32.13.3.rel1.win32_1.0.0.202411081344/tools/bin/../lib/gcc/arm-none-eabi/13.3.1/../../../../arm-none-eabi/lib/thumb/v7e-m+fp/hard\libc_nano.a(libc_a-wbuf.o)
                0x08009694                __swbuf_r
 .text.__swsetup_r
                0x08009710       0xac C:/ST/STM32CubeIDE_1.18.1/STM32CubeIDE/plugins/com.st.stm32cube.ide.mcu.externaltools.gnu-tools-for-stm32.13.3.rel1.win32_1.0.0.202411081344/tools/bin/../lib/gcc/arm-none-eabi/13.3.1/../../../../arm-none-eabi/lib/thumb/v7e-m+fp/hard\libc_nano.a(libc_a-wsetup.o)
                0x08009710                __swsetup_r
 .text.memset   0x080097bc       0x10 C:/ST/STM32CubeIDE_1.18.1/STM32CubeIDE/plugins/com.st.stm32cube.ide.mcu.externaltools.gnu-tools-for-stm32.13.3.rel1.win32_1.0.0.202411081344/tools/bin/../lib/gcc/arm-none-eabi/13.3.1/../../../../arm-none-eabi/lib/thumb/v7e-m+fp/hard\libc_nano.a(libc_a-memset.o)
                0x080097bc                memset
 .text._close_r
                0x080097cc       0x20 C:/ST/STM32CubeIDE_1.18.1/STM32CubeIDE/plugins/com.st.stm32cube.ide.mcu.externaltools.gnu-tools-for-stm32.13.3.rel1.win32_1.0.0.202411081344/tools/bin/../lib/gcc/arm-none-eabi/13.3.1/../../../../arm-none-eabi/lib/thumb/v7e-m+fp/hard\libc_nano.a(libc_a-closer.o)
                0x080097cc                _close_r
 .text._lseek_r
                0x080097ec       0x24 C:/ST/STM32CubeIDE_1.18.1/STM32CubeIDE/plugins/com.st.stm32cube.ide.mcu.externaltools.gnu-tools-for-stm32.13.3.rel1.win32_1.0.0.202411081344/tools/bin/../lib/gcc/arm-none-eabi/13.3.1/../../../../arm-none-eabi/lib/thumb/v7e-m+fp/hard\libc_nano.a(libc_a-lseekr.o)
                0x080097ec                _lseek_r
 .text._read_r  0x08009810       0x24 C:/ST/STM32CubeIDE_1.18.1/STM32CubeIDE/plugins/com.st.stm32cube.ide.mcu.externaltools.gnu-tools-for-stm32.13.3.rel1.win32_1.0.0.202411081344/tools/bin/../lib/gcc/arm-none-eabi/13.3.1/../../../../arm-none-eabi/lib/thumb/v7e-m+fp/hard\libc_nano.a(libc_a-readr.o)
                0x08009810                _read_r
 .text._write_r
                0x08009834       0x24 C:/ST/STM32CubeIDE_1.18.1/STM32CubeIDE/plugins/com.st.stm32cube.ide.mcu.externaltools.gnu-tools-for-stm32.13.3.rel1.win32_1.0.0.202411081344/tools/bin/../lib/gcc/arm-none-eabi/13.3.1/../../../../arm-none-eabi/lib/thumb/v7e-m+fp/hard\libc_nano.a(libc_a-writer.o)
                0x08009834                _write_r
 .text.__errno  0x08009858        0xc C:/ST/STM32CubeIDE_1.18.1/STM32CubeIDE/plugins/com.st.stm32cube.ide.mcu.externaltools.gnu-tools-for-stm32.13.3.rel1.win32_1.0.0.202411081344/tools/bin/../lib/gcc/arm-none-eabi/13.3.1/../../../../arm-none-eabi/lib/thumb/v7e-m+fp/hard\libc_nano.a(libc_a-errno.o)
                0x08009858                __errno
 .text.__libc_init_array
                0x08009864       0x48 C:/ST/STM32CubeIDE_1.18.1/STM32CubeIDE/plugins/com.st.stm32cube.ide.mcu.externaltools.gnu-tools-for-stm32.13.3.rel1.win32_1.0.0.202411081344/tools/bin/../lib/gcc/arm-none-eabi/13.3.1/../../../../arm-none-eabi/lib/thumb/v7e-m+fp/hard\libc_nano.a(libc_a-init.o)
                0x08009864                __libc_init_array
 .text.__retarget_lock_init_recursive
                0x080098ac        0x2 C:/ST/STM32CubeIDE_1.18.1/STM32CubeIDE/plugins/com.st.stm32cube.ide.mcu.externaltools.gnu-tools-for-stm32.13.3.rel1.win32_1.0.0.202411081344/tools/bin/../lib/gcc/arm-none-eabi/13.3.1/../../../../arm-none-eabi/lib/thumb/v7e-m+fp/hard\libc_nano.a(libc_a-lock.o)
                0x080098ac                __retarget_lock_init_recursive
 .text.__retarget_lock_acquire_recursive
                0x080098ae        0x2 C:/ST/STM32CubeIDE_1.18.1/STM32CubeIDE/plugins/com.st.stm32cube.ide.mcu.externaltools.gnu-tools-for-stm32.13.3.rel1.win32_1.0.0.202411081344/tools/bin/../lib/gcc/arm-none-eabi/13.3.1/../../../../arm-none-eabi/lib/thumb/v7e-m+fp/hard\libc_nano.a(libc_a-lock.o)
                0x080098ae                __retarget_lock_acquire_recursive
 .text.__retarget_lock_release_recursive
                0x080098b0        0x2 C:/ST/STM32CubeIDE_1.18.1/STM32CubeIDE/plugins/com.st.stm32cube.ide.mcu.externaltools.gnu-tools-for-stm32.13.3.rel1.win32_1.0.0.202411081344/tools/bin/../lib/gcc/arm-none-eabi/13.3.1/../../../../arm-none-eabi/lib/thumb/v7e-m+fp/hard\libc_nano.a(libc_a-lock.o)
                0x080098b0                __retarget_lock_release_recursive
 *fill*         0x080098b2        0x2 
 .text._free_r  0x080098b4       0x94 C:/ST/STM32CubeIDE_1.18.1/STM32CubeIDE/plugins/com.st.stm32cube.ide.mcu.externaltools.gnu-tools-for-stm32.13.3.rel1.win32_1.0.0.202411081344/tools/bin/../lib/gcc/arm-none-eabi/13.3.1/../../../../arm-none-eabi/lib/thumb/v7e-m+fp/hard\libc_nano.a(libc_a-freer.o)
                0x080098b4                _free_r
 .text.sbrk_aligned
                0x08009948       0x44 C:/ST/STM32CubeIDE_1.18.1/STM32CubeIDE/plugins/com.st.stm32cube.ide.mcu.externaltools.gnu-tools-for-stm32.13.3.rel1.win32_1.0.0.202411081344/tools/bin/../lib/gcc/arm-none-eabi/13.3.1/../../../../arm-none-eabi/lib/thumb/v7e-m+fp/hard\libc_nano.a(libc_a-mallocr.o)
 .text._malloc_r
                0x0800998c      0x100 C:/ST/STM32CubeIDE_1.18.1/STM32CubeIDE/plugins/com.st.stm32cube.ide.mcu.externaltools.gnu-tools-for-stm32.13.3.rel1.win32_1.0.0.202411081344/tools/bin/../lib/gcc/arm-none-eabi/13.3.1/../../../../arm-none-eabi/lib/thumb/v7e-m+fp/hard\libc_nano.a(libc_a-mallocr.o)
                0x0800998c                _malloc_r
 .text.__malloc_lock
                0x08009a8c        0xc C:/ST/STM32CubeIDE_1.18.1/STM32CubeIDE/plugins/com.st.stm32cube.ide.mcu.externaltools.gnu-tools-for-stm32.13.3.rel1.win32_1.0.0.202411081344/tools/bin/../lib/gcc/arm-none-eabi/13.3.1/../../../../arm-none-eabi/lib/thumb/v7e-m+fp/hard\libc_nano.a(libc_a-mlock.o)
                0x08009a8c                __malloc_lock
 .text.__malloc_unlock
                0x08009a98        0xc C:/ST/STM32CubeIDE_1.18.1/STM32CubeIDE/plugins/com.st.stm32cube.ide.mcu.externaltools.gnu-tools-for-stm32.13.3.rel1.win32_1.0.0.202411081344/tools/bin/../lib/gcc/arm-none-eabi/13.3.1/../../../../arm-none-eabi/lib/thumb/v7e-m+fp/hard\libc_nano.a(libc_a-mlock.o)
                0x08009a98                __malloc_unlock
 .text.__ssputs_r
                0x08009aa4       0xb6 C:/ST/STM32CubeIDE_1.18.1/STM32CubeIDE/plugins/com.st.stm32cube.ide.mcu.externaltools.gnu-tools-for-stm32.13.3.rel1.win32_1.0.0.202411081344/tools/bin/../lib/gcc/arm-none-eabi/13.3.1/../../../../arm-none-eabi/lib/thumb/v7e-m+fp/hard\libc_nano.a(libc_a-nano-svfprintf.o)
                0x08009aa4                __ssputs_r
 *fill*         0x08009b5a        0x2 
 .text._svfprintf_r
                0x08009b5c      0x1f8 C:/ST/STM32CubeIDE_1.18.1/STM32CubeIDE/plugins/com.st.stm32cube.ide.mcu.externaltools.gnu-tools-for-stm32.13.3.rel1.win32_1.0.0.202411081344/tools/bin/../lib/gcc/arm-none-eabi/13.3.1/../../../../arm-none-eabi/lib/thumb/v7e-m+fp/hard\libc_nano.a(libc_a-nano-svfprintf.o)
                0x08009b5c                _svfiprintf_r
                0x08009b5c                _svfprintf_r
 .text.__sfputc_r
                0x08009d54       0x2e C:/ST/STM32CubeIDE_1.18.1/STM32CubeIDE/plugins/com.st.stm32cube.ide.mcu.externaltools.gnu-tools-for-stm32.13.3.rel1.win32_1.0.0.202411081344/tools/bin/../lib/gcc/arm-none-eabi/13.3.1/../../../../arm-none-eabi/lib/thumb/v7e-m+fp/hard\libc_nano.a(libc_a-nano-vfprintf.o)
 .text.__sfputs_r
                0x08009d82       0x24 C:/ST/STM32CubeIDE_1.18.1/STM32CubeIDE/plugins/com.st.stm32cube.ide.mcu.externaltools.gnu-tools-for-stm32.13.3.rel1.win32_1.0.0.202411081344/tools/bin/../lib/gcc/arm-none-eabi/13.3.1/../../../../arm-none-eabi/lib/thumb/v7e-m+fp/hard\libc_nano.a(libc_a-nano-vfprintf.o)
                0x08009d82                __sfputs_r
 *fill*         0x08009da6        0x2 
 .text._vfprintf_r
                0x08009da8      0x230 C:/ST/STM32CubeIDE_1.18.1/STM32CubeIDE/plugins/com.st.stm32cube.ide.mcu.externaltools.gnu-tools-for-stm32.13.3.rel1.win32_1.0.0.202411081344/tools/bin/../lib/gcc/arm-none-eabi/13.3.1/../../../../arm-none-eabi/lib/thumb/v7e-m+fp/hard\libc_nano.a(libc_a-nano-vfprintf.o)
                0x08009da8                _vfprintf_r
                0x08009da8                _vfiprintf_r
 .text._printf_common
                0x08009fd8       0xda C:/ST/STM32CubeIDE_1.18.1/STM32CubeIDE/plugins/com.st.stm32cube.ide.mcu.externaltools.gnu-tools-for-stm32.13.3.rel1.win32_1.0.0.202411081344/tools/bin/../lib/gcc/arm-none-eabi/13.3.1/../../../../arm-none-eabi/lib/thumb/v7e-m+fp/hard\libc_nano.a(libc_a-nano-vfprintf_i.o)
                0x08009fd8                _printf_common
 *fill*         0x0800a0b2        0x2 
 .text._printf_i
                0x0800a0b4      0x23c C:/ST/STM32CubeIDE_1.18.1/STM32CubeIDE/plugins/com.st.stm32cube.ide.mcu.externaltools.gnu-tools-for-stm32.13.3.rel1.win32_1.0.0.202411081344/tools/bin/../lib/gcc/arm-none-eabi/13.3.1/../../../../arm-none-eabi/lib/thumb/v7e-m+fp/hard\libc_nano.a(libc_a-nano-vfprintf_i.o)
                0x0800a0b4                _printf_i
 .text.__sflush_r
                0x0800a2f0      0x108 C:/ST/STM32CubeIDE_1.18.1/STM32CubeIDE/plugins/com.st.stm32cube.ide.mcu.externaltools.gnu-tools-for-stm32.13.3.rel1.win32_1.0.0.202411081344/tools/bin/../lib/gcc/arm-none-eabi/13.3.1/../../../../arm-none-eabi/lib/thumb/v7e-m+fp/hard\libc_nano.a(libc_a-fflush.o)
                0x0800a2f0                __sflush_r
 .text._fflush_r
                0x0800a3f8       0x50 C:/ST/STM32CubeIDE_1.18.1/STM32CubeIDE/plugins/com.st.stm32cube.ide.mcu.externaltools.gnu-tools-for-stm32.13.3.rel1.win32_1.0.0.202411081344/tools/bin/../lib/gcc/arm-none-eabi/13.3.1/../../../../arm-none-eabi/lib/thumb/v7e-m+fp/hard\libc_nano.a(libc_a-fflush.o)
                0x0800a3f8                _fflush_r
 .text.__swhatbuf_r
                0x0800a448       0x4c C:/ST/STM32CubeIDE_1.18.1/STM32CubeIDE/plugins/com.st.stm32cube.ide.mcu.externaltools.gnu-tools-for-stm32.13.3.rel1.win32_1.0.0.202411081344/tools/bin/../lib/gcc/arm-none-eabi/13.3.1/../../../../arm-none-eabi/lib/thumb/v7e-m+fp/hard\libc_nano.a(libc_a-makebuf.o)
                0x0800a448                __swhatbuf_r
 .text.__smakebuf_r
                0x0800a494       0x78 C:/ST/STM32CubeIDE_1.18.1/STM32CubeIDE/plugins/com.st.stm32cube.ide.mcu.externaltools.gnu-tools-for-stm32.13.3.rel1.win32_1.0.0.202411081344/tools/bin/../lib/gcc/arm-none-eabi/13.3.1/../../../../arm-none-eabi/lib/thumb/v7e-m+fp/hard\libc_nano.a(libc_a-makebuf.o)
                0x0800a494                __smakebuf_r
 .text._putc_r  0x0800a50c       0x68 C:/ST/STM32CubeIDE_1.18.1/STM32CubeIDE/plugins/com.st.stm32cube.ide.mcu.externaltools.gnu-tools-for-stm32.13.3.rel1.win32_1.0.0.202411081344/tools/bin/../lib/gcc/arm-none-eabi/13.3.1/../../../../arm-none-eabi/lib/thumb/v7e-m+fp/hard\libc_nano.a(libc_a-putc.o)
                0x0800a50c                _putc_r
 .text.memmove  0x0800a574       0x34 C:/ST/STM32CubeIDE_1.18.1/STM32CubeIDE/plugins/com.st.stm32cube.ide.mcu.externaltools.gnu-tools-for-stm32.13.3.rel1.win32_1.0.0.202411081344/tools/bin/../lib/gcc/arm-none-eabi/13.3.1/../../../../arm-none-eabi/lib/thumb/v7e-m+fp/hard\libc_nano.a(libc_a-memmove.o)
                0x0800a574                memmove
 .text._fstat_r
                0x0800a5a8       0x24 C:/ST/STM32CubeIDE_1.18.1/STM32CubeIDE/plugins/com.st.stm32cube.ide.mcu.externaltools.gnu-tools-for-stm32.13.3.rel1.win32_1.0.0.202411081344/tools/bin/../lib/gcc/arm-none-eabi/13.3.1/../../../../arm-none-eabi/lib/thumb/v7e-m+fp/hard\libc_nano.a(libc_a-fstatr.o)
                0x0800a5a8                _fstat_r
 .text._isatty_r
                0x0800a5cc       0x20 C:/ST/STM32CubeIDE_1.18.1/STM32CubeIDE/plugins/com.st.stm32cube.ide.mcu.externaltools.gnu-tools-for-stm32.13.3.rel1.win32_1.0.0.202411081344/tools/bin/../lib/gcc/arm-none-eabi/13.3.1/../../../../arm-none-eabi/lib/thumb/v7e-m+fp/hard\libc_nano.a(libc_a-isattyr.o)
                0x0800a5cc                _isatty_r
 .text._sbrk_r  0x0800a5ec       0x20 C:/ST/STM32CubeIDE_1.18.1/STM32CubeIDE/plugins/com.st.stm32cube.ide.mcu.externaltools.gnu-tools-for-stm32.13.3.rel1.win32_1.0.0.202411081344/tools/bin/../lib/gcc/arm-none-eabi/13.3.1/../../../../arm-none-eabi/lib/thumb/v7e-m+fp/hard\libc_nano.a(libc_a-sbrkr.o)
                0x0800a5ec                _sbrk_r
 .text.memcpy   0x0800a60c       0x1c C:/ST/STM32CubeIDE_1.18.1/STM32CubeIDE/plugins/com.st.stm32cube.ide.mcu.externaltools.gnu-tools-for-stm32.13.3.rel1.win32_1.0.0.202411081344/tools/bin/../lib/gcc/arm-none-eabi/13.3.1/../../../../arm-none-eabi/lib/thumb/v7e-m+fp/hard\libc_nano.a(libc_a-memcpy-stub.o)
                0x0800a60c                memcpy
 .text._realloc_r
                0x0800a628       0x5c C:/ST/STM32CubeIDE_1.18.1/STM32CubeIDE/plugins/com.st.stm32cube.ide.mcu.externaltools.gnu-tools-for-stm32.13.3.rel1.win32_1.0.0.202411081344/tools/bin/../lib/gcc/arm-none-eabi/13.3.1/../../../../arm-none-eabi/lib/thumb/v7e-m+fp/hard\libc_nano.a(libc_a-reallocr.o)
                0x0800a628                _realloc_r
 .text._malloc_usable_size_r
                0x0800a684       0x10 C:/ST/STM32CubeIDE_1.18.1/STM32CubeIDE/plugins/com.st.stm32cube.ide.mcu.externaltools.gnu-tools-for-stm32.13.3.rel1.win32_1.0.0.202411081344/tools/bin/../lib/gcc/arm-none-eabi/13.3.1/../../../../arm-none-eabi/lib/thumb/v7e-m+fp/hard\libc_nano.a(libc_a-msizer.o)
                0x0800a684                _malloc_usable_size_r
 *(.glue_7)
 .glue_7        0x0800a694        0x0 linker stubs
 *(.glue_7t)
 .glue_7t       0x0800a694        0x0 linker stubs
 *(.eh_frame)
 .eh_frame      0x0800a694        0x0 C:/ST/STM32CubeIDE_1.18.1/STM32CubeIDE/plugins/com.st.stm32cube.ide.mcu.externaltools.gnu-tools-for-stm32.13.3.rel1.win32_1.0.0.202411081344/tools/bin/../lib/gcc/arm-none-eabi/13.3.1/thumb/v7e-m+fp/hard/crtbegin.o
 *(.init)
 .init          0x0800a694        0x4 C:/ST/STM32CubeIDE_1.18.1/STM32CubeIDE/plugins/com.st.stm32cube.ide.mcu.externaltools.gnu-tools-for-stm32.13.3.rel1.win32_1.0.0.202411081344/tools/bin/../lib/gcc/arm-none-eabi/13.3.1/thumb/v7e-m+fp/hard/crti.o
                0x0800a694                _init
 .init          0x0800a698        0x8 C:/ST/STM32CubeIDE_1.18.1/STM32CubeIDE/plugins/com.st.stm32cube.ide.mcu.externaltools.gnu-tools-for-stm32.13.3.rel1.win32_1.0.0.202411081344/tools/bin/../lib/gcc/arm-none-eabi/13.3.1/thumb/v7e-m+fp/hard/crtn.o
 *(.fini)
 .fini          0x0800a6a0        0x4 C:/ST/STM32CubeIDE_1.18.1/STM32CubeIDE/plugins/com.st.stm32cube.ide.mcu.externaltools.gnu-tools-for-stm32.13.3.rel1.win32_1.0.0.202411081344/tools/bin/../lib/gcc/arm-none-eabi/13.3.1/thumb/v7e-m+fp/hard/crti.o
                0x0800a6a0                _fini
 .fini          0x0800a6a4        0x8 C:/ST/STM32CubeIDE_1.18.1/STM32CubeIDE/plugins/com.st.stm32cube.ide.mcu.externaltools.gnu-tools-for-stm32.13.3.rel1.win32_1.0.0.202411081344/tools/bin/../lib/gcc/arm-none-eabi/13.3.1/thumb/v7e-m+fp/hard/crtn.o
                0x0800a6ac                        . = ALIGN (0x4)
                0x0800a6ac                        _etext = .

.vfp11_veneer   0x0800a6ac        0x0
 .vfp11_veneer  0x0800a6ac        0x0 linker stubs

.v4_bx          0x0800a6ac        0x0
 .v4_bx         0x0800a6ac        0x0 linker stubs

.iplt           0x0800a6ac        0x0
 .iplt          0x0800a6ac        0x0 C:/ST/STM32CubeIDE_1.18.1/STM32CubeIDE/plugins/com.st.stm32cube.ide.mcu.externaltools.gnu-tools-for-stm32.13.3.rel1.win32_1.0.0.202411081344/tools/bin/../lib/gcc/arm-none-eabi/13.3.1/thumb/v7e-m+fp/hard/crtbegin.o

.rodata         0x0800a6ac     0x2188
                0x0800a6ac                        . = ALIGN (0x4)
 *(.rodata)
 .rodata        0x0800a6ac      0x167 ./Core/Src/main.o
 *fill*         0x0800a813        0x1 
 .rodata        0x0800a814       0x1a ./lr11xx_ranging_demo/common/src/common_version.o
 *fill*         0x0800a82e        0x2 
 .rodata        0x0800a830      0x15c ./lr11xx_ranging_demo/lr11xx/apps/ranging_demo/main_ranging_demo.o
 .rodata        0x0800a98c       0x8d ./lr11xx_ranging_demo/lr11xx/apps/ranging_demo/ranging_hopping_frequency/app_ranging_hopping.o
 *fill*         0x0800aa19        0x3 
 .rodata        0x0800aa1c      0x1f9 ./lr11xx_ranging_demo/lr11xx/apps/ranging_demo/ranging_hopping_frequency/app_ranging_result_output.o
 *fill*         0x0800ac15        0x3 
 .rodata        0x0800ac18      0x96c ./lr11xx_ranging_demo/lr11xx/common/apps_common.o
 .rodata        0x0800b584      0xeb2 ./lr11xx_ranging_demo/lr11xx/common/printers/lr11xx_radio_types_str.o
 *fill*         0x0800c436        0x2 
 .rodata        0x0800c438        0x7 ./lr11xx_ranging_demo/lr11xx/lr11xx_driver/src/lr11xx_driver_version.o
 *(.rodata*)
 *fill*         0x0800c43f        0x1 
 .rodata.AHBPrescTable
                0x0800c440       0x10 ./Core/Src/system_stm32l4xx.o
                0x0800c440                AHBPrescTable
 .rodata.APBPrescTable
                0x0800c450        0x8 ./Core/Src/system_stm32l4xx.o
                0x0800c450                APBPrescTable
 .rodata.MSIRangeTable
                0x0800c458       0x30 ./Core/Src/system_stm32l4xx.o
                0x0800c458                MSIRangeTable
 .rodata.arduino_mapping
                0x0800c488       0xb0 ./lr11xx_ranging_demo/common/src/smtc_shield_pinout_mapping.o
                0x0800c488                arduino_mapping
 .rodata.smtc_shield_lr1121mb1dis_pa_pwr_cfg_table
                0x0800c538       0xc8 ./lr11xx_ranging_demo/libs/smtc-shields/lr11xx/src/smtc_shield_lr1121mb1dis.o
                0x0800c538                smtc_shield_lr1121mb1dis_pa_pwr_cfg_table
 .rodata.smtc_shield_lr1121mb1dis_pa_pwr_hf_cfg_table
                0x0800c600       0xa0 ./lr11xx_ranging_demo/libs/smtc-shields/lr11xx/src/smtc_shield_lr1121mb1dis.o
                0x0800c600                smtc_shield_lr1121mb1dis_pa_pwr_hf_cfg_table
 .rodata.smtc_shield_lr11x1_common_xosc_cfg
                0x0800c6a0        0x8 ./lr11xx_ranging_demo/libs/smtc-shields/lr11xx/src/smtc_shield_lr11x1_common.o
                0x0800c6a0                smtc_shield_lr11x1_common_xosc_cfg
 .rodata.smtc_shield_lr11xx_common_rssi_calibration_table_below_600mhz
                0x0800c6a8       0x14 ./lr11xx_ranging_demo/libs/smtc-shields/lr11xx/src/smtc_shield_lr11xx_common.o
 .rodata.smtc_shield_lr11xx_common_rssi_calibration_table_from_600mhz_to_2ghz
                0x0800c6bc       0x14 ./lr11xx_ranging_demo/libs/smtc-shields/lr11xx/src/smtc_shield_lr11xx_common.o
 .rodata.smtc_shield_lr11xx_common_rssi_calibration_table_above_2ghz
                0x0800c6d0       0x14 ./lr11xx_ranging_demo/libs/smtc-shields/lr11xx/src/smtc_shield_lr11xx_common.o
 .rodata.smtc_shield_lr11xx_common_rf_switch_cfg
                0x0800c6e4        0x8 ./lr11xx_ranging_demo/libs/smtc-shields/lr11xx/src/smtc_shield_lr11xx_common.o
                0x0800c6e4                smtc_shield_lr11xx_common_rf_switch_cfg
 .rodata.smtc_shield_lr11xx_common_lfclk_cfg
                0x0800c6ec        0x2 ./lr11xx_ranging_demo/libs/smtc-shields/lr11xx/src/smtc_shield_lr11xx_common.o
                0x0800c6ec                smtc_shield_lr11xx_common_lfclk_cfg
 *fill*         0x0800c6ee        0x2 
 .rodata.smtc_shield_lr11xx_common_pinout
                0x0800c6f0        0x8 ./lr11xx_ranging_demo/libs/smtc-shields/lr11xx/src/smtc_shield_lr11xx_common.o
                0x0800c6f0                smtc_shield_lr11xx_common_pinout
 .rodata.ranging_hopping_channels_array
                0x0800c6f8       0x9c ./lr11xx_ranging_demo/lr11xx/apps/ranging_demo/ranging_hopping_frequency/app_ranging_hopping.o
                0x0800c6f8                ranging_hopping_channels_array
 .rodata.__func__.4
                0x0800c794       0x1f ./lr11xx_ranging_demo/lr11xx/common/apps_common.o
 *fill*         0x0800c7b3        0x1 
 .rodata.__func__.3
                0x0800c7b4       0x21 ./lr11xx_ranging_demo/lr11xx/common/apps_common.o
 *fill*         0x0800c7d5        0x3 
 .rodata.__func__.0
                0x0800c7d8       0x26 ./lr11xx_ranging_demo/lr11xx/common/apps_common.o
 .rodata.log10f.str1.1
                0x0800c7fe       0x33 C:/ST/STM32CubeIDE_1.18.1/STM32CubeIDE/plugins/com.st.stm32cube.ide.mcu.externaltools.gnu-tools-for-stm32.13.3.rel1.win32_1.0.0.202411081344/tools/bin/../lib/gcc/arm-none-eabi/13.3.1/../../../../arm-none-eabi/lib/thumb/v7e-m+fp/hard\libm.a(libm_a-wf_log10.o)
                                  0x1 (size before relaxing)
 .rodata._svfprintf_r.str1.1
                0x0800c831       0x11 C:/ST/STM32CubeIDE_1.18.1/STM32CubeIDE/plugins/com.st.stm32cube.ide.mcu.externaltools.gnu-tools-for-stm32.13.3.rel1.win32_1.0.0.202411081344/tools/bin/../lib/gcc/arm-none-eabi/13.3.1/../../../../arm-none-eabi/lib/thumb/v7e-m+fp/hard\libc_nano.a(libc_a-nano-svfprintf.o)
 .rodata._vfprintf_r.str1.1
                0x0800c831       0x11 C:/ST/STM32CubeIDE_1.18.1/STM32CubeIDE/plugins/com.st.stm32cube.ide.mcu.externaltools.gnu-tools-for-stm32.13.3.rel1.win32_1.0.0.202411081344/tools/bin/../lib/gcc/arm-none-eabi/13.3.1/../../../../arm-none-eabi/lib/thumb/v7e-m+fp/hard\libc_nano.a(libc_a-nano-vfprintf.o)
 .rodata._printf_i.str1.1
                0x0800c831       0x22 C:/ST/STM32CubeIDE_1.18.1/STM32CubeIDE/plugins/com.st.stm32cube.ide.mcu.externaltools.gnu-tools-for-stm32.13.3.rel1.win32_1.0.0.202411081344/tools/bin/../lib/gcc/arm-none-eabi/13.3.1/../../../../arm-none-eabi/lib/thumb/v7e-m+fp/hard\libc_nano.a(libc_a-nano-vfprintf_i.o)
                0x0800c854                        . = ALIGN (0x4)
 *fill*         0x0800c831        0x3 

.ARM.extab      0x0800c834        0x0
                0x0800c834                        . = ALIGN (0x4)