../Drivers/lr1121_modem_driver/src/lr1121_modem_modem.c:160:30:lr1121_modem_factory_reset	32	static
../Drivers/lr1121_modem_driver/src/lr1121_modem_modem.c:172:30:lr1121_modem_get_modem_version	40	static
../Drivers/lr1121_modem_driver/src/lr1121_modem_modem.c:199:30:lr1121_modem_get_status	32	static
../Drivers/lr1121_modem_driver/src/lr1121_modem_modem.c:212:30:lr1121_modem_get_charge	352	static
../Drivers/lr1121_modem_driver/src/lr1121_modem_modem.c:239:30:lr1121_modem_get_event	40	static
../Drivers/lr1121_modem_driver/src/lr1121_modem_modem.c:259:30:lr1121_modem_set_suspend	32	static
../Drivers/lr1121_modem_driver/src/lr1121_modem_modem.c:272:30:lr1121_modem_get_suspend	32	static
../Drivers/lr1121_modem_driver/src/lr1121_modem_modem.c:284:30:lr1121_modem_set_alarm_timer	32	static
../Drivers/lr1121_modem_driver/src/lr1121_modem_modem.c:300:30:lr1121_modem_clear_alarm_timer	32	static
../Drivers/lr1121_modem_driver/src/lr1121_modem_modem.c:312:30:lr1121_modem_get_alarm_remaining_time	40	static
../Drivers/lr1121_modem_driver/src/lr1121_modem_modem.c:334:30:lr1121_modem_get_crashlog	288	static
../Drivers/lr1121_modem_driver/src/lr1121_modem_modem.c:361:30:lr1121_modem_test_mode_start	40	static
../Drivers/lr1121_modem_driver/src/lr1121_modem_modem.c:376:30:lr1121_modem_test_exit	32	static
../Drivers/lr1121_modem_driver/src/lr1121_modem_modem.c:389:30:lr1121_modem_test_nop	32	static
../Drivers/lr1121_modem_driver/src/lr1121_modem_modem.c:402:30:lr1121_modem_test_tx_lora	64	static
../Drivers/lr1121_modem_driver/src/lr1121_modem_modem.c:443:30:lr1121_modem_test_tx_fsk	56	static
../Drivers/lr1121_modem_driver/src/lr1121_modem_modem.c:472:30:lr1121_modem_test_tx_lr_fhss	56	static
../Drivers/lr1121_modem_driver/src/lr1121_modem_modem.c:508:30:lr1121_modem_test_tx_cw	48	static
../Drivers/lr1121_modem_driver/src/lr1121_modem_modem.c:526:30:lr1121_modem_test_rx_lora_cont	48	static
../Drivers/lr1121_modem_driver/src/lr1121_modem_modem.c:549:30:lr1121_modem_test_rx_fsk_cont	32	static
../Drivers/lr1121_modem_driver/src/lr1121_modem_modem.c:566:30:lr1121_modem_test_read_packet_counter_rx_cont	40	static
../Drivers/lr1121_modem_driver/src/lr1121_modem_modem.c:590:30:lr1121_modem_test_rssi_subghz	48	static
../Drivers/lr1121_modem_driver/src/lr1121_modem_modem.c:614:30:lr1121_modem_test_read_rssi	32	static
../Drivers/lr1121_modem_driver/src/lr1121_modem_modem.c:636:30:lr1121_modem_test_radio_rst	32	static
../Drivers/lr1121_modem_driver/src/lr1121_modem_modem.c:654:10:lr1121_uint8_to_uint32	16	static
../Drivers/lr1121_modem_driver/src/lr1121_modem_modem.c:660:6:lr1121_parse_charge_hook_id	24	static
