../Drivers/lr1121_modem_driver/src/lr1121_modem_bsp.c:137:30:lr1121_modem_get_tx_power_offset	32	static
../Drivers/lr1121_modem_driver/src/lr1121_modem_bsp.c:149:30:lr1121_modem_set_tx_power_offset	32	static
../Drivers/lr1121_modem_driver/src/lr1121_modem_bsp.c:162:30:lr1121_modem_set_output_power_config	80	static
../Drivers/lr1121_modem_driver/src/lr1121_modem_bsp.c:194:30:lr1121_modem_get_output_power_config	240	static
../Drivers/lr1121_modem_driver/src/lr1121_modem_bsp.c:226:30:lr1121_modem_set_rf_output	32	static
../Drivers/lr1121_modem_driver/src/lr1121_modem_bsp.c:240:30:lr1121_modem_get_rf_output	32	static
../Drivers/lr1121_modem_driver/src/lr1121_modem_bsp.c:253:30:lr1121_modem_get_crystal_error	40	static
../Drivers/lr1121_modem_driver/src/lr1121_modem_bsp.c:275:30:lr1121_modem_set_crystal_error	32	static
../Drivers/lr1121_modem_driver/src/lr1121_modem_bsp.c:291:30:lr1121_modem_get_xosc_capa_trim_a_b	40	static
../Drivers/lr1121_modem_driver/src/lr1121_modem_bsp.c:313:30:lr1121_modem_set_xosc_capa_trim_a_b	32	static
../Drivers/lr1121_modem_driver/src/lr1121_modem_bsp.c:328:30:lr1121_modem_get_tx_power_consumption_ua	248	static
../Drivers/lr1121_modem_driver/src/lr1121_modem_bsp.c:357:30:lr1121_modem_set_tx_power_consumption_ua	256	static
../Drivers/lr1121_modem_driver/src/lr1121_modem_bsp.c:390:30:lr1121_modem_get_lora_rx_power_consumption_ua	16	static
../Drivers/lr1121_modem_driver/src/lr1121_modem_bsp.c:397:30:lr1121_modem_set_lora_rx_power_consumption_ua	16	static
../Drivers/lr1121_modem_driver/src/lr1121_modem_bsp.c:404:30:lr1121_modem_get_gfsk_rx_power_consumption_ua	16	static
../Drivers/lr1121_modem_driver/src/lr1121_modem_bsp.c:411:30:lr1121_modem_set_gfsk_rx_power_consumption_ua	16	static
../Drivers/lr1121_modem_driver/src/lr1121_modem_bsp.c:423:10:lr1121_uint8_to_uint32	16	static
../Drivers/lr1121_modem_driver/src/lr1121_modem_bsp.c:429:30:lr1121_modem_get_rx_power_consumption_ua	48	static
../Drivers/lr1121_modem_driver/src/lr1121_modem_bsp.c:452:30:lr1121_modem_set_rx_power_consumption_ua	48	static
