../Drivers/lr1121_modem_driver/src/lr1121_modem_system.h:136:44:lr1121_modem_system_get_irq_status	16	static
../Drivers/lr1121_modem_driver/src/lr1121_modem_system.c:161:30:lr1121_modem_system_reset	16	static
../Drivers/lr1121_modem_driver/src/lr1121_modem_system.c:166:30:lr1121_modem_system_get_status	32	static
../Drivers/lr1121_modem_driver/src/lr1121_modem_system.c:191:30:lr1121_modem_system_clear_reset_status_info	32	static
../Drivers/lr1121_modem_driver/src/lr1121_modem_system.c:201:30:lr1121_modem_system_get_version	32	static
../Drivers/lr1121_modem_driver/src/lr1121_modem_system.c:223:30:lr1121_modem_system_get_errors	32	static
../Drivers/lr1121_modem_driver/src/lr1121_modem_system.c:242:30:lr1121_modem_system_clear_errors	32	static
../Drivers/lr1121_modem_driver/src/lr1121_modem_system.c:253:30:lr1121_modem_system_calibrate	32	static
../Drivers/lr1121_modem_driver/src/lr1121_modem_system.c:265:30:lr1121_modem_system_set_reg_mode	32	static
../Drivers/lr1121_modem_driver/src/lr1121_modem_system.c:278:30:lr1121_modem_system_calibrate_image	32	static
../Drivers/lr1121_modem_driver/src/lr1121_modem_system.c:292:30:lr1121_modem_system_calibrate_image_in_mhz	24	static
../Drivers/lr1121_modem_driver/src/lr1121_modem_system.c:306:30:lr1121_modem_system_set_dio_as_rf_switch	40	static
../Drivers/lr1121_modem_driver/src/lr1121_modem_system.c:326:30:lr1121_modem_system_set_dio_irq_params	48	static
../Drivers/lr1121_modem_driver/src/lr1121_modem_system.c:347:30:lr1121_modem_system_clear_irq_status	32	static
../Drivers/lr1121_modem_driver/src/lr1121_modem_system.c:363:30:lr1121_modem_system_get_and_clear_irq_status	24	static
../Drivers/lr1121_modem_driver/src/lr1121_modem_system.c:382:30:lr1121_modem_system_cfg_lfclk	32	static
../Drivers/lr1121_modem_driver/src/lr1121_modem_system.c:396:30:lr1121_modem_system_set_tcxo_mode	40	static
../Drivers/lr1121_modem_driver/src/lr1121_modem_system.c:413:30:lr1121_modem_system_reboot	32	static
../Drivers/lr1121_modem_driver/src/lr1121_modem_system.c:425:30:lr1121_modem_system_get_vbat	32	static
../Drivers/lr1121_modem_driver/src/lr1121_modem_system.c:436:30:lr1121_modem_system_get_temp	32	static
../Drivers/lr1121_modem_driver/src/lr1121_modem_system.c:455:30:lr1121_modem_system_set_sleep	40	static
../Drivers/lr1121_modem_driver/src/lr1121_modem_system.c:473:30:lr1121_modem_system_set_standby	32	static
../Drivers/lr1121_modem_driver/src/lr1121_modem_system.c:486:30:lr1121_modem_system_wakeup	16	static
../Drivers/lr1121_modem_driver/src/lr1121_modem_system.c:491:30:lr1121_modem_system_set_fs	32	static
../Drivers/lr1121_modem_driver/src/lr1121_modem_system.c:502:30:lr1121_modem_system_erase_infopage	32	static
../Drivers/lr1121_modem_driver/src/lr1121_modem_system.c:515:30:lr1121_modem_system_write_infopage	312	static
../Drivers/lr1121_modem_driver/src/lr1121_modem_system.c:543:30:lr1121_modem_system_read_infopage	48	static
../Drivers/lr1121_modem_driver/src/lr1121_modem_system.c:574:30:lr1121_modem_system_read_uid	32	static
../Drivers/lr1121_modem_driver/src/lr1121_modem_system.c:586:30:lr1121_modem_system_read_join_eui	32	static
../Drivers/lr1121_modem_driver/src/lr1121_modem_system.c:598:30:lr1121_modem_system_read_pin	32	static
../Drivers/lr1121_modem_driver/src/lr1121_modem_system.c:609:30:lr1121_modem_system_read_pin_custom_eui	56	static
../Drivers/lr1121_modem_driver/src/lr1121_modem_system.c:640:30:lr1121_modem_system_get_random_number	32	static
../Drivers/lr1121_modem_driver/src/lr1121_modem_system.c:651:30:lr1121_modem_system_enable_spi_crc	32	static
../Drivers/lr1121_modem_driver/src/lr1121_modem_system.c:663:30:lr1121_modem_system_drive_dio_in_sleep_mode	32	static
../Drivers/lr1121_modem_driver/src/lr1121_modem_system.c:680:13:lr1121_modem_system_convert_stat1_byte_to_enum	16	static
../Drivers/lr1121_modem_driver/src/lr1121_modem_system.c:689:13:lr1121_modem_system_convert_stat2_byte_to_enum	16	static
