../Drivers/lr1121_modem_driver/src/lr1121_modem_lorawan.c:249:30:lr1121_modem_get_lorawan_version	40	static
../Drivers/lr1121_modem_driver/src/lr1121_modem_lorawan.c:279:30:lr1121_modem_get_dev_eui	40	static
../Drivers/lr1121_modem_driver/src/lr1121_modem_lorawan.c:300:30:lr1121_modem_set_dev_eui	32	static
../Drivers/lr1121_modem_driver/src/lr1121_modem_lorawan.c:312:30:lr1121_modem_get_join_eui	40	static
../Drivers/lr1121_modem_driver/src/lr1121_modem_lorawan.c:336:30:lr1121_modem_set_join_eui	32	static
../Drivers/lr1121_modem_driver/src/lr1121_modem_lorawan.c:348:30:lr1121_modem_set_nwk_key	32	static
../Drivers/lr1121_modem_driver/src/lr1121_modem_lorawan.c:360:30:lr1121_modem_set_app_key	32	static
../Drivers/lr1121_modem_driver/src/lr1121_modem_lorawan.c:372:30:lr1121_modem_derive_keys	32	static
../Drivers/lr1121_modem_driver/src/lr1121_modem_lorawan.c:384:30:lr1121_modem_get_class	32	static
../Drivers/lr1121_modem_driver/src/lr1121_modem_lorawan.c:396:30:lr1121_modem_set_class	32	static
../Drivers/lr1121_modem_driver/src/lr1121_modem_lorawan.c:409:30:lr1121_modem_get_region	32	static
../Drivers/lr1121_modem_driver/src/lr1121_modem_lorawan.c:421:30:lr1121_modem_set_region	32	static
../Drivers/lr1121_modem_driver/src/lr1121_modem_lorawan.c:434:30:lr1121_modem_join	32	static
../Drivers/lr1121_modem_driver/src/lr1121_modem_lorawan.c:446:30:lr1121_modem_leave_network	32	static
../Drivers/lr1121_modem_driver/src/lr1121_modem_lorawan.c:458:30:lr1121_modem_get_next_tx_max_payload	32	static
../Drivers/lr1121_modem_driver/src/lr1121_modem_lorawan.c:470:30:lr1121_modem_request_tx	40	static
../Drivers/lr1121_modem_driver/src/lr1121_modem_lorawan.c:486:30:lr1121_modem_request_empty_tx	32	static
../Drivers/lr1121_modem_driver/src/lr1121_modem_lorawan.c:503:30:lr1121_modem_emergency_tx	40	static
../Drivers/lr1121_modem_driver/src/lr1121_modem_lorawan.c:519:30:lr1121_modem_get_downlink_data_size	40	static
../Drivers/lr1121_modem_driver/src/lr1121_modem_lorawan.c:542:30:lr1121_modem_get_downlink_data	40	static
../Drivers/lr1121_modem_driver/src/lr1121_modem_lorawan.c:555:30:lr1121_modem_get_downlink_metadata	40	static
../Drivers/lr1121_modem_driver/src/lr1121_modem_lorawan.c:586:30:lr1121_modem_get_lost_connection_counter	48	static
../Drivers/lr1121_modem_driver/src/lr1121_modem_lorawan.c:611:30:lr1121_modem_get_network_type	32	static
../Drivers/lr1121_modem_driver/src/lr1121_modem_lorawan.c:624:30:lr1121_modem_set_network_type	32	static
../Drivers/lr1121_modem_driver/src/lr1121_modem_lorawan.c:638:30:lr1121_modem_get_certification_mode	32	static
../Drivers/lr1121_modem_driver/src/lr1121_modem_lorawan.c:651:30:lr1121_modem_set_certification_mode	32	static
../Drivers/lr1121_modem_driver/src/lr1121_modem_lorawan.c:665:30:lr1121_modem_get_duty_cycle_status	40	static
../Drivers/lr1121_modem_driver/src/lr1121_modem_lorawan.c:686:30:lr1121_modem_get_available_data_rate	32	static
../Drivers/lr1121_modem_driver/src/lr1121_modem_lorawan.c:707:30:lr1121_modem_get_adr_profile	32	static
../Drivers/lr1121_modem_driver/src/lr1121_modem_lorawan.c:720:30:lr1121_modem_set_adr_profile	40	static
../Drivers/lr1121_modem_driver/src/lr1121_modem_lorawan.c:737:30:lr1121_modem_set_join_data_rate_distribution	32	static
../Drivers/lr1121_modem_driver/src/lr1121_modem_lorawan.c:751:30:lr1121_modem_get_nb_trans	32	static
../Drivers/lr1121_modem_driver/src/lr1121_modem_lorawan.c:763:30:lr1121_modem_set_nb_trans	32	static
../Drivers/lr1121_modem_driver/src/lr1121_modem_lorawan.c:776:30:lr1121_modem_get_adr_ack_limit_delay	40	static
../Drivers/lr1121_modem_driver/src/lr1121_modem_lorawan.c:798:30:lr1121_modem_set_adr_ack_limit_delay	32	static
../Drivers/lr1121_modem_driver/src/lr1121_modem_lorawan.c:813:30:lr1121_modem_get_lbt_state	32	static
../Drivers/lr1121_modem_driver/src/lr1121_modem_lorawan.c:825:30:lr1121_modem_set_lbt_state	32	static
../Drivers/lr1121_modem_driver/src/lr1121_modem_lorawan.c:838:30:lr1121_modem_set_lbt_params	48	static
../Drivers/lr1121_modem_driver/src/lr1121_modem_lorawan.c:861:30:lr1121_modem_get_lbt_params	48	static
../Drivers/lr1121_modem_driver/src/lr1121_modem_lorawan.c:887:30:lr1121_modem_get_csma_state	32	static
../Drivers/lr1121_modem_driver/src/lr1121_modem_lorawan.c:899:30:lr1121_modem_set_csma_state	32	static
../Drivers/lr1121_modem_driver/src/lr1121_modem_lorawan.c:912:30:lr1121_modem_set_csma_params	32	static
../Drivers/lr1121_modem_driver/src/lr1121_modem_lorawan.c:929:30:lr1121_modem_get_csma_params	40	static
../Drivers/lr1121_modem_driver/src/lr1121_modem_lorawan.c:952:30:lr1121_modem_mac_request_tx	32	static
../Drivers/lr1121_modem_driver/src/lr1121_modem_lorawan.c:966:30:lr1121_modem_get_lorawan_mac_time	48	static
../Drivers/lr1121_modem_driver/src/lr1121_modem_lorawan.c:990:30:lr1121_modem_get_link_check_data	40	static
../Drivers/lr1121_modem_driver/src/lr1121_modem_lorawan.c:1013:30:lr1121_modem_set_battery_level	32	static
../Drivers/lr1121_modem_driver/src/lr1121_modem_lorawan.c:1028:30:lr1121_modem_get_class_b_ping_slot_periodicity	32	static
../Drivers/lr1121_modem_driver/src/lr1121_modem_lorawan.c:1043:30:lr1121_modem_set_class_b_ping_slot_periodicity	32	static
../Drivers/lr1121_modem_driver/src/lr1121_modem_lorawan.c:1057:30:lr1121_modem_get_multicast_group_config	48	static
../Drivers/lr1121_modem_driver/src/lr1121_modem_lorawan.c:1081:30:lr1121_modem_set_multicast_group_config	80	static
../Drivers/lr1121_modem_driver/src/lr1121_modem_lorawan.c:1113:30:lr1121_modem_start_session_multicast_class_c	48	static
../Drivers/lr1121_modem_driver/src/lr1121_modem_lorawan.c:1134:30:lr1121_modem_get_multicast_class_c_session_status	48	static
../Drivers/lr1121_modem_driver/src/lr1121_modem_lorawan.c:1161:30:lr1121_modem_stop_session_multicast_class_c	32	static
../Drivers/lr1121_modem_driver/src/lr1121_modem_lorawan.c:1175:30:lr1121_modem_stop_all_session_multicast_class_c	32	static
../Drivers/lr1121_modem_driver/src/lr1121_modem_lorawan.c:1187:30:lr1121_modem_start_session_multicast_class_b	48	static
../Drivers/lr1121_modem_driver/src/lr1121_modem_lorawan.c:1208:30:lr1121_modem_get_multicast_class_b_session_status	48	static
../Drivers/lr1121_modem_driver/src/lr1121_modem_lorawan.c:1237:30:lr1121_modem_stop_session_multicast_class_b	32	static
../Drivers/lr1121_modem_driver/src/lr1121_modem_lorawan.c:1251:30:lr1121_modem_stop_all_session_multicast_class_b	32	static
../Drivers/lr1121_modem_driver/src/lr1121_modem_lorawan.c:1263:30:lr1121_modem_alc_sync_start_service	32	static
../Drivers/lr1121_modem_driver/src/lr1121_modem_lorawan.c:1275:30:lr1121_modem_alc_sync_stop_service	32	static
../Drivers/lr1121_modem_driver/src/lr1121_modem_lorawan.c:1287:30:lr1121_modem_alc_sync_get_time	40	static
../Drivers/lr1121_modem_driver/src/lr1121_modem_lorawan.c:1309:30:lr1121_modem_alc_sync_trig_request	32	static
../Drivers/lr1121_modem_driver/src/lr1121_modem_lorawan.c:1321:30:lr1121_modem_fuota_get_file_size_crc	48	static
../Drivers/lr1121_modem_driver/src/lr1121_modem_lorawan.c:1345:30:lr1121_modem_fuota_read_file_fragment	48	static
../Drivers/lr1121_modem_driver/src/lr1121_modem_lorawan.c:1366:6:lr1121_modem_fuota_check_crc	32	static
../Drivers/lr1121_modem_driver/src/lr1121_modem_lorawan.c:1379:10:lr1121_uint8_to_uint32	16	static
../Drivers/lr1121_modem_driver/src/lr1121_modem_lorawan.c:1385:6:lr1121_modem_fuota_crc32	40	static
