../Drivers/CMSIS/Include/core_cm4.h:1679:22:__NVIC_EnableIRQ	16	static,ignoring_inline_asm
../Drivers/CMSIS/Include/core_cm4.h:1717:22:__NVIC_DisableIRQ	16	static,ignoring_inline_asm
../Drivers/CMSIS/Include/core_cm4.h:1809:22:__NVIC_SetPriority	16	static
../Drivers/STM32L4xx_HAL_Driver/Inc/stm32l4xx_ll_gpio.h:319:26:LL_GPIO_GetPinMode	40	static,ignoring_inline_asm
../Drivers/STM32L4xx_HAL_Driver/Inc/stm32l4xx_ll_gpio.h:875:26:LL_GPIO_IsInputPinSet	16	static
../Drivers/STM32L4xx_HAL_Driver/Inc/stm32l4xx_ll_gpio.h:927:26:LL_GPIO_IsOutputPinSet	16	static
../Drivers/STM32L4xx_HAL_Driver/Inc/stm32l4xx_ll_gpio.h:956:22:LL_GPIO_SetOutputPin	16	static
../Drivers/STM32L4xx_HAL_Driver/Inc/stm32l4xx_ll_gpio.h:985:22:LL_GPIO_ResetOutputPin	16	static
../Drivers/STM32L4xx_HAL_Driver/Inc/stm32l4xx_ll_bus.h:563:22:LL_AHB2_GRP1_EnableClock	24	static
../Drivers/STM32L4xx_HAL_Driver/Inc/stm32l4xx_ll_bus.h:613:26:LL_AHB2_GRP1_IsEnabledClock	16	static
../Drivers/STM32L4xx_HAL_Driver/Inc/stm32l4xx_ll_bus.h:659:22:LL_AHB2_GRP1_DisableClock	16	static
../Drivers/STM32L4xx_HAL_Driver/Inc/stm32l4xx_ll_exti.h:1186:26:LL_EXTI_IsActiveFlag_0_31	16	static
../Drivers/STM32L4xx_HAL_Driver/Inc/stm32l4xx_ll_exti.h:1298:22:LL_EXTI_ClearFlag_0_31	16	static
../Drivers/STM32L4xx_HAL_Driver/Inc/stm32l4xx_ll_system.h:775:22:LL_SYSCFG_SetEXTISource	32	static,ignoring_inline_asm
../common/src/smtc_hal_mcu_gpio_stm32l4.c:241:23:smtc_hal_mcu_gpio_init_output	56	static
../common/src/smtc_hal_mcu_gpio_stm32l4.c:319:23:smtc_hal_mcu_gpio_init_input	96	static
../common/src/smtc_hal_mcu_gpio_stm32l4.c:403:23:smtc_hal_mcu_gpio_deinit	64	static
../common/src/smtc_hal_mcu_gpio_stm32l4.c:464:23:smtc_hal_mcu_gpio_set_state	16	static
../common/src/smtc_hal_mcu_gpio_stm32l4.c:492:23:smtc_hal_mcu_gpio_get_state	24	static
../common/src/smtc_hal_mcu_gpio_stm32l4.c:519:23:smtc_hal_mcu_gpio_enable_irq	16	static
../common/src/smtc_hal_mcu_gpio_stm32l4.c:543:23:smtc_hal_mcu_gpio_disable_irq	16	static
../common/src/smtc_hal_mcu_gpio_stm32l4.c:570:13:smtc_hal_mcu_gpio_stm32l4_is_configured	24	static
../common/src/smtc_hal_mcu_gpio_stm32l4.c:586:41:smtc_hal_mcu_gpio_stm32l4_get_free_slot	16	static
../common/src/smtc_hal_mcu_gpio_stm32l4.c:599:13:smtc_hal_mcu_gpio_stm32l4_is_real_inst	24	static
../common/src/smtc_hal_mcu_gpio_stm32l4.c:612:30:smtc_hal_mcu_gpio_stm32l4_enable_clock	16	static
../common/src/smtc_hal_mcu_gpio_stm32l4.c:668:30:smtc_hal_mcu_gpio_stm32l4_disable_clock	16	static
../common/src/smtc_hal_mcu_gpio_stm32l4.c:724:13:smtc_hal_mcu_gpio_stm32l4_is_clock_enabled	24	static
../common/src/smtc_hal_mcu_gpio_stm32l4.c:782:30:smtc_hal_mcu_gpio_stm32l4_get_exti_cfg	16	static
../common/src/smtc_hal_mcu_gpio_stm32l4.c:945:30:smtc_hal_mcu_gpio_stm32l4_get_trigger	16	static
../common/src/smtc_hal_mcu_gpio_stm32l4.c:979:30:smtc_hal_mcu_gpio_stm32l4_call_exti_callback	24	static
../common/src/smtc_hal_mcu_gpio_stm32l4.c:1001:6:EXTI0_IRQHandler	8	static
../common/src/smtc_hal_mcu_gpio_stm32l4.c:1013:6:EXTI1_IRQHandler	8	static
../common/src/smtc_hal_mcu_gpio_stm32l4.c:1025:6:EXTI2_IRQHandler	8	static
../common/src/smtc_hal_mcu_gpio_stm32l4.c:1037:6:EXTI3_IRQHandler	8	static
../common/src/smtc_hal_mcu_gpio_stm32l4.c:1049:6:EXTI4_IRQHandler	8	static
../common/src/smtc_hal_mcu_gpio_stm32l4.c:1061:6:EXTI9_5_IRQHandler	8	static
../common/src/smtc_hal_mcu_gpio_stm32l4.c:1093:6:EXTI15_10_IRQHandler	8	static
