../lr11xx_ranging_demo/lr11xx/common/printers/lr11xx_radio_types_str.c:38:13:lr11xx_radio_pa_selection_to_str	16	static
../lr11xx_ranging_demo/lr11xx/common/printers/lr11xx_radio_types_str.c:64:13:lr11xx_radio_gfsk_address_filtering_to_str	16	static
../lr11xx_ranging_demo/lr11xx/common/printers/lr11xx_radio_types_str.c:90:13:lr11xx_radio_fallback_modes_to_str	16	static
../lr11xx_ranging_demo/lr11xx/common/printers/lr11xx_radio_types_str.c:116:13:lr11xx_radio_ramp_time_to_str	16	static
../lr11xx_ranging_demo/lr11xx/common/printers/lr11xx_radio_types_str.c:207:13:lr11xx_radio_lora_network_type_to_str	16	static
../lr11xx_ranging_demo/lr11xx/common/printers/lr11xx_radio_types_str.c:228:13:lr11xx_radio_lora_sf_to_str	16	static
../lr11xx_ranging_demo/lr11xx/common/printers/lr11xx_radio_types_str.c:279:13:lr11xx_radio_lora_bw_to_str	16	static
../lr11xx_ranging_demo/lr11xx/common/printers/lr11xx_radio_types_str.c:350:13:lr11xx_radio_lora_cr_to_str	16	static
../lr11xx_ranging_demo/lr11xx/common/printers/lr11xx_radio_types_str.c:401:13:lr11xx_radio_intermediary_mode_to_str	16	static
../lr11xx_ranging_demo/lr11xx/common/printers/lr11xx_radio_types_str.c:432:13:lr11xx_radio_gfsk_crc_type_to_str	16	static
../lr11xx_ranging_demo/lr11xx/common/printers/lr11xx_radio_types_str.c:468:13:lr11xx_radio_gfsk_dc_free_to_str	16	static
../lr11xx_ranging_demo/lr11xx/common/printers/lr11xx_radio_types_str.c:494:13:lr11xx_radio_gfsk_pkt_len_modes_to_str	16	static
../lr11xx_ranging_demo/lr11xx/common/printers/lr11xx_radio_types_str.c:520:13:lr11xx_radio_gfsk_preamble_detector_to_str	16	static
../lr11xx_ranging_demo/lr11xx/common/printers/lr11xx_radio_types_str.c:556:13:lr11xx_radio_lora_crc_to_str	16	static
../lr11xx_ranging_demo/lr11xx/common/printers/lr11xx_radio_types_str.c:577:13:lr11xx_radio_lora_pkt_len_modes_to_str	16	static
../lr11xx_ranging_demo/lr11xx/common/printers/lr11xx_radio_types_str.c:598:13:lr11xx_radio_lora_iq_to_str	16	static
../lr11xx_ranging_demo/lr11xx/common/printers/lr11xx_radio_types_str.c:619:13:lr11xx_radio_pkt_type_to_str	16	static
../lr11xx_ranging_demo/lr11xx/common/printers/lr11xx_radio_types_str.c:660:13:lr11xx_radio_pa_reg_supply_to_str	16	static
../lr11xx_ranging_demo/lr11xx/common/printers/lr11xx_radio_types_str.c:681:13:lr11xx_radio_rx_duty_cycle_mode_to_str	16	static
../lr11xx_ranging_demo/lr11xx/common/printers/lr11xx_radio_types_str.c:702:13:lr11xx_radio_gfsk_bw_to_str	16	static
../lr11xx_ranging_demo/lr11xx/common/printers/lr11xx_radio_types_str.c:818:13:lr11xx_radio_cad_exit_mode_to_str	16	static
../lr11xx_ranging_demo/lr11xx/common/printers/lr11xx_radio_types_str.c:844:13:lr11xx_radio_gfsk_pulse_shape_to_str	16	static
../lr11xx_ranging_demo/lr11xx/common/printers/lr11xx_radio_types_str.c:880:13:lr11xx_radio_bpsk_pulse_shape_to_str	16	static
../lr11xx_ranging_demo/lr11xx/common/printers/lr11xx_radio_types_str.c:896:13:lr11xx_radio_lr_fhss_bitrate_to_str	16	static
../lr11xx_ranging_demo/lr11xx/common/printers/lr11xx_radio_types_str.c:912:13:lr11xx_radio_lr_fhss_pulse_shape_to_str	16	static
