../lr11xx_ranging_demo/libs/smtc-shields/lr11xx/src/smtc_shield_lr1121mb1dis.c:736:40:smtc_shield_lr1121mb1dis_get_pa_pwr_cfg	16	static
../lr11xx_ranging_demo/libs/smtc-shields/lr11xx/src/smtc_shield_lr1121mb1dis.c:765:46:smtc_shield_lr1121mb1dis_get_rssi_calibration_table	16	static
../lr11xx_ranging_demo/libs/smtc-shields/lr11xx/src/smtc_shield_lr1121mb1dis.c:771:37:smtc_shield_lr1121mb1dis_get_rf_switch_cfg	8	static
../lr11xx_ranging_demo/libs/smtc-shields/lr11xx/src/smtc_shield_lr1121mb1dis.c:776:26:smtc_shield_lr1121mb1dis_get_reg_mode	8	static
../lr11xx_ranging_demo/libs/smtc-shields/lr11xx/src/smtc_shield_lr1121mb1dis.c:781:38:smtc_shield_lr1121mb1dis_get_xosc_cfg	8	static
../lr11xx_ranging_demo/libs/smtc-shields/lr11xx/src/smtc_shield_lr1121mb1dis.c:786:39:smtc_shield_lr1121mb1dis_get_lfclk_cfg	8	static
../lr11xx_ranging_demo/libs/smtc-shields/lr11xx/src/smtc_shield_lr1121mb1dis.c:791:36:smtc_shield_lr1121mb1dis_get_pinout	8	static
