../lr11xx_ranging_demo/libs/smtc-shields/lr11xx/src/smtc_shield_lr1121mb1gis.c:736:40:smtc_shield_lr1121mb1gis_get_pa_pwr_cfg	16	static
../lr11xx_ranging_demo/libs/smtc-shields/lr11xx/src/smtc_shield_lr1121mb1gis.c:765:46:smtc_shield_lr1121mb1gis_get_rssi_calibration_table	16	static
../lr11xx_ranging_demo/libs/smtc-shields/lr11xx/src/smtc_shield_lr1121mb1gis.c:771:37:smtc_shield_lr1121mb1gis_get_rf_switch_cfg	8	static
../lr11xx_ranging_demo/libs/smtc-shields/lr11xx/src/smtc_shield_lr1121mb1gis.c:776:26:smtc_shield_lr1121mb1gis_get_reg_mode	8	static
../lr11xx_ranging_demo/libs/smtc-shields/lr11xx/src/smtc_shield_lr1121mb1gis.c:781:38:smtc_shield_lr1121mb1gis_get_xosc_cfg	8	static
../lr11xx_ranging_demo/libs/smtc-shields/lr11xx/src/smtc_shield_lr1121mb1gis.c:786:39:smtc_shield_lr1121mb1gis_get_lfclk_cfg	8	static
../lr11xx_ranging_demo/libs/smtc-shields/lr11xx/src/smtc_shield_lr1121mb1gis.c:791:36:smtc_shield_lr1121mb1gis_get_pinout	8	static
