../lr11xx_ranging_demo/libs/smtc-shields/lr11xx/src/smtc_shield_lr1110mb1djs.c:83:40:smtc_shield_lr1110mb1djs_get_pa_pwr_cfg	16	static
../lr11xx_ranging_demo/libs/smtc-shields/lr11xx/src/smtc_shield_lr1110mb1djs.c:89:46:smtc_shield_lr1110mb1djs_get_rssi_calibration_table	16	static
../lr11xx_ranging_demo/libs/smtc-shields/lr11xx/src/smtc_shield_lr1110mb1djs.c:95:37:smtc_shield_lr1110mb1djs_get_rf_switch_cfg	8	static
../lr11xx_ranging_demo/libs/smtc-shields/lr11xx/src/smtc_shield_lr1110mb1djs.c:100:26:smtc_shield_lr1110mb1djs_get_reg_mode	8	static
../lr11xx_ranging_demo/libs/smtc-shields/lr11xx/src/smtc_shield_lr1110mb1djs.c:105:38:smtc_shield_lr1110mb1djs_get_xosc_cfg	8	static
../lr11xx_ranging_demo/libs/smtc-shields/lr11xx/src/smtc_shield_lr1110mb1djs.c:110:39:smtc_shield_lr1110mb1djs_get_lfclk_cfg	8	static
../lr11xx_ranging_demo/libs/smtc-shields/lr11xx/src/smtc_shield_lr1110mb1djs.c:115:36:smtc_shield_lr1110mb1djs_get_pinout	8	static
