../Core/Src/main.c:65:1:__io_putchar	16	static
../Core/Src/main.c:72:6:log_print	1032	static
../Core/Src/main.c:86:6:display_string_printf	1044	static
../Core/Src/main.c:102:6:vprint	272	static
../Core/Src/main.c:111:6:hal_mcu_trace_print	16	static
../Core/Src/main.c:139:17:lr11xx_system_get_version_sp	32	static
../Core/Src/main.c:163:17:lr11xx_system_get_version_working	32	static
../Core/Src/main.c:184:6:lr1121_get_version_raw	32	static
../Core/Src/main.c:211:6:lr1121_send_reset	16	static
../Core/Src/main.c:229:6:getVersion	24	static
../Core/Src/main.c:248:5:main	16	static
../Core/Src/main.c:300:6:SystemClock_Config	96	static
../Core/Src/main.c:345:13:MX_SPI1_Init	8	static
../Core/Src/main.c:385:13:MX_USART2_UART_Init	8	static
../Core/Src/main.c:420:13:MX_GPIO_Init	40	static
../Core/Src/main.c:487:6:Error_Handler	4	static,ignoring_inline_asm
