Archive member included to satisfy reference by file (symbol)

C:/ST/STM32CubeIDE_1.18.1/STM32CubeIDE/plugins/com.st.stm32cube.ide.mcu.externaltools.gnu-tools-for-stm32.13.3.rel1.win32_1.0.0.202411081344/tools/bin/../lib/gcc/arm-none-eabi/13.3.1/../../../../arm-none-eabi/lib/thumb/v7e-m+fp/hard\libc_nano.a(libc_a-exit.o)
                              C:/ST/STM32CubeIDE_1.18.1/STM32CubeIDE/plugins/com.st.stm32cube.ide.mcu.externaltools.gnu-tools-for-stm32.13.3.rel1.win32_1.0.0.202411081344/tools/bin/../lib/gcc/arm-none-eabi/13.3.1/../../../../arm-none-eabi/lib/thumb/v7e-m+fp/hard/crt0.o (exit)
C:/ST/STM32CubeIDE_1.18.1/STM32CubeIDE/plugins/com.st.stm32cube.ide.mcu.externaltools.gnu-tools-for-stm32.13.3.rel1.win32_1.0.0.202411081344/tools/bin/../lib/gcc/arm-none-eabi/13.3.1/../../../../arm-none-eabi/lib/thumb/v7e-m+fp/hard\libc_nano.a(libc_a-rand.o)
                              ./ping_pong/main_ping_pong.o (srand)
C:/ST/STM32CubeIDE_1.18.1/STM32CubeIDE/plugins/com.st.stm32cube.ide.mcu.externaltools.gnu-tools-for-stm32.13.3.rel1.win32_1.0.0.202411081344/tools/bin/../lib/gcc/arm-none-eabi/13.3.1/../../../../arm-none-eabi/lib/thumb/v7e-m+fp/hard\libc_nano.a(libc_a-findfp.o)
                              C:/ST/STM32CubeIDE_1.18.1/STM32CubeIDE/plugins/com.st.stm32cube.ide.mcu.externaltools.gnu-tools-for-stm32.13.3.rel1.win32_1.0.0.202411081344/tools/bin/../lib/gcc/arm-none-eabi/13.3.1/../../../../arm-none-eabi/lib/thumb/v7e-m+fp/hard\libc_nano.a(libc_a-exit.o) (__stdio_exit_handler)
C:/ST/STM32CubeIDE_1.18.1/STM32CubeIDE/plugins/com.st.stm32cube.ide.mcu.externaltools.gnu-tools-for-stm32.13.3.rel1.win32_1.0.0.202411081344/tools/bin/../lib/gcc/arm-none-eabi/13.3.1/../../../../arm-none-eabi/lib/thumb/v7e-m+fp/hard\libc_nano.a(libc_a-fwalk.o)
                              C:/ST/STM32CubeIDE_1.18.1/STM32CubeIDE/plugins/com.st.stm32cube.ide.mcu.externaltools.gnu-tools-for-stm32.13.3.rel1.win32_1.0.0.202411081344/tools/bin/../lib/gcc/arm-none-eabi/13.3.1/../../../../arm-none-eabi/lib/thumb/v7e-m+fp/hard\libc_nano.a(libc_a-findfp.o) (_fwalk_sglue)
C:/ST/STM32CubeIDE_1.18.1/STM32CubeIDE/plugins/com.st.stm32cube.ide.mcu.externaltools.gnu-tools-for-stm32.13.3.rel1.win32_1.0.0.202411081344/tools/bin/../lib/gcc/arm-none-eabi/13.3.1/../../../../arm-none-eabi/lib/thumb/v7e-m+fp/hard\libc_nano.a(libc_a-printf.o)
                              ./common/apps_common.o (printf)
C:/ST/STM32CubeIDE_1.18.1/STM32CubeIDE/plugins/com.st.stm32cube.ide.mcu.externaltools.gnu-tools-for-stm32.13.3.rel1.win32_1.0.0.202411081344/tools/bin/../lib/gcc/arm-none-eabi/13.3.1/../../../../arm-none-eabi/lib/thumb/v7e-m+fp/hard\libc_nano.a(libc_a-putchar.o)
                              ./common/apps_common.o (putchar)
C:/ST/STM32CubeIDE_1.18.1/STM32CubeIDE/plugins/com.st.stm32cube.ide.mcu.externaltools.gnu-tools-for-stm32.13.3.rel1.win32_1.0.0.202411081344/tools/bin/../lib/gcc/arm-none-eabi/13.3.1/../../../../arm-none-eabi/lib/thumb/v7e-m+fp/hard\libc_nano.a(libc_a-puts.o)
                              ./common/apps_common.o (puts)
C:/ST/STM32CubeIDE_1.18.1/STM32CubeIDE/plugins/com.st.stm32cube.ide.mcu.externaltools.gnu-tools-for-stm32.13.3.rel1.win32_1.0.0.202411081344/tools/bin/../lib/gcc/arm-none-eabi/13.3.1/../../../../arm-none-eabi/lib/thumb/v7e-m+fp/hard\libc_nano.a(libc_a-stdio.o)
                              C:/ST/STM32CubeIDE_1.18.1/STM32CubeIDE/plugins/com.st.stm32cube.ide.mcu.externaltools.gnu-tools-for-stm32.13.3.rel1.win32_1.0.0.202411081344/tools/bin/../lib/gcc/arm-none-eabi/13.3.1/../../../../arm-none-eabi/lib/thumb/v7e-m+fp/hard\libc_nano.a(libc_a-findfp.o) (__sread)
C:/ST/STM32CubeIDE_1.18.1/STM32CubeIDE/plugins/com.st.stm32cube.ide.mcu.externaltools.gnu-tools-for-stm32.13.3.rel1.win32_1.0.0.202411081344/tools/bin/../lib/gcc/arm-none-eabi/13.3.1/../../../../arm-none-eabi/lib/thumb/v7e-m+fp/hard\libc_nano.a(libc_a-vsprintf.o)
                              ./common/src/uart_init.o (vsprintf)
C:/ST/STM32CubeIDE_1.18.1/STM32CubeIDE/plugins/com.st.stm32cube.ide.mcu.externaltools.gnu-tools-for-stm32.13.3.rel1.win32_1.0.0.202411081344/tools/bin/../lib/gcc/arm-none-eabi/13.3.1/../../../../arm-none-eabi/lib/thumb/v7e-m+fp/hard\libc_nano.a(libc_a-wbuf.o)
                              C:/ST/STM32CubeIDE_1.18.1/STM32CubeIDE/plugins/com.st.stm32cube.ide.mcu.externaltools.gnu-tools-for-stm32.13.3.rel1.win32_1.0.0.202411081344/tools/bin/../lib/gcc/arm-none-eabi/13.3.1/../../../../arm-none-eabi/lib/thumb/v7e-m+fp/hard\libc_nano.a(libc_a-puts.o) (__swbuf_r)
C:/ST/STM32CubeIDE_1.18.1/STM32CubeIDE/plugins/com.st.stm32cube.ide.mcu.externaltools.gnu-tools-for-stm32.13.3.rel1.win32_1.0.0.202411081344/tools/bin/../lib/gcc/arm-none-eabi/13.3.1/../../../../arm-none-eabi/lib/thumb/v7e-m+fp/hard\libc_nano.a(libc_a-wsetup.o)
[...]
Memory Configuration

Name             Origin             Length             Attributes
RAM              0x20000000         0x00018000         xrw
RAM2             0x10000000         0x00008000         xrw
FLASH            0x08000000         0x00100000         xr
*default*        0x00000000         0xffffffff

Linker script and memory map

LOAD C:/ST/STM32CubeIDE_1.18.1/STM32CubeIDE/plugins/com.st.stm32cube.ide.mcu.externaltools.gnu-tools-for-stm32.13.3.rel1.win32_1.0.0.202411081344/tools/bin/../lib/gcc/arm-none-eabi/13.3.1/thumb/v7e-m+fp/hard/crti.o
LOAD C:/ST/STM32CubeIDE_1.18.1/STM32CubeIDE/plugins/com.st.stm32cube.ide.mcu.externaltools.gnu-tools-for-stm32.13.3.rel1.win32_1.0.0.202411081344/tools/bin/../lib/gcc/arm-none-eabi/13.3.1/thumb/v7e-m+fp/hard/crtbegin.o
LOAD C:/ST/STM32CubeIDE_1.18.1/STM32CubeIDE/plugins/com.st.stm32cube.ide.mcu.externaltools.gnu-tools-for-stm32.13.3.rel1.win32_1.0.0.202411081344/tools/bin/../lib/gcc/arm-none-eabi/13.3.1/../../../../arm-none-eabi/lib/thumb/v7e-m+fp/hard/crt0.o
LOAD ./Core/Src/main.o
LOAD ./Core/Src/smtc_hal_mcu_stm32l4.o
LOAD ./Core/Src/stm32l4xx_hal_msp.o
LOAD ./Core/Src/stm32l4xx_it.o
LOAD ./Core/Src/stm32l4xx_ll_utils.o
LOAD ./Core/Src/syscalls.o
LOAD ./Core/Src/sysmem.o
LOAD ./Core/Src/system_stm32l4xx.o
LOAD ./Core/Startup/startup_stm32l476rgtx.o
LOAD ./Drivers/STM32L4xx_HAL_Driver/Src/stm32l4xx_hal.o
LOAD ./Drivers/STM32L4xx_HAL_Driver/Src/stm32l4xx_hal_cortex.o
LOAD ./Drivers/STM32L4xx_HAL_Driver/Src/stm32l4xx_hal_dma.o
LOAD ./Drivers/STM32L4xx_HAL_Driver/Src/stm32l4xx_hal_dma_ex.o
LOAD ./Drivers/STM32L4xx_HAL_Driver/Src/stm32l4xx_hal_exti.o
LOAD ./Drivers/STM32L4xx_HAL_Driver/Src/stm32l4xx_hal_flash.o
LOAD ./Drivers/STM32L4xx_HAL_Driver/Src/stm32l4xx_hal_flash_ex.o
LOAD ./Drivers/STM32L4xx_HAL_Driver/Src/stm32l4xx_hal_flash_ramfunc.o
LOAD ./Drivers/STM32L4xx_HAL_Driver/Src/stm32l4xx_hal_gpio.o
LOAD ./Drivers/STM32L4xx_HAL_Driver/Src/stm32l4xx_hal_i2c.o
LOAD ./Drivers/STM32L4xx_HAL_Driver/Src/stm32l4xx_hal_i2c_ex.o
LOAD ./Drivers/STM32L4xx_HAL_Driver/Src/stm32l4xx_hal_pwr.o
LOAD ./Drivers/STM32L4xx_HAL_Driver/Src/stm32l4xx_hal_pwr_ex.o
LOAD ./Drivers/STM32L4xx_HAL_Driver/Src/stm32l4xx_hal_rcc.o
LOAD ./Drivers/STM32L4xx_HAL_Driver/Src/stm32l4xx_hal_rcc_ex.o
LOAD ./Drivers/STM32L4xx_HAL_Driver/Src/stm32l4xx_hal_uart.o
LOAD ./Drivers/STM32L4xx_HAL_Driver/Src/stm32l4xx_hal_uart_ex.o
LOAD ./Drivers/STM32L4xx_HAL_Driver/Src/stm32l4xx_ll_rcc.o
LOAD ./common/apps_common.o
LOAD ./common/apps_version.o
LOAD ./common/lr11xx_hal.o
LOAD ./common/smtc_hal_mcu_spi_stm32l4.o
LOAD ./common/smtc_hal_mcu_uart_stm32l4.o
LOAD ./common/stm32l4xx_ll_exti.o
LOAD ./common/stm32l4xx_ll_gpio.o
LOAD ./common/stm32l4xx_ll_spi.o
LOAD ./common/stm32l4xx_ll_usart.o
LOAD ./common/printers/lr11xx_bootloader_types_str.o
LOAD ./common/printers/lr11xx_crypto_engine_types_str.o
LOAD ./common/printers/lr11xx_gnss_types_str.o
LOAD ./common/printers/lr11xx_lr_fhss_types_str.o
LOAD ./common/printers/lr11xx_radio_types_str.o
LOAD ./common/printers/lr11xx_rttof_types_str.o
LOAD ./common/printers/lr11xx_system_types_str.o
LOAD ./common/printers/lr11xx_types_str.o
LOAD ./common/printers/lr11xx_wifi_types_str.o
LOAD ./common/src/common_version.o
LOAD ./common/src/smtc_hal_arduino_mapping.o
LOAD ./common/src/smtc_hal_dbg_trace.o
LOAD ./common/src/smtc_hal_mcu_gpio_stm32l4.o
LOAD ./common/src/smtc_shield_pinout_mapping.o
LOAD ./common/src/uart_init.o
LOAD ./libs/smtc-shields/lr11xx/src/smtc_shield_lr1110mb1dis.o
LOAD ./libs/smtc-shields/lr11xx/src/smtc_shield_lr1110mb1djs.o
LOAD ./libs/smtc-shields/lr11xx/src/smtc_shield_lr1110mb1dxs_common.o
LOAD ./libs/smtc-shields/lr11xx/src/smtc_shield_lr1110mb1gis.o
LOAD ./libs/smtc-shields/lr11xx/src/smtc_shield_lr1110mb1gjs.o
LOAD ./libs/smtc-shields/lr11xx/src/smtc_shield_lr1110mb1gxs_common.o
LOAD ./libs/smtc-shields/lr11xx/src/smtc_shield_lr1110mb1ipddis.o
LOAD ./libs/smtc-shields/lr11xx/src/smtc_shield_lr1110mb1pis.o
LOAD ./libs/smtc-shields/lr11xx/src/smtc_shield_lr1120mb1dis.o
LOAD ./libs/smtc-shields/lr11xx/src/smtc_shield_lr1120mb1djs.o
LOAD ./libs/smtc-shields/lr11xx/src/smtc_shield_lr1120mb1dxs_common.o
LOAD ./libs/smtc-shields/lr11xx/src/smtc_shield_lr1120mb1gis.o
LOAD ./libs/smtc-shields/lr11xx/src/smtc_shield_lr1120mb1gjs.o
LOAD ./libs/smtc-shields/lr11xx/src/smtc_shield_lr1120mb1gxs_common.o
LOAD ./libs/smtc-shields/lr11xx/src/smtc_shield_lr1120mb1ipddis.o
LOAD ./libs/smtc-shields/lr11xx/src/smtc_shield_lr1120mb1pis.o
LOAD ./libs/smtc-shields/lr11xx/src/smtc_shield_lr1121mb1dis.o
LOAD ./libs/smtc-shields/lr11xx/src/smtc_shield_lr1121mb1gis.o
LOAD ./libs/smtc-shields/lr11xx/src/smtc_shield_lr11x0_common.o
LOAD ./libs/smtc-shields/lr11xx/src/smtc_shield_lr11x0mb1ipddis_common.o
LOAD ./libs/smtc-shields/lr11xx/src/smtc_shield_lr11x0mb1pis_common.o
LOAD ./libs/smtc-shields/lr11xx/src/smtc_shield_lr11x1_common.o
LOAD ./libs/smtc-shields/lr11xx/src/smtc_shield_lr11xx_common.o
LOAD ./libs/smtc_dbpsk_driver/src/smtc_dbpsk.o
LOAD ./lr11xx_driver/src/lr11xx_bootloader.o
LOAD ./lr11xx_driver/src/lr11xx_crypto_engine.o
LOAD ./lr11xx_driver/src/lr11xx_driver_version.o
LOAD ./lr11xx_driver/src/lr11xx_gnss.o
LOAD ./lr11xx_driver/src/lr11xx_lr_fhss.o
LOAD ./lr11xx_driver/src/lr11xx_radio.o
LOAD ./lr11xx_driver/src/lr11xx_radio_timings.o
LOAD ./lr11xx_driver/src/lr11xx_regmem.o
LOAD ./lr11xx_driver/src/lr11xx_rttof.o
LOAD ./lr11xx_driver/src/lr11xx_system.o
LOAD ./lr11xx_driver/src/lr11xx_wifi.o
LOAD ./ping_pong/main_ping_pong.o
START GROUP
LOAD C:/ST/STM32CubeIDE_1.18.1/STM32CubeIDE/plugins/com.st.stm32cube.ide.mcu.externaltools.gnu-tools-for-stm32.13.3.rel1.win32_1.0.0.202411081344/tools/bin/../lib/gcc/arm-none-eabi/13.3.1/../../../../arm-none-eabi/lib/thumb/v7e-m+fp/hard\libc_nano.a
LOAD C:/ST/STM32CubeIDE_1.18.1/STM32CubeIDE/plugins/com.st.stm32cube.ide.mcu.externaltools.gnu-tools-for-stm32.13.3.rel1.win32_1.0.0.202411081344/tools/bin/../lib/gcc/arm-none-eabi/13.3.1/../../../../arm-none-eabi/lib/thumb/v7e-m+fp/hard\libm.a
END GROUP
START GROUP
LOAD C:/ST/STM32CubeIDE_1.18.1/STM32CubeIDE/plugins/com.st.stm32cube.ide.mcu.externaltools.gnu-tools-for-stm32.13.3.rel1.win32_1.0.0.202411081344/tools/bin/../lib/gcc/arm-none-eabi/13.3.1/thumb/v7e-m+fp/hard\libgcc.a
LOAD C:/ST/STM32CubeIDE_1.18.1/STM32CubeIDE/plugins/com.st.stm32cube.ide.mcu.externaltools.gnu-tools-for-stm32.13.3.rel1.win32_1.0.0.202411081344/tools/bin/../lib/gcc/arm-none-eabi/13.3.1/../../../../arm-none-eabi/lib/thumb/v7e-m+fp/hard\libc_nano.a
END GROUP
START GROUP
LOAD C:/ST/STM32CubeIDE_1.18.1/STM32CubeIDE/plugins/com.st.stm32cube.ide.mcu.externaltools.gnu-tools-for-stm32.13.3.rel1.win32_1.0.0.202411081344/tools/bin/../lib/gcc/arm-none-eabi/13.3.1/thumb/v7e-m+fp/hard\libgcc.a
LOAD C:/ST/STM32CubeIDE_1.18.1/STM32CubeIDE/plugins/com.st.stm32cube.ide.mcu.externaltools.gnu-tools-for-stm32.13.3.rel1.win32_1.0.0.202411081344/tools/bin/../lib/gcc/arm-none-eabi/13.3.1/../../../../arm-none-eabi/lib/thumb/v7e-m+fp/hard\libc_nano.a
LOAD C:/ST/STM32CubeIDE_1.18.1/STM32CubeIDE/plugins/com.st.stm32cube.ide.mcu.externaltools.gnu-tools-for-stm32.13.3.rel1.win32_1.0.0.202411081344/tools/bin/../lib/gcc/arm-none-eabi/13.3.1/../../../../arm-none-eabi/lib/thumb/v7e-m+fp/hard\libnosys.a
END GROUP
START GROUP
LOAD C:/ST/STM32CubeIDE_1.18.1/STM32CubeIDE/plugins/com.st.stm32cube.ide.mcu.externaltools.gnu-tools-for-stm32.13.3.rel1.win32_1.0.0.202411081344/tools/bin/../lib/gcc/arm-none-eabi/13.3.1/thumb/v7e-m+fp/hard\libgcc.a
LOAD C:/ST/STM32CubeIDE_1.18.1/STM32CubeIDE/plugins/com.st.stm32cube.ide.mcu.externaltools.gnu-tools-for-stm32.13.3.rel1.win32_1.0.0.202411081344/tools/bin/../lib/gcc/arm-none-eabi/13.3.1/../../../../arm-none-eabi/lib/thumb/v7e-m+fp/hard\libc_nano.a
LOAD C:/ST/STM32CubeIDE_1.18.1/STM32CubeIDE/plugins/com.st.stm32cube.ide.mcu.externaltools.gnu-tools-for-stm32.13.3.rel1.win32_1.0.0.202411081344/tools/bin/../lib/gcc/arm-none-eabi/13.3.1/../../../../arm-none-eabi/lib/thumb/v7e-m+fp/hard\libnosys.a
END GROUP
LOAD C:/ST/STM32CubeIDE_1.18.1/STM32CubeIDE/plugins/com.st.stm32cube.ide.mcu.externaltools.gnu-tools-for-stm32.13.3.rel1.win32_1.0.0.202411081344/tools/bin/../lib/gcc/arm-none-eabi/13.3.1/thumb/v7e-m+fp/hard/crtend.o
LOAD C:/ST/STM32CubeIDE_1.18.1/STM32CubeIDE/plugins/com.st.stm32cube.ide.mcu.externaltools.gnu-tools-for-stm32.13.3.rel1.win32_1.0.0.202411081344/tools/bin/../lib/gcc/arm-none-eabi/13.3.1/thumb/v7e-m+fp/hard/crtn.o
                0x20018000                        _estack = (ORIGIN (RAM) + LENGTH (RAM))
                0x00000200                        _Min_Heap_Size = 0x200
                0x00000400                        _Min_Stack_Size = 0x400

.isr_vector     0x08000000      0x188
                0x08000000                        . = ALIGN (0x4)
 *(.isr_vector)
 .isr_vector    0x08000000      0x188 ./Core/Startup/startup_stm32l476rgtx.o
                0x08000000                g_pfnVectors
                0x08000188                        . = ALIGN (0x4)

.text           0x08000190     0xa334
                0x08000190                        . = ALIGN (0x4)
 *(.text)
 .text          0x08000190       0x40 C:/ST/STM32CubeIDE_1.18.1/STM32CubeIDE/plugins/com.st.stm32cube.ide.mcu.externaltools.gnu-tools-for-stm32.13.3.rel1.win32_1.0.0.202411081344/tools/bin/../lib/gcc/arm-none-eabi/13.3.1/thumb/v7e-m+fp/hard/crtbegin.o
 .text          0x080001d0       0x10 C:/ST/STM32CubeIDE_1.18.1/STM32CubeIDE/plugins/com.st.stm32cube.ide.mcu.externaltools.gnu-tools-for-stm32.13.3.rel1.win32_1.0.0.202411081344/tools/bin/../lib/gcc/arm-none-eabi/13.3.1/../../../../arm-none-eabi/lib/thumb/v7e-m+fp/hard\libc_nano.a(libc_a-strlen.o)
                0x080001d0                strlen
 .text          0x080001e0       0xa0 C:/ST/STM32CubeIDE_1.18.1/STM32CubeIDE/plugins/com.st.stm32cube.ide.mcu.externaltools.gnu-tools-for-stm32.13.3.rel1.win32_1.0.0.202411081344/tools/bin/../lib/gcc/arm-none-eabi/13.3.1/../../../../arm-none-eabi/lib/thumb/v7e-m+fp/hard\libc_nano.a(libc_a-memchr.o)
                0x080001e0                memchr
 .text          0x08000280       0x30 C:/ST/STM32CubeIDE_1.18.1/STM32CubeIDE/plugins/com.st.stm32cube.ide.mcu.externaltools.gnu-tools-for-stm32.13.3.rel1.win32_1.0.0.202411081344/tools/bin/../lib/gcc/arm-none-eabi/13.3.1/thumb/v7e-m+fp/hard\libgcc.a(_aeabi_uldivmod.o)
                0x08000280                __aeabi_uldivmod
 .text          0x080002b0      0x2f8 C:/ST/STM32CubeIDE_1.18.1/STM32CubeIDE/plugins/com.st.stm32cube.ide.mcu.externaltools.gnu-tools-for-stm32.13.3.rel1.win32_1.0.0.202411081344/tools/bin/../lib/gcc/arm-none-eabi/13.3.1/thumb/v7e-m+fp/hard\libgcc.a(_udivmoddi4.o)
                0x080002b0                __udivmoddi4
 .text          0x080005a8        0x4 C:/ST/STM32CubeIDE_1.18.1/STM32CubeIDE/plugins/com.st.stm32cube.ide.mcu.externaltools.gnu-tools-for-stm32.13.3.rel1.win32_1.0.0.202411081344/tools/bin/../lib/gcc/arm-none-eabi/13.3.1/thumb/v7e-m+fp/hard\libgcc.a(_dvmd_tls.o)
                0x080005a8                __aeabi_idiv0
                0x080005a8                __aeabi_ldiv0
 *(.text*)
 .text.__io_putchar
                0x080005ac       0x24 ./Core/Src/main.o
                0x080005ac                __io_putchar
 .text.main     0x080005d0       0x1c ./Core/Src/main.o
                0x080005d0                main
 .text.SystemClock_Config
                0x080005ec       0xa2 ./Core/Src/main.o
                0x080005ec                SystemClock_Config
 *fill*         0x0800068e        0x2 
 .text.MX_USART2_UART_Init
                0x08000690       0x60 ./Core/Src/main.o
 .text.MX_GPIO_Init
                0x080006f0       0xcc ./Core/Src/main.o
 .text.Error_Handler
                0x080007bc        0xc ./Core/Src/main.o
                0x080007bc                Error_Handler
 .text.LL_RCC_HSI_Enable
                0x080007c8       0x20 ./Core/Src/smtc_hal_mcu_stm32l4.o
 .text.LL_RCC_HSI_IsReady
                0x080007e8       0x28 ./Core/Src/smtc_hal_mcu_stm32l4.o
 .text.LL_RCC_HSI_SetCalibTrimming
                0x08000810       0x2c ./Core/Src/smtc_hal_mcu_stm32l4.o
 .text.LL_RCC_LSI_Enable
                0x0800083c       0x24 ./Core/Src/smtc_hal_mcu_stm32l4.o
 .text.LL_RCC_LSI_IsReady
                0x08000860       0x28 ./Core/Src/smtc_hal_mcu_stm32l4.o
 .text.LL_RCC_SetSysClkSource
                0x08000888       0x28 ./Core/Src/smtc_hal_mcu_stm32l4.o
 .text.LL_RCC_GetSysClkSource
                0x080008b0       0x1c ./Core/Src/smtc_hal_mcu_stm32l4.o
 .text.LL_RCC_SetAHBPrescaler
                0x080008cc       0x28 ./Core/Src/smtc_hal_mcu_stm32l4.o
 .text.LL_RCC_SetAPB1Prescaler
                0x080008f4       0x28 ./Core/Src/smtc_hal_mcu_stm32l4.o
 .text.LL_RCC_SetAPB2Prescaler
                0x0800091c       0x28 ./Core/Src/smtc_hal_mcu_stm32l4.o
 .text.LL_RCC_PLL_Enable
                0x08000944       0x20 ./Core/Src/smtc_hal_mcu_stm32l4.o
 .text.LL_RCC_PLL_IsReady
                0x08000964       0x28 ./Core/Src/smtc_hal_mcu_stm32l4.o
 .text.LL_RCC_PLL_ConfigDomain_SYS
                0x0800098c       0x40 ./Core/Src/smtc_hal_mcu_stm32l4.o
 .text.LL_RCC_PLL_EnableDomain_SYS
                0x080009cc       0x20 ./Core/Src/smtc_hal_mcu_stm32l4.o
 .text.LL_RCC_PLLSAI1_Enable
                0x080009ec       0x20 ./Core/Src/smtc_hal_mcu_stm32l4.o
 .text.LL_RCC_PLLSAI1_IsReady
                0x08000a0c       0x28 ./Core/Src/smtc_hal_mcu_stm32l4.o
 .text.LL_RCC_PLLSAI1_ConfigDomain_48M
                0x08000a34       0x4c ./Core/Src/smtc_hal_mcu_stm32l4.o
 .text.LL_RCC_PLLSAI1_EnableDomain_48M
                0x08000a80       0x20 ./Core/Src/smtc_hal_mcu_stm32l4.o
 .text.LL_FLASH_SetLatency
                0x08000aa0       0x28 ./Core/Src/smtc_hal_mcu_stm32l4.o
 .text.LL_FLASH_GetLatency
                0x08000ac8       0x1c ./Core/Src/smtc_hal_mcu_stm32l4.o
 .text.LL_PWR_SetRegulVoltageScaling
                0x08000ae4       0x28 ./Core/Src/smtc_hal_mcu_stm32l4.o
 .text.LL_APB2_GRP1_EnableClock
                0x08000b0c       0x30 ./Core/Src/smtc_hal_mcu_stm32l4.o
 .text.smtc_hal_mcu_init
                0x08000b3c       0xc8 ./Core/Src/smtc_hal_mcu_stm32l4.o
                0x08000b3c                smtc_hal_mcu_init
 .text.HAL_MspInit
                0x08000c04       0x48 ./Core/Src/stm32l4xx_hal_msp.o
                0x08000c04                HAL_MspInit
 .text.HAL_UART_MspInit
                0x08000c4c       0xb8 ./Core/Src/stm32l4xx_hal_msp.o
                0x08000c4c                HAL_UART_MspInit
 .text.NMI_Handler
                0x08000d04        0x8 ./Core/Src/stm32l4xx_it.o
                0x08000d04                NMI_Handler
 .text.HardFault_Handler
                0x08000d0c        0x8 ./Core/Src/stm32l4xx_it.o
                0x08000d0c                HardFault_Handler
 .text.MemManage_Handler
                0x08000d14        0x8 ./Core/Src/stm32l4xx_it.o
                0x08000d14                MemManage_Handler
 .text.BusFault_Handler
                0x08000d1c        0x8 ./Core/Src/stm32l4xx_it.o
                0x08000d1c                BusFault_Handler
 .text.UsageFault_Handler
                0x08000d24        0x8 ./Core/Src/stm32l4xx_it.o
                0x08000d24                UsageFault_Handler
 .text.SVC_Handler
                0x08000d2c        0xe ./Core/Src/stm32l4xx_it.o
                0x08000d2c                SVC_Handler
 .text.DebugMon_Handler
                0x08000d3a        0xe ./Core/Src/stm32l4xx_it.o
                0x08000d3a                DebugMon_Handler
 .text.PendSV_Handler
                0x08000d48        0xe ./Core/Src/stm32l4xx_it.o
                0x08000d48                PendSV_Handler
 .text.SysTick_Handler
                0x08000d56        0xc ./Core/Src/stm32l4xx_it.o
                0x08000d56                SysTick_Handler
 *fill*         0x08000d62        0x2 
 .text.LL_InitTick
                0x08000d64       0x34 ./Core/Src/stm32l4xx_ll_utils.o
 .text.LL_Init1msTick
                0x08000d98       0x1a ./Core/Src/stm32l4xx_ll_utils.o
                0x08000d98                LL_Init1msTick
 *fill*         0x08000db2        0x2 
 .text.LL_mDelay
                0x08000db4       0x50 ./Core/Src/stm32l4xx_ll_utils.o
                0x08000db4                LL_mDelay
 .text.LL_SetSystemCoreClock
                0x08000e04       0x20 ./Core/Src/stm32l4xx_ll_utils.o
                0x08000e04                LL_SetSystemCoreClock
 .text._getpid  0x08000e24       0x10 ./Core/Src/syscalls.o
                0x08000e24                _getpid
 .text._kill    0x08000e34       0x20 ./Core/Src/syscalls.o
                0x08000e34                _kill
 .text._exit    0x08000e54       0x16 ./Core/Src/syscalls.o
                0x08000e54                _exit
 .text._read    0x08000e6a       0x3a ./Core/Src/syscalls.o
                0x08000e6a                _read
 .text._write   0x08000ea4       0x38 ./Core/Src/syscalls.o
                0x08000ea4                _write
 .text._close   0x08000edc       0x18 ./Core/Src/syscalls.o
                0x08000edc                _close
 .text._fstat   0x08000ef4       0x20 ./Core/Src/syscalls.o
                0x08000ef4                _fstat
 .text._isatty  0x08000f14       0x16 ./Core/Src/syscalls.o
                0x08000f14                _isatty
 .text._lseek   0x08000f2a       0x1a ./Core/Src/syscalls.o
                0x08000f2a                _lseek
 .text._sbrk    0x08000f44       0x6c ./Core/Src/sysmem.o
                0x08000f44                _sbrk
 .text.SystemInit
                0x08000fb0       0x24 ./Core/Src/system_stm32l4xx.o
                0x08000fb0                SystemInit
 .text.Reset_Handler
                0x08000fd4       0x50 ./Core/Startup/startup_stm32l476rgtx.o
                0x08000fd4                Reset_Handler
 .text.Default_Handler
                0x08001024        0x2 ./Core/Startup/startup_stm32l476rgtx.o
                0x08001024                RTC_Alarm_IRQHandler
                0x08001024                TIM8_TRG_COM_IRQHandler
                0x08001024                TIM8_CC_IRQHandler
                0x08001024                TIM1_CC_IRQHandler
                0x08001024                TSC_IRQHandler
                0x08001024                TAMP_STAMP_IRQHandler
                0x08001024                LPTIM2_IRQHandler
                0x08001024                DFSDM1_FLT1_IRQHandler
                0x08001024                I2C3_ER_IRQHandler
                0x08001024                DFSDM1_FLT2_IRQHandler
                0x08001024                I2C2_EV_IRQHandler
                0x08001024                CAN1_RX0_IRQHandler
                0x08001024                FPU_IRQHandler
                0x08001024                TIM1_UP_TIM16_IRQHandler
                0x08001024                ADC1_2_IRQHandler
                0x08001024                SPI1_IRQHandler
                0x08001024                TIM6_DAC_IRQHandler
                0x08001024                TIM8_UP_IRQHandler
                0x08001024                DMA2_Channel2_IRQHandler
                0x08001024                DMA1_Channel4_IRQHandler
                0x08001024                SAI2_IRQHandler
                0x08001024                DFSDM1_FLT3_IRQHandler
                0x08001024                USART3_IRQHandler
                0x08001024                DMA1_Channel7_IRQHandler
                0x08001024                CAN1_RX1_IRQHandler
                0x08001024                LCD_IRQHandler
                0x08001024                UART5_IRQHandler
                0x08001024                ADC3_IRQHandler
                0x08001024                TIM4_IRQHandler
                0x08001024                DMA2_Channel1_IRQHandler
                0x08001024                QUADSPI_IRQHandler
                0x08001024                I2C1_EV_IRQHandler
                0x08001024                DMA1_Channel6_IRQHandler
                0x08001024                UART4_IRQHandler
                0x08001024                DMA2_Channel4_IRQHandler
                0x08001024                TIM3_IRQHandler
                0x08001024                RCC_IRQHandler
                0x08001024                DMA1_Channel1_IRQHandler
                0x08001024                Default_Handler
                0x08001024                DMA2_Channel7_IRQHandler
                0x08001024                TIM7_IRQHandler
                0x08001024                SDMMC1_IRQHandler
                0x08001024                TIM5_IRQHandler
                0x08001024                I2C3_EV_IRQHandler
                0x08001024                RTC_WKUP_IRQHandler
                0x08001024                PVD_PVM_IRQHandler
                0x08001024                SPI2_IRQHandler
                0x08001024                CAN1_TX_IRQHandler
                0x08001024                DMA2_Channel5_IRQHandler
                0x08001024                DMA1_Channel5_IRQHandler
                0x08001024                RNG_IRQHandler
                0x08001024                TIM1_TRG_COM_TIM17_IRQHandler
                0x08001024                DMA1_Channel3_IRQHandler
                0x08001024                COMP_IRQHandler
                0x08001024                WWDG_IRQHandler
                0x08001024                LPUART1_IRQHandler
                0x08001024                DMA2_Channel6_IRQHandler
                0x08001024                TIM2_IRQHandler
                0x08001024                DFSDM1_FLT0_IRQHandler
                0x08001024                I2C2_ER_IRQHandler
                0x08001024                DMA1_Channel2_IRQHandler
                0x08001024                TIM8_BRK_IRQHandler
                0x08001024                CAN1_SCE_IRQHandler
                0x08001024                FLASH_IRQHandler
                0x08001024                USART1_IRQHandler
                0x08001024                OTG_FS_IRQHandler
                0x08001024                SPI3_IRQHandler
                0x08001024                I2C1_ER_IRQHandler
                0x08001024                FMC_IRQHandler
                0x08001024                SWPMI1_IRQHandler
                0x08001024                LPTIM1_IRQHandler
                0x08001024                SAI1_IRQHandler
                0x08001024                DMA2_Channel3_IRQHandler
                0x08001024                TIM1_BRK_TIM15_IRQHandler
 *fill*         0x08001026        0x2 
 .text.HAL_Init
                0x08001028       0x40 ./Drivers/STM32L4xx_HAL_Driver/Src/stm32l4xx_hal.o
                0x08001028                HAL_Init
 .text.HAL_InitTick
                0x08001068       0x78 ./Drivers/STM32L4xx_HAL_Driver/Src/stm32l4xx_hal.o
                0x08001068                HAL_InitTick
 .text.HAL_IncTick
                0x080010e0       0x28 ./Drivers/STM32L4xx_HAL_Driver/Src/stm32l4xx_hal.o
                0x080010e0                HAL_IncTick
 .text.HAL_GetTick
                0x08001108       0x18 ./Drivers/STM32L4xx_HAL_Driver/Src/stm32l4xx_hal.o
                0x08001108                HAL_GetTick
 .text.__NVIC_SetPriorityGrouping
                0x08001120       0x48 ./Drivers/STM32L4xx_HAL_Driver/Src/stm32l4xx_hal_cortex.o
 .text.__NVIC_GetPriorityGrouping
                0x08001168       0x1c ./Drivers/STM32L4xx_HAL_Driver/Src/stm32l4xx_hal_cortex.o
 .text.__NVIC_SetPriority
                0x08001184       0x54 ./Drivers/STM32L4xx_HAL_Driver/Src/stm32l4xx_hal_cortex.o
 .text.NVIC_EncodePriority
                0x080011d8       0x66 ./Drivers/STM32L4xx_HAL_Driver/Src/stm32l4xx_hal_cortex.o
 *fill*         0x0800123e        0x2 
 .text.SysTick_Config
                0x08001240       0x44 ./Drivers/STM32L4xx_HAL_Driver/Src/stm32l4xx_hal_cortex.o
 .text.HAL_NVIC_SetPriorityGrouping
                0x08001284       0x16 ./Drivers/STM32L4xx_HAL_Driver/Src/stm32l4xx_hal_cortex.o
                0x08001284                HAL_NVIC_SetPriorityGrouping
 .text.HAL_NVIC_SetPriority
                0x0800129a       0x38 ./Drivers/STM32L4xx_HAL_Driver/Src/stm32l4xx_hal_cortex.o
                0x0800129a                HAL_NVIC_SetPriority
 .text.HAL_SYSTICK_Config
                0x080012d2       0x18 ./Drivers/STM32L4xx_HAL_Driver/Src/stm32l4xx_hal_cortex.o
                0x080012d2                HAL_SYSTICK_Config
 *fill*         0x080012ea        0x2 
 .text.HAL_GPIO_Init
                0x080012ec      0x354 ./Drivers/STM32L4xx_HAL_Driver/Src/stm32l4xx_hal_gpio.o
                0x080012ec                HAL_GPIO_Init
 .text.HAL_GPIO_WritePin
                0x08001640       0x30 ./Drivers/STM32L4xx_HAL_Driver/Src/stm32l4xx_hal_gpio.o
                0x08001640                HAL_GPIO_WritePin
 .text.HAL_PWREx_GetVoltageRange
                0x08001670       0x1c ./Drivers/STM32L4xx_HAL_Driver/Src/stm32l4xx_hal_pwr_ex.o
                0x08001670                HAL_PWREx_GetVoltageRange
 .text.HAL_PWREx_ControlVoltageScaling
                0x0800168c       0xac ./Drivers/STM32L4xx_HAL_Driver/Src/stm32l4xx_hal_pwr_ex.o
                0x0800168c                HAL_PWREx_ControlVoltageScaling
 .text.HAL_RCC_OscConfig
                0x08001738      0x7b8 ./Drivers/STM32L4xx_HAL_Driver/Src/stm32l4xx_hal_rcc.o
                0x08001738                HAL_RCC_OscConfig
 .text.HAL_RCC_ClockConfig
                0x08001ef0      0x200 ./Drivers/STM32L4xx_HAL_Driver/Src/stm32l4xx_hal_rcc.o
                0x08001ef0                HAL_RCC_ClockConfig
 .text.HAL_RCC_GetSysClockFreq
                0x080020f0      0x118 ./Drivers/STM32L4xx_HAL_Driver/Src/stm32l4xx_hal_rcc.o
                0x080020f0                HAL_RCC_GetSysClockFreq
 .text.HAL_RCC_GetHCLKFreq
                0x08002208       0x18 ./Drivers/STM32L4xx_HAL_Driver/Src/stm32l4xx_hal_rcc.o
                0x08002208                HAL_RCC_GetHCLKFreq
 .text.HAL_RCC_GetPCLK1Freq
                0x08002220       0x2c ./Drivers/STM32L4xx_HAL_Driver/Src/stm32l4xx_hal_rcc.o
                0x08002220                HAL_RCC_GetPCLK1Freq
 .text.HAL_RCC_GetPCLK2Freq
                0x0800224c       0x2c ./Drivers/STM32L4xx_HAL_Driver/Src/stm32l4xx_hal_rcc.o
                0x0800224c                HAL_RCC_GetPCLK2Freq
 .text.RCC_SetFlashLatencyFromMSIRange
                0x08002278       0xc0 ./Drivers/STM32L4xx_HAL_Driver/Src/stm32l4xx_hal_rcc.o
 .text.HAL_RCCEx_PeriphCLKConfig
                0x08002338      0x5d4 ./Drivers/STM32L4xx_HAL_Driver/Src/stm32l4xx_hal_rcc_ex.o
                0x08002338                HAL_RCCEx_PeriphCLKConfig
 .text.RCCEx_PLLSAI1_Config
                0x0800290c      0x1e8 ./Drivers/STM32L4xx_HAL_Driver/Src/stm32l4xx_hal_rcc_ex.o
 .text.RCCEx_PLLSAI2_Config
                0x08002af4      0x1bc ./Drivers/STM32L4xx_HAL_Driver/Src/stm32l4xx_hal_rcc_ex.o
 .text.HAL_UART_Init
                0x08002cb0       0x9c ./Drivers/STM32L4xx_HAL_Driver/Src/stm32l4xx_hal_uart.o
                0x08002cb0                HAL_UART_Init
 .text.HAL_UART_Transmit
                0x08002d4c      0x112 ./Drivers/STM32L4xx_HAL_Driver/Src/stm32l4xx_hal_uart.o
                0x08002d4c                HAL_UART_Transmit
 *fill*         0x08002e5e        0x2 
 .text.UART_SetConfig
                0x08002e60      0x570 ./Drivers/STM32L4xx_HAL_Driver/Src/stm32l4xx_hal_uart.o
                0x08002e60                UART_SetConfig
 .text.UART_AdvFeatureConfig
                0x080033d0      0x144 ./Drivers/STM32L4xx_HAL_Driver/Src/stm32l4xx_hal_uart.o
                0x080033d0                UART_AdvFeatureConfig
 .text.UART_CheckIdleState
                0x08003514      0x150 ./Drivers/STM32L4xx_HAL_Driver/Src/stm32l4xx_hal_uart.o
                0x08003514                UART_CheckIdleState
 .text.UART_WaitOnFlagUntilTimeout
                0x08003664       0xda ./Drivers/STM32L4xx_HAL_Driver/Src/stm32l4xx_hal_uart.o
                0x08003664                UART_WaitOnFlagUntilTimeout
 .text.UART_EndRxTransfer
                0x0800373e       0xc8 ./Drivers/STM32L4xx_HAL_Driver/Src/stm32l4xx_hal_uart.o
 *fill*         0x08003806        0x2 
 .text.LL_RCC_HSI_IsReady
                0x08003808       0x28 ./Drivers/STM32L4xx_HAL_Driver/Src/stm32l4xx_ll_rcc.o
 .text.LL_RCC_LSE_IsReady
                0x08003830       0x28 ./Drivers/STM32L4xx_HAL_Driver/Src/stm32l4xx_ll_rcc.o
 .text.LL_RCC_MSI_IsEnabledRangeSelect
                0x08003858       0x24 ./Drivers/STM32L4xx_HAL_Driver/Src/stm32l4xx_ll_rcc.o
 .text.LL_RCC_MSI_GetRange
                0x0800387c       0x1c ./Drivers/STM32L4xx_HAL_Driver/Src/stm32l4xx_ll_rcc.o
 .text.LL_RCC_MSI_GetRangeAfterStandby
                0x08003898       0x1c ./Drivers/STM32L4xx_HAL_Driver/Src/stm32l4xx_ll_rcc.o
 .text.LL_RCC_GetSysClkSource
                0x080038b4       0x1c ./Drivers/STM32L4xx_HAL_Driver/Src/stm32l4xx_ll_rcc.o
 .text.LL_RCC_GetAHBPrescaler
                0x080038d0       0x1c ./Drivers/STM32L4xx_HAL_Driver/Src/stm32l4xx_ll_rcc.o
 .text.LL_RCC_GetAPB1Prescaler
                0x080038ec       0x1c ./Drivers/STM32L4xx_HAL_Driver/Src/stm32l4xx_ll_rcc.o
 .text.LL_RCC_GetAPB2Prescaler
                0x08003908       0x1c ./Drivers/STM32L4xx_HAL_Driver/Src/stm32l4xx_ll_rcc.o
 .text.LL_RCC_GetUSARTClockSource
                0x08003924       0x28 ./Drivers/STM32L4xx_HAL_Driver/Src/stm32l4xx_ll_rcc.o
 .text.LL_RCC_GetUARTClockSource
                0x0800394c       0x28 ./Drivers/STM32L4xx_HAL_Driver/Src/stm32l4xx_ll_rcc.o
 .text.LL_RCC_PLL_GetMainSource
                0x08003974       0x1c ./Drivers/STM32L4xx_HAL_Driver/Src/stm32l4xx_ll_rcc.o
 .text.LL_RCC_PLL_GetN
                0x08003990       0x1c ./Drivers/STM32L4xx_HAL_Driver/Src/stm32l4xx_ll_rcc.o
 .text.LL_RCC_PLL_GetR
                0x080039ac       0x1c ./Drivers/STM32L4xx_HAL_Driver/Src/stm32l4xx_ll_rcc.o
 .text.LL_RCC_PLL_GetDivider
                0x080039c8       0x1c ./Drivers/STM32L4xx_HAL_Driver/Src/stm32l4xx_ll_rcc.o
 .text.LL_RCC_GetUSARTClockFreq
                0x080039e4      0x1c4 ./Drivers/STM32L4xx_HAL_Driver/Src/stm32l4xx_ll_rcc.o
                0x080039e4                LL_RCC_GetUSARTClockFreq
 .text.LL_RCC_GetUARTClockFreq
                0x08003ba8      0x128 ./Drivers/STM32L4xx_HAL_Driver/Src/stm32l4xx_ll_rcc.o
                0x08003ba8                LL_RCC_GetUARTClockFreq
 .text.RCC_GetSystemClockFreq
                0x08003cd0      0x120 ./Drivers/STM32L4xx_HAL_Driver/Src/stm32l4xx_ll_rcc.o
 .text.RCC_GetHCLKClockFreq
                0x08003df0       0x2c ./Drivers/STM32L4xx_HAL_Driver/Src/stm32l4xx_ll_rcc.o
 .text.RCC_GetPCLK1ClockFreq
                0x08003e1c       0x28 ./Drivers/STM32L4xx_HAL_Driver/Src/stm32l4xx_ll_rcc.o
 .text.RCC_GetPCLK2ClockFreq
                0x08003e44       0x28 ./Drivers/STM32L4xx_HAL_Driver/Src/stm32l4xx_ll_rcc.o
 .text.RCC_PLL_GetFreqDomain_SYS
                0x08003e6c      0x118 ./Drivers/STM32L4xx_HAL_Driver/Src/stm32l4xx_ll_rcc.o
 .text.apps_common_compute_lora_ldro
                0x08003f84       0xd0 ./common/apps_common.o
 .text.smtc_shield_lr11xx_get_pa_pwr_cfg
                0x08004054       0x26 ./common/apps_common.o
 .text.smtc_shield_lr11xx_get_rssi_calibration_table
                0x0800407a       0x1c ./common/apps_common.o
 .text.smtc_shield_lr11xx_get_rf_switch_cfg
                0x08004096       0x18 ./common/apps_common.o
 .text.smtc_shield_lr11xx_get_reg_mode
                0x080040ae       0x18 ./common/apps_common.o
 .text.smtc_shield_lr11xx_get_xosc_cfg
                0x080040c6       0x18 ./common/apps_common.o
 .text.smtc_shield_lr11xx_get_lfclk_cfg
                0x080040de       0x18 ./common/apps_common.o
 .text.smtc_shield_lr11xx_get_pinout
                0x080040f6       0x18 ./common/apps_common.o
 *fill*         0x0800410e        0x2 
 .text.apps_common_lr11xx_get_context
                0x08004110      0x104 ./common/apps_common.o
                0x08004110                apps_common_lr11xx_get_context
 .text.apps_common_shield_init
                0x08004214      0x124 ./common/apps_common.o
                0x08004214                apps_common_shield_init
 .text.apps_common_lr11xx_system_init
                0x08004338      0x2d8 ./common/apps_common.o
                0x08004338                apps_common_lr11xx_system_init
 .text.apps_common_lr11xx_fetch_and_print_version
                0x08004610       0x26 ./common/apps_common.o
                0x08004610                apps_common_lr11xx_fetch_and_print_version
 *fill*         0x08004636        0x2 
 .text.apps_common_lr11xx_fetch_version
                0x08004638       0x6c ./common/apps_common.o
                0x08004638                apps_common_lr11xx_fetch_version
 .text.apps_common_lr11xx_print_version
                0x080046a4      0x104 ./common/apps_common.o
                0x080046a4                apps_common_lr11xx_print_version
 .text.apps_common_print_sdk_driver_version
                0x080047a8       0x16 ./common/apps_common.o
                0x080047a8                apps_common_print_sdk_driver_version
 *fill*         0x080047be        0x2 
 .text.apps_common_lr11xx_radio_init
                0x080047c0      0x30c ./common/apps_common.o
                0x080047c0                apps_common_lr11xx_radio_init
 .text.apps_common_lr11xx_receive
                0x08004acc      0x120 ./common/apps_common.o
                0x08004acc                apps_common_lr11xx_receive
 .text.apps_common_lr11xx_irq_process
                0x08004bec      0x240 ./common/apps_common.o
                0x08004bec                apps_common_lr11xx_irq_process
 .text.apps_common_lr11xx_handle_pre_tx
                0x08004e2c       0x28 ./common/apps_common.o
                0x08004e2c                apps_common_lr11xx_handle_pre_tx
 .text.apps_common_lr11xx_handle_post_tx
                0x08004e54       0x28 ./common/apps_common.o
                0x08004e54                apps_common_lr11xx_handle_post_tx
 .text.apps_common_lr11xx_handle_pre_rx
                0x08004e7c       0x28 ./common/apps_common.o
                0x08004e7c                apps_common_lr11xx_handle_pre_rx
 .text.apps_common_lr11xx_handle_post_rx
                0x08004ea4       0x28 ./common/apps_common.o
                0x08004ea4                apps_common_lr11xx_handle_post_rx
 .text.get_time_on_air_in_ms
                0x08004ecc       0x1c ./common/apps_common.o
                0x08004ecc                get_time_on_air_in_ms
 .text.print_common_configuration
                0x08004ee8       0x6c ./common/apps_common.o
                0x08004ee8                print_common_configuration
 .text.print_lora_configuration
                0x08004f54       0xd0 ./common/apps_common.o
                0x08004f54                print_lora_configuration
 .text.print_driver_version
                0x08005024       0x1c ./common/apps_common.o
 .text.radio_on_dio_irq
                0x08005040       0x20 ./common/apps_common.o
                0x08005040                radio_on_dio_irq
 .text.on_preamble_detected
                0x08005060       0x14 ./common/apps_common.o
                0x08005060                on_preamble_detected
 .text.on_syncword_header_valid
                0x08005074       0x14 ./common/apps_common.o
                0x08005074                on_syncword_header_valid
 .text.on_header_error
                0x08005088       0x14 ./common/apps_common.o
                0x08005088                on_header_error
 .text.on_cad_done_undetected
                0x0800509c       0x14 ./common/apps_common.o
                0x0800509c                on_cad_done_undetected
 .text.on_cad_done_detected
                0x080050b0       0x14 ./common/apps_common.o
                0x080050b0                on_cad_done_detected
 .text.on_lora_rx_timestamp
                0x080050c4       0x14 ./common/apps_common.o
                0x080050c4                on_lora_rx_timestamp
 .text.on_wifi_scan_done
                0x080050d8       0x14 ./common/apps_common.o
                0x080050d8                on_wifi_scan_done
 .text.on_gnss_scan_done
                0x080050ec       0x14 ./common/apps_common.o
                0x080050ec                on_gnss_scan_done
 .text.on_rttof_request_valid
                0x08005100       0x14 ./common/apps_common.o
                0x08005100                on_rttof_request_valid
 .text.on_rttof_request_discarded
                0x08005114       0x14 ./common/apps_common.o
                0x08005114                on_rttof_request_discarded
 .text.on_rttof_response_done
                0x08005128       0x14 ./common/apps_common.o
                0x08005128                on_rttof_response_done
 .text.on_rttof_exchange_valid
                0x0800513c       0x14 ./common/apps_common.o
                0x0800513c                on_rttof_exchange_valid
 .text.on_rttof_timeout
                0x08005150       0x14 ./common/apps_common.o
                0x08005150                on_rttof_timeout
 .text.lr11xx_hal_reset
                0x08005164       0x34 ./common/lr11xx_hal.o
                0x08005164                lr11xx_hal_reset
 .text.lr11xx_hal_write
                0x08005198       0x58 ./common/lr11xx_hal.o
                0x08005198                lr11xx_hal_write
 .text.lr11xx_hal_read
                0x080051f0       0x90 ./common/lr11xx_hal.o
                0x080051f0                lr11xx_hal_read
 .text.lr11xx_hal_direct_read
                0x08005280       0x48 ./common/lr11xx_hal.o
                0x08005280                lr11xx_hal_direct_read
 .text.lr11xx_hal_wait_on_busy
                0x080052c8       0x2c ./common/lr11xx_hal.o
                0x080052c8                lr11xx_hal_wait_on_busy
 .text.LL_SPI_Enable
                0x080052f4       0x20 ./common/smtc_hal_mcu_spi_stm32l4.o
 .text.LL_SPI_IsEnabled
                0x08005314       0x26 ./common/smtc_hal_mcu_spi_stm32l4.o
 .text.LL_SPI_SetStandard
                0x0800533a       0x26 ./common/smtc_hal_mcu_spi_stm32l4.o
 .text.LL_SPI_SetRxFIFOThreshold
                0x08005360       0x26 ./common/smtc_hal_mcu_spi_stm32l4.o
 .text.LL_SPI_DisableNSSPulseMgt
                0x08005386       0x20 ./common/smtc_hal_mcu_spi_stm32l4.o
 .text.LL_SPI_GetRxFIFOLevel
                0x080053a6       0x1c ./common/smtc_hal_mcu_spi_stm32l4.o
 .text.LL_SPI_GetTxFIFOLevel
                0x080053c2       0x1c ./common/smtc_hal_mcu_spi_stm32l4.o
 .text.LL_SPI_ReceiveData8
                0x080053de       0x1c ./common/smtc_hal_mcu_spi_stm32l4.o
 .text.LL_SPI_TransmitData8
                0x080053fa       0x24 ./common/smtc_hal_mcu_spi_stm32l4.o
 *fill*         0x0800541e        0x2 
 .text.LL_AHB2_GRP1_EnableClock
                0x08005420       0x30 ./common/smtc_hal_mcu_spi_stm32l4.o
 .text.LL_APB1_GRP1_EnableClock
                0x08005450       0x30 ./common/smtc_hal_mcu_spi_stm32l4.o
 .text.LL_APB2_GRP1_EnableClock
                0x08005480       0x30 ./common/smtc_hal_mcu_spi_stm32l4.o
 .text.smtc_hal_mcu_spi_init
                0x080054b0      0x13c ./common/smtc_hal_mcu_spi_stm32l4.o
                0x080054b0                smtc_hal_mcu_spi_init
 .text.smtc_hal_mcu_spi_rw_buffer
                0x080055ec       0xda ./common/smtc_hal_mcu_spi_stm32l4.o
                0x080055ec                smtc_hal_mcu_spi_rw_buffer
 *fill*         0x080056c6        0x2 
 .text.smtc_hal_mcu_spi_stm32l4_get_free_slot
                0x080056c8       0x48 ./common/smtc_hal_mcu_spi_stm32l4.o
 .text.smtc_hal_mcu_spi_stm32l4_is_real_inst
                0x08005710       0x40 ./common/smtc_hal_mcu_spi_stm32l4.o
 .text.__NVIC_EnableIRQ
                0x08005750       0x3c ./common/smtc_hal_mcu_uart_stm32l4.o
 .text.__NVIC_SetPriority
                0x0800578c       0x54 ./common/smtc_hal_mcu_uart_stm32l4.o
 .text.LL_USART_Enable
                0x080057e0       0x20 ./common/smtc_hal_mcu_uart_stm32l4.o
 .text.LL_USART_IsEnabled
                0x08005800       0x26 ./common/smtc_hal_mcu_uart_stm32l4.o
 .text.LL_USART_ConfigAsyncMode
                0x08005826       0x2c ./common/smtc_hal_mcu_uart_stm32l4.o
 .text.LL_USART_IsActiveFlag_RXNE
                0x08005852       0x26 ./common/smtc_hal_mcu_uart_stm32l4.o
 .text.LL_USART_IsActiveFlag_TC
                0x08005878       0x26 ./common/smtc_hal_mcu_uart_stm32l4.o
 .text.LL_USART_IsActiveFlag_TXE
                0x0800589e       0x26 ./common/smtc_hal_mcu_uart_stm32l4.o
 .text.LL_USART_EnableIT_RXNE
                0x080058c4       0x42 ./common/smtc_hal_mcu_uart_stm32l4.o
 .text.LL_USART_IsEnabledIT_RXNE
                0x08005906       0x26 ./common/smtc_hal_mcu_uart_stm32l4.o
 .text.LL_USART_ReceiveData8
                0x0800592c       0x1c ./common/smtc_hal_mcu_uart_stm32l4.o
 .text.LL_USART_TransmitData8
                0x08005948       0x20 ./common/smtc_hal_mcu_uart_stm32l4.o
 .text.LL_USART_RequestRxDataFlush
                0x08005968       0x24 ./common/smtc_hal_mcu_uart_stm32l4.o
 .text.LL_USART_RequestTxDataFlush
                0x0800598c       0x24 ./common/smtc_hal_mcu_uart_stm32l4.o
 .text.LL_AHB2_GRP1_EnableClock
                0x080059b0       0x30 ./common/smtc_hal_mcu_uart_stm32l4.o
 .text.LL_APB1_GRP1_EnableClock
                0x080059e0       0x30 ./common/smtc_hal_mcu_uart_stm32l4.o
 .text.smtc_hal_mcu_uart_init
                0x08005a10      0x110 ./common/smtc_hal_mcu_uart_stm32l4.o
                0x08005a10                smtc_hal_mcu_uart_init
 .text.smtc_hal_mcu_uart_send
                0x08005b20       0x68 ./common/smtc_hal_mcu_uart_stm32l4.o
                0x08005b20                smtc_hal_mcu_uart_send
 .text.smtc_hal_mcu_uart_stm32l4_get_free_slot
                0x08005b88       0x54 ./common/smtc_hal_mcu_uart_stm32l4.o
 .text.USART2_IRQHandler
                0x08005bdc       0x98 ./common/smtc_hal_mcu_uart_stm32l4.o
                0x08005bdc                USART2_IRQHandler
 .text.LL_EXTI_EnableIT_0_31
                0x08005c74       0x24 ./common/stm32l4xx_ll_exti.o
 .text.LL_EXTI_EnableIT_32_63
                0x08005c98       0x24 ./common/stm32l4xx_ll_exti.o
 .text.LL_EXTI_DisableIT_0_31
                0x08005cbc       0x28 ./common/stm32l4xx_ll_exti.o
 .text.LL_EXTI_DisableIT_32_63
                0x08005ce4       0x28 ./common/stm32l4xx_ll_exti.o
 .text.LL_EXTI_EnableEvent_0_31
                0x08005d0c       0x24 ./common/stm32l4xx_ll_exti.o
 .text.LL_EXTI_EnableEvent_32_63
                0x08005d30       0x24 ./common/stm32l4xx_ll_exti.o
 .text.LL_EXTI_DisableEvent_0_31
                0x08005d54       0x28 ./common/stm32l4xx_ll_exti.o
 .text.LL_EXTI_DisableEvent_32_63
                0x08005d7c       0x28 ./common/stm32l4xx_ll_exti.o
 .text.LL_EXTI_EnableRisingTrig_0_31
                0x08005da4       0x24 ./common/stm32l4xx_ll_exti.o
 .text.LL_EXTI_EnableRisingTrig_32_63
                0x08005dc8       0x24 ./common/stm32l4xx_ll_exti.o
 .text.LL_EXTI_DisableRisingTrig_0_31
                0x08005dec       0x28 ./common/stm32l4xx_ll_exti.o
 .text.LL_EXTI_DisableRisingTrig_32_63
                0x08005e14       0x28 ./common/stm32l4xx_ll_exti.o
 .text.LL_EXTI_EnableFallingTrig_0_31
                0x08005e3c       0x24 ./common/stm32l4xx_ll_exti.o
 .text.LL_EXTI_EnableFallingTrig_32_63
                0x08005e60       0x24 ./common/stm32l4xx_ll_exti.o
 .text.LL_EXTI_DisableFallingTrig_0_31
                0x08005e84       0x28 ./common/stm32l4xx_ll_exti.o
 .text.LL_EXTI_DisableFallingTrig_32_63
                0x08005eac       0x28 ./common/stm32l4xx_ll_exti.o
 .text.LL_EXTI_Init
                0x08005ed4      0x1e8 ./common/stm32l4xx_ll_exti.o
                0x08005ed4                LL_EXTI_Init
 .text.LL_GPIO_SetPinMode
                0x080060bc       0x7a ./common/stm32l4xx_ll_gpio.o
 .text.LL_GPIO_SetPinOutputType
                0x08006136       0x30 ./common/stm32l4xx_ll_gpio.o
 .text.LL_GPIO_SetPinSpeed
                0x08006166       0x7a ./common/stm32l4xx_ll_gpio.o
 .text.LL_GPIO_SetPinPull
                0x080061e0       0x7a ./common/stm32l4xx_ll_gpio.o
 .text.LL_GPIO_SetAFPin_0_7
                0x0800625a       0x7a ./common/stm32l4xx_ll_gpio.o
 .text.LL_GPIO_SetAFPin_8_15
                0x080062d4       0x7e ./common/stm32l4xx_ll_gpio.o
 .text.LL_GPIO_Init
                0x08006352       0xdc ./common/stm32l4xx_ll_gpio.o
                0x08006352                LL_GPIO_Init
 .text.LL_SPI_IsEnabled
                0x0800642e       0x26 ./common/stm32l4xx_ll_spi.o
 .text.LL_SPI_SetRxFIFOThreshold
                0x08006454       0x26 ./common/stm32l4xx_ll_spi.o
 .text.LL_SPI_SetCRCPolynomial
                0x0800647a       0x20 ./common/stm32l4xx_ll_spi.o
 .text.LL_SPI_Init
                0x0800649a       0xb0 ./common/stm32l4xx_ll_spi.o
                0x0800649a                LL_SPI_Init
 .text.LL_USART_IsEnabled
                0x0800654a       0x26 ./common/stm32l4xx_ll_usart.o
 .text.LL_USART_SetStopBitsLength
                0x08006570       0x26 ./common/stm32l4xx_ll_usart.o
 .text.LL_USART_SetHWFlowCtrl
                0x08006596       0x26 ./common/stm32l4xx_ll_usart.o
 .text.LL_USART_SetBaudRate
                0x080065bc       0x6e ./common/stm32l4xx_ll_usart.o
 *fill*         0x0800662a        0x2 
 .text.LL_USART_Init
                0x0800662c      0x104 ./common/stm32l4xx_ll_usart.o
                0x0800662c                LL_USART_Init
 .text.lr11xx_radio_fallback_modes_to_str
                0x08006730       0x48 ./common/printers/lr11xx_radio_types_str.o
                0x08006730                lr11xx_radio_fallback_modes_to_str
 .text.lr11xx_radio_lora_sf_to_str
                0x08006778       0x8c ./common/printers/lr11xx_radio_types_str.o
                0x08006778                lr11xx_radio_lora_sf_to_str
 .text.lr11xx_radio_lora_bw_to_str
                0x08006804       0xc8 ./common/printers/lr11xx_radio_types_str.o
                0x08006804                lr11xx_radio_lora_bw_to_str
 .text.lr11xx_radio_lora_cr_to_str
                0x080068cc       0x8c ./common/printers/lr11xx_radio_types_str.o
                0x080068cc                lr11xx_radio_lora_cr_to_str
 .text.lr11xx_radio_lora_crc_to_str
                0x08006958       0x38 ./common/printers/lr11xx_radio_types_str.o
                0x08006958                lr11xx_radio_lora_crc_to_str
 .text.lr11xx_radio_lora_pkt_len_modes_to_str
                0x08006990       0x38 ./common/printers/lr11xx_radio_types_str.o
                0x08006990                lr11xx_radio_lora_pkt_len_modes_to_str
 .text.lr11xx_radio_lora_iq_to_str
                0x080069c8       0x38 ./common/printers/lr11xx_radio_types_str.o
                0x080069c8                lr11xx_radio_lora_iq_to_str
 .text.lr11xx_radio_pkt_type_to_str
                0x08006a00       0x74 ./common/printers/lr11xx_radio_types_str.o
                0x08006a00                lr11xx_radio_pkt_type_to_str
 .text.common_version_print
                0x08006a74       0x1c ./common/src/common_version.o
                0x08006a74                common_version_print
 .text.hal_mcu_trace_print
                0x08006a90       0x30 ./common/src/smtc_hal_dbg_trace.o
                0x08006a90                hal_mcu_trace_print
 .text.__NVIC_EnableIRQ
                0x08006ac0       0x3c ./common/src/smtc_hal_mcu_gpio_stm32l4.o
 .text.__NVIC_SetPriority
                0x08006afc       0x54 ./common/src/smtc_hal_mcu_gpio_stm32l4.o
 .text.LL_GPIO_GetPinMode
                0x08006b50       0x6e ./common/src/smtc_hal_mcu_gpio_stm32l4.o
 .text.LL_GPIO_IsInputPinSet
                0x08006bbe       0x2a ./common/src/smtc_hal_mcu_gpio_stm32l4.o
 .text.LL_GPIO_IsOutputPinSet
                0x08006be8       0x2a ./common/src/smtc_hal_mcu_gpio_stm32l4.o
 .text.LL_GPIO_SetOutputPin
                0x08006c12       0x1c ./common/src/smtc_hal_mcu_gpio_stm32l4.o
 .text.LL_GPIO_ResetOutputPin
                0x08006c2e       0x1c ./common/src/smtc_hal_mcu_gpio_stm32l4.o
 *fill*         0x08006c4a        0x2 
 .text.LL_AHB2_GRP1_EnableClock
                0x08006c4c       0x30 ./common/src/smtc_hal_mcu_gpio_stm32l4.o
 .text.LL_EXTI_IsActiveFlag_0_31
                0x08006c7c       0x2c ./common/src/smtc_hal_mcu_gpio_stm32l4.o
 .text.LL_EXTI_ClearFlag_0_31
                0x08006ca8       0x20 ./common/src/smtc_hal_mcu_gpio_stm32l4.o
 .text.LL_SYSCFG_SetEXTISource
                0x08006cc8       0x70 ./common/src/smtc_hal_mcu_gpio_stm32l4.o
 .text.smtc_hal_mcu_gpio_init_output
                0x08006d38       0xd8 ./common/src/smtc_hal_mcu_gpio_stm32l4.o
                0x08006d38                smtc_hal_mcu_gpio_init_output
 .text.smtc_hal_mcu_gpio_init_input
                0x08006e10      0x150 ./common/src/smtc_hal_mcu_gpio_stm32l4.o
                0x08006e10                smtc_hal_mcu_gpio_init_input
 .text.smtc_hal_mcu_gpio_set_state
                0x08006f60       0x5e ./common/src/smtc_hal_mcu_gpio_stm32l4.o
                0x08006f60                smtc_hal_mcu_gpio_set_state
 .text.smtc_hal_mcu_gpio_get_state
                0x08006fbe       0x94 ./common/src/smtc_hal_mcu_gpio_stm32l4.o
                0x08006fbe                smtc_hal_mcu_gpio_get_state
 .text.smtc_hal_mcu_gpio_enable_irq
                0x08007052       0x72 ./common/src/smtc_hal_mcu_gpio_stm32l4.o
                0x08007052                smtc_hal_mcu_gpio_enable_irq
 .text.smtc_hal_mcu_gpio_stm32l4_is_configured
                0x080070c4       0x78 ./common/src/smtc_hal_mcu_gpio_stm32l4.o
 .text.smtc_hal_mcu_gpio_stm32l4_get_free_slot
                0x0800713c       0x54 ./common/src/smtc_hal_mcu_gpio_stm32l4.o
 .text.smtc_hal_mcu_gpio_stm32l4_is_real_inst
                0x08007190       0x44 ./common/src/smtc_hal_mcu_gpio_stm32l4.o
 .text.smtc_hal_mcu_gpio_stm32l4_enable_clock
                0x080071d4       0xb4 ./common/src/smtc_hal_mcu_gpio_stm32l4.o
 .text.smtc_hal_mcu_gpio_stm32l4_get_exti_cfg
                0x08007288      0x2e4 ./common/src/smtc_hal_mcu_gpio_stm32l4.o
 .text.smtc_hal_mcu_gpio_stm32l4_get_trigger
                0x0800756c       0x5c ./common/src/smtc_hal_mcu_gpio_stm32l4.o
 .text.smtc_hal_mcu_gpio_stm32l4_call_exti_callback
                0x080075c8       0x98 ./common/src/smtc_hal_mcu_gpio_stm32l4.o
 .text.EXTI0_IRQHandler
                0x08007660       0x20 ./common/src/smtc_hal_mcu_gpio_stm32l4.o
                0x08007660                EXTI0_IRQHandler
 .text.EXTI1_IRQHandler
                0x08007680       0x20 ./common/src/smtc_hal_mcu_gpio_stm32l4.o
                0x08007680                EXTI1_IRQHandler
 .text.EXTI2_IRQHandler
                0x080076a0       0x20 ./common/src/smtc_hal_mcu_gpio_stm32l4.o
                0x080076a0                EXTI2_IRQHandler
 .text.EXTI3_IRQHandler
                0x080076c0       0x20 ./common/src/smtc_hal_mcu_gpio_stm32l4.o
                0x080076c0                EXTI3_IRQHandler
 .text.EXTI4_IRQHandler
                0x080076e0       0x20 ./common/src/smtc_hal_mcu_gpio_stm32l4.o
                0x080076e0                EXTI4_IRQHandler
 .text.EXTI9_5_IRQHandler
                0x08007700       0x8c ./common/src/smtc_hal_mcu_gpio_stm32l4.o
                0x08007700                EXTI9_5_IRQHandler
 .text.EXTI15_10_IRQHandler
                0x0800778c       0xbc ./common/src/smtc_hal_mcu_gpio_stm32l4.o
                0x0800778c                EXTI15_10_IRQHandler
 .text.smtc_shield_pinout_mapping_get_gpio_cfg
                0x08007848       0x24 ./common/src/smtc_shield_pinout_mapping.o
                0x08007848                smtc_shield_pinout_mapping_get_gpio_cfg
 .text.uart_init
                0x0800786c        0xe ./common/src/uart_init.o
                0x0800786c                uart_init
 *fill*         0x0800787a        0x2 
 .text.vprint   0x0800787c       0x68 ./common/src/uart_init.o
                0x0800787c                vprint
 .text.uart_init_base
                0x080078e4       0x38 ./common/src/uart_init.o
                0x080078e4                uart_init_base
 .text.smtc_shield_lr1121mb1dis_get_pa_pwr_cfg
                0x0800791c       0xb8 ./libs/smtc-shields/lr11xx/src/smtc_shield_lr1121mb1dis.o
                0x0800791c                smtc_shield_lr1121mb1dis_get_pa_pwr_cfg
 .text.smtc_shield_lr1121mb1dis_get_rssi_calibration_table
                0x080079d4       0x18 ./libs/smtc-shields/lr11xx/src/smtc_shield_lr1121mb1dis.o
                0x080079d4                smtc_shield_lr1121mb1dis_get_rssi_calibration_table
 .text.smtc_shield_lr1121mb1dis_get_rf_switch_cfg
                0x080079ec        0xe ./libs/smtc-shields/lr11xx/src/smtc_shield_lr1121mb1dis.o
                0x080079ec                smtc_shield_lr1121mb1dis_get_rf_switch_cfg
 .text.smtc_shield_lr1121mb1dis_get_reg_mode
                0x080079fa        0xe ./libs/smtc-shields/lr11xx/src/smtc_shield_lr1121mb1dis.o
                0x080079fa                smtc_shield_lr1121mb1dis_get_reg_mode
 .text.smtc_shield_lr1121mb1dis_get_xosc_cfg
                0x08007a08        0xe ./libs/smtc-shields/lr11xx/src/smtc_shield_lr1121mb1dis.o
                0x08007a08                smtc_shield_lr1121mb1dis_get_xosc_cfg
 .text.smtc_shield_lr1121mb1dis_get_lfclk_cfg
                0x08007a16        0xe ./libs/smtc-shields/lr11xx/src/smtc_shield_lr1121mb1dis.o
                0x08007a16                smtc_shield_lr1121mb1dis_get_lfclk_cfg
 .text.smtc_shield_lr1121mb1dis_get_pinout
                0x08007a24        0xe ./libs/smtc-shields/lr11xx/src/smtc_shield_lr1121mb1dis.o
                0x08007a24                smtc_shield_lr1121mb1dis_get_pinout
 *fill*         0x08007a32        0x2 
 .text.smtc_shield_lr11x1_common_get_xosc_cfg
                0x08007a34       0x14 ./libs/smtc-shields/lr11xx/src/smtc_shield_lr11x1_common.o
                0x08007a34                smtc_shield_lr11x1_common_get_xosc_cfg
 .text.smtc_shield_lr11x1_common_rttof_recommended_rx_tx_delay_indicator
                0x08007a48       0x20 ./libs/smtc-shields/lr11xx/src/smtc_shield_lr11x1_common.o
                0x08007a48                smtc_shield_lr11x1_common_rttof_recommended_rx_tx_delay_indicator
 .text.smtc_shield_lr11xx_get_rssi_calibration_table
                0x08007a68       0x4c ./libs/smtc-shields/lr11xx/src/smtc_shield_lr11xx_common.o
                0x08007a68                smtc_shield_lr11xx_get_rssi_calibration_table
 .text.smtc_shield_lr11xx_common_get_rf_switch_cfg
                0x08007ab4       0x14 ./libs/smtc-shields/lr11xx/src/smtc_shield_lr11xx_common.o
                0x08007ab4                smtc_shield_lr11xx_common_get_rf_switch_cfg
 .text.smtc_shield_lr11xx_common_get_reg_mode
                0x08007ac8       0x10 ./libs/smtc-shields/lr11xx/src/smtc_shield_lr11xx_common.o
                0x08007ac8                smtc_shield_lr11xx_common_get_reg_mode
 .text.smtc_shield_lr11xx_common_get_lfclk_cfg
                0x08007ad8       0x14 ./libs/smtc-shields/lr11xx/src/smtc_shield_lr11xx_common.o
                0x08007ad8                smtc_shield_lr11xx_common_get_lfclk_cfg
 .text.smtc_shield_lr11xx_common_get_pinout
                0x08007aec       0x14 ./libs/smtc-shields/lr11xx/src/smtc_shield_lr11xx_common.o
                0x08007aec                smtc_shield_lr11xx_common_get_pinout
 .text.lr11xx_driver_version_get_version_string
                0x08007b00       0x14 ./lr11xx_driver/src/lr11xx_driver_version.o
                0x08007b00                lr11xx_driver_version_get_version_string
 .text.lr11xx_radio_get_rx_buffer_status
                0x08007b14       0x48 ./lr11xx_driver/src/lr11xx_radio.o
                0x08007b14                lr11xx_radio_get_rx_buffer_status
 .text.lr11xx_radio_get_lora_pkt_status
                0x08007b5c       0x74 ./lr11xx_driver/src/lr11xx_radio.o
                0x08007b5c                lr11xx_radio_get_lora_pkt_status
 .text.lr11xx_radio_set_lora_sync_word
                0x08007bd0       0x34 ./lr11xx_driver/src/lr11xx_radio.o
                0x08007bd0                lr11xx_radio_set_lora_sync_word
 .text.lr11xx_radio_set_rx
                0x08007c04       0x24 ./lr11xx_driver/src/lr11xx_radio.o
                0x08007c04                lr11xx_radio_set_rx
 .text.lr11xx_radio_set_rx_with_timeout_in_rtc_step
                0x08007c28       0x1e ./lr11xx_driver/src/lr11xx_radio.o
                0x08007c28                lr11xx_radio_set_rx_with_timeout_in_rtc_step
 .text.lr11xx_radio_set_rx_with_timeout_in_rtc_step_and_lna_mode
                0x08007c46       0x8c ./lr11xx_driver/src/lr11xx_radio.o
                0x08007c46                lr11xx_radio_set_rx_with_timeout_in_rtc_step_and_lna_mode
 .text.lr11xx_radio_set_tx
                0x08007cd2       0x24 ./lr11xx_driver/src/lr11xx_radio.o
                0x08007cd2                lr11xx_radio_set_tx
 .text.lr11xx_radio_set_tx_with_timeout_in_rtc_step
                0x08007cf6       0x64 ./lr11xx_driver/src/lr11xx_radio.o
                0x08007cf6                lr11xx_radio_set_tx_with_timeout_in_rtc_step
 .text.lr11xx_radio_set_rf_freq
                0x08007d5a       0x4c ./lr11xx_driver/src/lr11xx_radio.o
                0x08007d5a                lr11xx_radio_set_rf_freq
 .text.lr11xx_radio_set_pkt_type
                0x08007da6       0x34 ./lr11xx_driver/src/lr11xx_radio.o
                0x08007da6                lr11xx_radio_set_pkt_type
 .text.lr11xx_radio_set_lora_mod_params
                0x08007dda       0x46 ./lr11xx_driver/src/lr11xx_radio.o
                0x08007dda                lr11xx_radio_set_lora_mod_params
 .text.lr11xx_radio_set_lora_pkt_params
                0x08007e20       0x5a ./lr11xx_driver/src/lr11xx_radio.o
                0x08007e20                lr11xx_radio_set_lora_pkt_params
 .text.lr11xx_radio_set_tx_params
                0x08007e7a       0x3c ./lr11xx_driver/src/lr11xx_radio.o
                0x08007e7a                lr11xx_radio_set_tx_params
 .text.lr11xx_radio_set_rx_tx_fallback_mode
                0x08007eb6       0x34 ./lr11xx_driver/src/lr11xx_radio.o
                0x08007eb6                lr11xx_radio_set_rx_tx_fallback_mode
 .text.lr11xx_radio_set_pa_cfg
                0x08007eea       0x46 ./lr11xx_driver/src/lr11xx_radio.o
                0x08007eea                lr11xx_radio_set_pa_cfg
 .text.lr11xx_radio_cfg_rx_boosted
                0x08007f30       0x34 ./lr11xx_driver/src/lr11xx_radio.o
                0x08007f30                lr11xx_radio_cfg_rx_boosted
 .text.lr11xx_radio_set_rssi_calibration
                0x08007f64      0x112 ./lr11xx_driver/src/lr11xx_radio.o
                0x08007f64                lr11xx_radio_set_rssi_calibration
 .text.lr11xx_radio_get_lora_time_on_air_numerator
                0x08008076      0x208 ./lr11xx_driver/src/lr11xx_radio.o
                0x08008076                lr11xx_radio_get_lora_time_on_air_numerator
 *fill*         0x0800827e        0x2 
 .text.lr11xx_radio_get_lora_bw_in_hz
                0x08008280       0xd4 ./lr11xx_driver/src/lr11xx_radio.o
                0x08008280                lr11xx_radio_get_lora_bw_in_hz
 .text.lr11xx_radio_get_lora_time_on_air_in_ms
                0x08008354       0x40 ./lr11xx_driver/src/lr11xx_radio.o
                0x08008354                lr11xx_radio_get_lora_time_on_air_in_ms
 .text.lr11xx_radio_convert_time_in_ms_to_rtc_step
                0x08008394       0x24 ./lr11xx_driver/src/lr11xx_radio.o
                0x08008394                lr11xx_radio_convert_time_in_ms_to_rtc_step
 .text.lr11xx_radio_apply_high_acp_workaround
                0x080083b8       0x24 ./lr11xx_driver/src/lr11xx_radio.o
                0x080083b8                lr11xx_radio_apply_high_acp_workaround
 .text.lr11xx_radio_set_lna_mode
                0x080083dc       0x28 ./lr11xx_driver/src/lr11xx_radio.o
                0x080083dc                lr11xx_radio_set_lna_mode
 .text.lr11xx_regmem_write_buffer8
                0x08008404       0x32 ./lr11xx_driver/src/lr11xx_regmem.o
                0x08008404                lr11xx_regmem_write_buffer8
 .text.lr11xx_regmem_read_buffer8
                0x08008436       0x44 ./lr11xx_driver/src/lr11xx_regmem.o
                0x08008436                lr11xx_regmem_read_buffer8
 .text.lr11xx_regmem_write_regmem32_mask
                0x0800847a       0x76 ./lr11xx_driver/src/lr11xx_regmem.o
                0x0800847a                lr11xx_regmem_write_regmem32_mask
 .text.lr11xx_regmem_fill_cbuffer_opcode_address
                0x080084f0       0x5e ./lr11xx_driver/src/lr11xx_regmem.o
 .text.lr11xx_system_get_irq_status
                0x0800854e       0x20 ./lr11xx_driver/src/lr11xx_system.o
 .text.lr11xx_system_reset
                0x0800856e       0x18 ./lr11xx_driver/src/lr11xx_system.o
                0x0800856e                lr11xx_system_reset
 .text.lr11xx_system_get_status
                0x08008586       0x6c ./lr11xx_driver/src/lr11xx_system.o
                0x08008586                lr11xx_system_get_status
 .text.lr11xx_system_get_version
                0x080085f2       0x58 ./lr11xx_driver/src/lr11xx_system.o
                0x080085f2                lr11xx_system_get_version
 .text.lr11xx_system_get_errors
                0x0800864a       0x4c ./lr11xx_driver/src/lr11xx_system.o
                0x0800864a                lr11xx_system_get_errors
 .text.lr11xx_system_clear_errors
                0x08008696       0x2a ./lr11xx_driver/src/lr11xx_system.o
                0x08008696                lr11xx_system_clear_errors
 .text.lr11xx_system_calibrate
                0x080086c0       0x34 ./lr11xx_driver/src/lr11xx_system.o
                0x080086c0                lr11xx_system_calibrate
 .text.lr11xx_system_set_reg_mode
                0x080086f4       0x34 ./lr11xx_driver/src/lr11xx_system.o
                0x080086f4                lr11xx_system_set_reg_mode
 .text.lr11xx_system_set_dio_as_rf_switch
                0x08008728       0x5e ./lr11xx_driver/src/lr11xx_system.o
                0x08008728                lr11xx_system_set_dio_as_rf_switch
 .text.lr11xx_system_set_dio_irq_params
                0x08008786       0x6c ./lr11xx_driver/src/lr11xx_system.o
                0x08008786                lr11xx_system_set_dio_irq_params
 .text.lr11xx_system_clear_irq_status
                0x080087f2       0x4c ./lr11xx_driver/src/lr11xx_system.o
                0x080087f2                lr11xx_system_clear_irq_status
 .text.lr11xx_system_get_and_clear_irq_status
                0x0800883e       0x54 ./lr11xx_driver/src/lr11xx_system.o
                0x0800883e                lr11xx_system_get_and_clear_irq_status
 .text.lr11xx_system_cfg_lfclk
                0x08008892       0x48 ./lr11xx_driver/src/lr11xx_system.o
                0x08008892                lr11xx_system_cfg_lfclk
 .text.lr11xx_system_set_tcxo_mode
                0x080088da       0x4c ./lr11xx_driver/src/lr11xx_system.o
                0x080088da                lr11xx_system_set_tcxo_mode
 .text.lr11xx_system_convert_stat1_byte_to_enum
                0x08008926       0x3c ./lr11xx_driver/src/lr11xx_system.o
 .text.lr11xx_system_convert_stat2_byte_to_enum
                0x08008962       0x4a ./lr11xx_driver/src/lr11xx_system.o
 .text.main_ping_pong
                0x080089ac      0x1c8 ./ping_pong/main_ping_pong.o
                0x080089ac                main_ping_pong
 .text.on_tx_done
                0x08008b74       0xe8 ./ping_pong/main_ping_pong.o
                0x08008b74                on_tx_done
 .text.on_rx_done
                0x08008c5c      0x1cc ./ping_pong/main_ping_pong.o
                0x08008c5c                on_rx_done
 .text.on_rx_timeout
                0x08008e28       0x4c ./ping_pong/main_ping_pong.o
                0x08008e28                on_rx_timeout
 .text.on_rx_crc_error
                0x08008e74        0xc ./ping_pong/main_ping_pong.o
                0x08008e74                on_rx_crc_error
 .text.on_fsk_len_error
                0x08008e80        0xc ./ping_pong/main_ping_pong.o
                0x08008e80                on_fsk_len_error
 .text.ping_pong_reception_failure_handling
                0x08008e8c       0xe4 ./ping_pong/main_ping_pong.o
 .text.srand    0x08008f70       0x5c C:/ST/STM32CubeIDE_1.18.1/STM32CubeIDE/plugins/com.st.stm32cube.ide.mcu.externaltools.gnu-tools-for-stm32.13.3.rel1.win32_1.0.0.202411081344/tools/bin/../lib/gcc/arm-none-eabi/13.3.1/../../../../arm-none-eabi/lib/thumb/v7e-m+fp/hard\libc_nano.a(libc_a-rand.o)
                0x08008f70                srand
 .text.rand     0x08008fcc       0x7c C:/ST/STM32CubeIDE_1.18.1/STM32CubeIDE/plugins/com.st.stm32cube.ide.mcu.externaltools.gnu-tools-for-stm32.13.3.rel1.win32_1.0.0.202411081344/tools/bin/../lib/gcc/arm-none-eabi/13.3.1/../../../../arm-none-eabi/lib/thumb/v7e-m+fp/hard\libc_nano.a(libc_a-rand.o)
                0x08008fcc                rand
 .text.std      0x08009048       0x6c C:/ST/STM32CubeIDE_1.18.1/STM32CubeIDE/plugins/com.st.stm32cube.ide.mcu.externaltools.gnu-tools-for-stm32.13.3.rel1.win32_1.0.0.202411081344/tools/bin/../lib/gcc/arm-none-eabi/13.3.1/../../../../arm-none-eabi/lib/thumb/v7e-m+fp/hard\libc_nano.a(libc_a-findfp.o)
 .text.stdio_exit_handler
                0x080090b4       0x18 C:/ST/STM32CubeIDE_1.18.1/STM32CubeIDE/plugins/com.st.stm32cube.ide.mcu.externaltools.gnu-tools-for-stm32.13.3.rel1.win32_1.0.0.202411081344/tools/bin/../lib/gcc/arm-none-eabi/13.3.1/../../../../arm-none-eabi/lib/thumb/v7e-m+fp/hard\libc_nano.a(libc_a-findfp.o)
 .text.cleanup_stdio
                0x080090cc       0x40 C:/ST/STM32CubeIDE_1.18.1/STM32CubeIDE/plugins/com.st.stm32cube.ide.mcu.externaltools.gnu-tools-for-stm32.13.3.rel1.win32_1.0.0.202411081344/tools/bin/../lib/gcc/arm-none-eabi/13.3.1/../../../../arm-none-eabi/lib/thumb/v7e-m+fp/hard\libc_nano.a(libc_a-findfp.o)
 .text.global_stdio_init.part.0
                0x0800910c       0x3c C:/ST/STM32CubeIDE_1.18.1/STM32CubeIDE/plugins/com.st.stm32cube.ide.mcu.externaltools.gnu-tools-for-stm32.13.3.rel1.win32_1.0.0.202411081344/tools/bin/../lib/gcc/arm-none-eabi/13.3.1/../../../../arm-none-eabi/lib/thumb/v7e-m+fp/hard\libc_nano.a(libc_a-findfp.o)
 .text.__sfp_lock_acquire
                0x08009148        0xc C:/ST/STM32CubeIDE_1.18.1/STM32CubeIDE/plugins/com.st.stm32cube.ide.mcu.externaltools.gnu-tools-for-stm32.13.3.rel1.win32_1.0.0.202411081344/tools/bin/../lib/gcc/arm-none-eabi/13.3.1/../../../../arm-none-eabi/lib/thumb/v7e-m+fp/hard\libc_nano.a(libc_a-findfp.o)
                0x08009148                __sfp_lock_acquire
 .text.__sfp_lock_release
                0x08009154        0xc C:/ST/STM32CubeIDE_1.18.1/STM32CubeIDE/plugins/com.st.stm32cube.ide.mcu.externaltools.gnu-tools-for-stm32.13.3.rel1.win32_1.0.0.202411081344/tools/bin/../lib/gcc/arm-none-eabi/13.3.1/../../../../arm-none-eabi/lib/thumb/v7e-m+fp/hard\libc_nano.a(libc_a-findfp.o)
                0x08009154                __sfp_lock_release
 .text.__sinit  0x08009160       0x30 C:/ST/STM32CubeIDE_1.18.1/STM32CubeIDE/plugins/com.st.stm32cube.ide.mcu.externaltools.gnu-tools-for-stm32.13.3.rel1.win32_1.0.0.202411081344/tools/bin/../lib/gcc/arm-none-eabi/13.3.1/../../../../arm-none-eabi/lib/thumb/v7e-m+fp/hard\libc_nano.a(libc_a-findfp.o)
                0x08009160                __sinit
 .text._fwalk_sglue
                0x08009190       0x3c C:/ST/STM32CubeIDE_1.18.1/STM32CubeIDE/plugins/com.st.stm32cube.ide.mcu.externaltools.gnu-tools-for-stm32.13.3.rel1.win32_1.0.0.202411081344/tools/bin/../lib/gcc/arm-none-eabi/13.3.1/../../../../arm-none-eabi/lib/thumb/v7e-m+fp/hard\libc_nano.a(libc_a-fwalk.o)
                0x08009190                _fwalk_sglue
 .text.printf   0x080091cc       0x24 C:/ST/STM32CubeIDE_1.18.1/STM32CubeIDE/plugins/com.st.stm32cube.ide.mcu.externaltools.gnu-tools-for-stm32.13.3.rel1.win32_1.0.0.202411081344/tools/bin/../lib/gcc/arm-none-eabi/13.3.1/../../../../arm-none-eabi/lib/thumb/v7e-m+fp/hard\libc_nano.a(libc_a-printf.o)
                0x080091cc                iprintf
                0x080091cc                printf
 .text.putchar  0x080091f0       0x10 C:/ST/STM32CubeIDE_1.18.1/STM32CubeIDE/plugins/com.st.stm32cube.ide.mcu.externaltools.gnu-tools-for-stm32.13.3.rel1.win32_1.0.0.202411081344/tools/bin/../lib/gcc/arm-none-eabi/13.3.1/../../../../arm-none-eabi/lib/thumb/v7e-m+fp/hard\libc_nano.a(libc_a-putchar.o)
                0x080091f0                putchar
 .text._puts_r  0x08009200       0xaa C:/ST/STM32CubeIDE_1.18.1/STM32CubeIDE/plugins/com.st.stm32cube.ide.mcu.externaltools.gnu-tools-for-stm32.13.3.rel1.win32_1.0.0.202411081344/tools/bin/../lib/gcc/arm-none-eabi/13.3.1/../../../../arm-none-eabi/lib/thumb/v7e-m+fp/hard\libc_nano.a(libc_a-puts.o)
                0x08009200                _puts_r
 *fill*         0x080092aa        0x2 
 .text.puts     0x080092ac       0x10 C:/ST/STM32CubeIDE_1.18.1/STM32CubeIDE/plugins/com.st.stm32cube.ide.mcu.externaltools.gnu-tools-for-stm32.13.3.rel1.win32_1.0.0.202411081344/tools/bin/../lib/gcc/arm-none-eabi/13.3.1/../../../../arm-none-eabi/lib/thumb/v7e-m+fp/hard\libc_nano.a(libc_a-puts.o)
                0x080092ac                puts
 .text.__sread  0x080092bc       0x22 C:/ST/STM32CubeIDE_1.18.1/STM32CubeIDE/plugins/com.st.stm32cube.ide.mcu.externaltools.gnu-tools-for-stm32.13.3.rel1.win32_1.0.0.202411081344/tools/bin/../lib/gcc/arm-none-eabi/13.3.1/../../../../arm-none-eabi/lib/thumb/v7e-m+fp/hard\libc_nano.a(libc_a-stdio.o)
                0x080092bc                __sread
 .text.__swrite
                0x080092de       0x38 C:/ST/STM32CubeIDE_1.18.1/STM32CubeIDE/plugins/com.st.stm32cube.ide.mcu.externaltools.gnu-tools-for-stm32.13.3.rel1.win32_1.0.0.202411081344/tools/bin/../lib/gcc/arm-none-eabi/13.3.1/../../../../arm-none-eabi/lib/thumb/v7e-m+fp/hard\libc_nano.a(libc_a-stdio.o)
                0x080092de                __swrite
 .text.__sseek  0x08009316       0x24 C:/ST/STM32CubeIDE_1.18.1/STM32CubeIDE/plugins/com.st.stm32cube.ide.mcu.externaltools.gnu-tools-for-stm32.13.3.rel1.win32_1.0.0.202411081344/tools/bin/../lib/gcc/arm-none-eabi/13.3.1/../../../../arm-none-eabi/lib/thumb/v7e-m+fp/hard\libc_nano.a(libc_a-stdio.o)
                0x08009316                __sseek
 .text.__sclose
                0x0800933a        0x8 C:/ST/STM32CubeIDE_1.18.1/STM32CubeIDE/plugins/com.st.stm32cube.ide.mcu.externaltools.gnu-tools-for-stm32.13.3.rel1.win32_1.0.0.202411081344/tools/bin/../lib/gcc/arm-none-eabi/13.3.1/../../../../arm-none-eabi/lib/thumb/v7e-m+fp/hard\libc_nano.a(libc_a-stdio.o)
                0x0800933a                __sclose
 *fill*         0x08009342        0x2 
 .text._vsprintf_r
                0x08009344       0x2c C:/ST/STM32CubeIDE_1.18.1/STM32CubeIDE/plugins/com.st.stm32cube.ide.mcu.externaltools.gnu-tools-for-stm32.13.3.rel1.win32_1.0.0.202411081344/tools/bin/../lib/gcc/arm-none-eabi/13.3.1/../../../../arm-none-eabi/lib/thumb/v7e-m+fp/hard\libc_nano.a(libc_a-vsprintf.o)
                0x08009344                _vsprintf_r
                0x08009344                _vsiprintf_r
 .text.vsprintf
                0x08009370       0x14 C:/ST/STM32CubeIDE_1.18.1/STM32CubeIDE/plugins/com.st.stm32cube.ide.mcu.externaltools.gnu-tools-for-stm32.13.3.rel1.win32_1.0.0.202411081344/tools/bin/../lib/gcc/arm-none-eabi/13.3.1/../../../../arm-none-eabi/lib/thumb/v7e-m+fp/hard\libc_nano.a(libc_a-vsprintf.o)
                0x08009370                vsiprintf
                0x08009370                vsprintf
 .text.__swbuf_r
                0x08009384       0x7c C:/ST/STM32CubeIDE_1.18.1/STM32CubeIDE/plugins/com.st.stm32cube.ide.mcu.externaltools.gnu-tools-for-stm32.13.3.rel1.win32_1.0.0.202411081344/tools/bin/../lib/gcc/arm-none-eabi/13.3.1/../../../../arm-none-eabi/lib/thumb/v7e-m+fp/hard\libc_nano.a(libc_a-wbuf.o)
                0x08009384                __swbuf_r
 .text.__swsetup_r
                0x08009400       0xac C:/ST/STM32CubeIDE_1.18.1/STM32CubeIDE/plugins/com.st.stm32cube.ide.mcu.externaltools.gnu-tools-for-stm32.13.3.rel1.win32_1.0.0.202411081344/tools/bin/../lib/gcc/arm-none-eabi/13.3.1/../../../../arm-none-eabi/lib/thumb/v7e-m+fp/hard\libc_nano.a(libc_a-wsetup.o)
                0x08009400                __swsetup_r
 .text.memcmp   0x080094ac       0x20 C:/ST/STM32CubeIDE_1.18.1/STM32CubeIDE/plugins/com.st.stm32cube.ide.mcu.externaltools.gnu-tools-for-stm32.13.3.rel1.win32_1.0.0.202411081344/tools/bin/../lib/gcc/arm-none-eabi/13.3.1/../../../../arm-none-eabi/lib/thumb/v7e-m+fp/hard\libc_nano.a(libc_a-memcmp.o)
                0x080094ac                memcmp
 .text.memset   0x080094cc       0x10 C:/ST/STM32CubeIDE_1.18.1/STM32CubeIDE/plugins/com.st.stm32cube.ide.mcu.externaltools.gnu-tools-for-stm32.13.3.rel1.win32_1.0.0.202411081344/tools/bin/../lib/gcc/arm-none-eabi/13.3.1/../../../../arm-none-eabi/lib/thumb/v7e-m+fp/hard\libc_nano.a(libc_a-memset.o)
                0x080094cc                memset
 .text._close_r
                0x080094dc       0x20 C:/ST/STM32CubeIDE_1.18.1/STM32CubeIDE/plugins/com.st.stm32cube.ide.mcu.externaltools.gnu-tools-for-stm32.13.3.rel1.win32_1.0.0.202411081344/tools/bin/../lib/gcc/arm-none-eabi/13.3.1/../../../../arm-none-eabi/lib/thumb/v7e-m+fp/hard\libc_nano.a(libc_a-closer.o)
                0x080094dc                _close_r
 .text._lseek_r
                0x080094fc       0x24 C:/ST/STM32CubeIDE_1.18.1/STM32CubeIDE/plugins/com.st.stm32cube.ide.mcu.externaltools.gnu-tools-for-stm32.13.3.rel1.win32_1.0.0.202411081344/tools/bin/../lib/gcc/arm-none-eabi/13.3.1/../../../../arm-none-eabi/lib/thumb/v7e-m+fp/hard\libc_nano.a(libc_a-lseekr.o)
                0x080094fc                _lseek_r
 .text._read_r  0x08009520       0x24 C:/ST/STM32CubeIDE_1.18.1/STM32CubeIDE/plugins/com.st.stm32cube.ide.mcu.externaltools.gnu-tools-for-stm32.13.3.rel1.win32_1.0.0.202411081344/tools/bin/../lib/gcc/arm-none-eabi/13.3.1/../../../../arm-none-eabi/lib/thumb/v7e-m+fp/hard\libc_nano.a(libc_a-readr.o)
                0x08009520                _read_r
 .text._write_r
                0x08009544       0x24 C:/ST/STM32CubeIDE_1.18.1/STM32CubeIDE/plugins/com.st.stm32cube.ide.mcu.externaltools.gnu-tools-for-stm32.13.3.rel1.win32_1.0.0.202411081344/tools/bin/../lib/gcc/arm-none-eabi/13.3.1/../../../../arm-none-eabi/lib/thumb/v7e-m+fp/hard\libc_nano.a(libc_a-writer.o)
                0x08009544                _write_r
 .text.__errno  0x08009568        0xc C:/ST/STM32CubeIDE_1.18.1/STM32CubeIDE/plugins/com.st.stm32cube.ide.mcu.externaltools.gnu-tools-for-stm32.13.3.rel1.win32_1.0.0.202411081344/tools/bin/../lib/gcc/arm-none-eabi/13.3.1/../../../../arm-none-eabi/lib/thumb/v7e-m+fp/hard\libc_nano.a(libc_a-errno.o)
                0x08009568                __errno
 .text.__libc_init_array
                0x08009574       0x48 C:/ST/STM32CubeIDE_1.18.1/STM32CubeIDE/plugins/com.st.stm32cube.ide.mcu.externaltools.gnu-tools-for-stm32.13.3.rel1.win32_1.0.0.202411081344/tools/bin/../lib/gcc/arm-none-eabi/13.3.1/../../../../arm-none-eabi/lib/thumb/v7e-m+fp/hard\libc_nano.a(libc_a-init.o)
                0x08009574                __libc_init_array
 .text.__retarget_lock_init_recursive
                0x080095bc        0x2 C:/ST/STM32CubeIDE_1.18.1/STM32CubeIDE/plugins/com.st.stm32cube.ide.mcu.externaltools.gnu-tools-for-stm32.13.3.rel1.win32_1.0.0.202411081344/tools/bin/../lib/gcc/arm-none-eabi/13.3.1/../../../../arm-none-eabi/lib/thumb/v7e-m+fp/hard\libc_nano.a(libc_a-lock.o)
                0x080095bc                __retarget_lock_init_recursive
 .text.__retarget_lock_acquire_recursive
                0x080095be        0x2 C:/ST/STM32CubeIDE_1.18.1/STM32CubeIDE/plugins/com.st.stm32cube.ide.mcu.externaltools.gnu-tools-for-stm32.13.3.rel1.win32_1.0.0.202411081344/tools/bin/../lib/gcc/arm-none-eabi/13.3.1/../../../../arm-none-eabi/lib/thumb/v7e-m+fp/hard\libc_nano.a(libc_a-lock.o)
                0x080095be                __retarget_lock_acquire_recursive
 .text.__retarget_lock_release_recursive
                0x080095c0        0x2 C:/ST/STM32CubeIDE_1.18.1/STM32CubeIDE/plugins/com.st.stm32cube.ide.mcu.externaltools.gnu-tools-for-stm32.13.3.rel1.win32_1.0.0.202411081344/tools/bin/../lib/gcc/arm-none-eabi/13.3.1/../../../../arm-none-eabi/lib/thumb/v7e-m+fp/hard\libc_nano.a(libc_a-lock.o)
                0x080095c0                __retarget_lock_release_recursive
 *fill*         0x080095c2        0x2 
 .text.__assert_func
                0x080095c4       0x3c C:/ST/STM32CubeIDE_1.18.1/STM32CubeIDE/plugins/com.st.stm32cube.ide.mcu.externaltools.gnu-tools-for-stm32.13.3.rel1.win32_1.0.0.202411081344/tools/bin/../lib/gcc/arm-none-eabi/13.3.1/../../../../arm-none-eabi/lib/thumb/v7e-m+fp/hard\libc_nano.a(libc_a-assert.o)
                0x080095c4                __assert_func
 .text._free_r  0x08009600       0x94 C:/ST/STM32CubeIDE_1.18.1/STM32CubeIDE/plugins/com.st.stm32cube.ide.mcu.externaltools.gnu-tools-for-stm32.13.3.rel1.win32_1.0.0.202411081344/tools/bin/../lib/gcc/arm-none-eabi/13.3.1/../../../../arm-none-eabi/lib/thumb/v7e-m+fp/hard\libc_nano.a(libc_a-freer.o)
                0x08009600                _free_r
 .text.malloc   0x08009694       0x10 C:/ST/STM32CubeIDE_1.18.1/STM32CubeIDE/plugins/com.st.stm32cube.ide.mcu.externaltools.gnu-tools-for-stm32.13.3.rel1.win32_1.0.0.202411081344/tools/bin/../lib/gcc/arm-none-eabi/13.3.1/../../../../arm-none-eabi/lib/thumb/v7e-m+fp/hard\libc_nano.a(libc_a-malloc.o)
                0x08009694                malloc
 .text.sbrk_aligned
                0x080096a4       0x44 C:/ST/STM32CubeIDE_1.18.1/STM32CubeIDE/plugins/com.st.stm32cube.ide.mcu.externaltools.gnu-tools-for-stm32.13.3.rel1.win32_1.0.0.202411081344/tools/bin/../lib/gcc/arm-none-eabi/13.3.1/../../../../arm-none-eabi/lib/thumb/v7e-m+fp/hard\libc_nano.a(libc_a-mallocr.o)
 .text._malloc_r
                0x080096e8      0x100 C:/ST/STM32CubeIDE_1.18.1/STM32CubeIDE/plugins/com.st.stm32cube.ide.mcu.externaltools.gnu-tools-for-stm32.13.3.rel1.win32_1.0.0.202411081344/tools/bin/../lib/gcc/arm-none-eabi/13.3.1/../../../../arm-none-eabi/lib/thumb/v7e-m+fp/hard\libc_nano.a(libc_a-mallocr.o)
                0x080096e8                _malloc_r
 .text.__malloc_lock
                0x080097e8        0xc C:/ST/STM32CubeIDE_1.18.1/STM32CubeIDE/plugins/com.st.stm32cube.ide.mcu.externaltools.gnu-tools-for-stm32.13.3.rel1.win32_1.0.0.202411081344/tools/bin/../lib/gcc/arm-none-eabi/13.3.1/../../../../arm-none-eabi/lib/thumb/v7e-m+fp/hard\libc_nano.a(libc_a-mlock.o)
                0x080097e8                __malloc_lock
 .text.__malloc_unlock
                0x080097f4        0xc C:/ST/STM32CubeIDE_1.18.1/STM32CubeIDE/plugins/com.st.stm32cube.ide.mcu.externaltools.gnu-tools-for-stm32.13.3.rel1.win32_1.0.0.202411081344/tools/bin/../lib/gcc/arm-none-eabi/13.3.1/../../../../arm-none-eabi/lib/thumb/v7e-m+fp/hard\libc_nano.a(libc_a-mlock.o)
                0x080097f4                __malloc_unlock
 .text.__ssputs_r
                0x08009800       0xb6 C:/ST/STM32CubeIDE_1.18.1/STM32CubeIDE/plugins/com.st.stm32cube.ide.mcu.externaltools.gnu-tools-for-stm32.13.3.rel1.win32_1.0.0.202411081344/tools/bin/../lib/gcc/arm-none-eabi/13.3.1/../../../../arm-none-eabi/lib/thumb/v7e-m+fp/hard\libc_nano.a(libc_a-nano-svfprintf.o)
                0x08009800                __ssputs_r
 *fill*         0x080098b6        0x2 
 .text._svfprintf_r
                0x080098b8      0x1f8 C:/ST/STM32CubeIDE_1.18.1/STM32CubeIDE/plugins/com.st.stm32cube.ide.mcu.externaltools.gnu-tools-for-stm32.13.3.rel1.win32_1.0.0.202411081344/tools/bin/../lib/gcc/arm-none-eabi/13.3.1/../../../../arm-none-eabi/lib/thumb/v7e-m+fp/hard\libc_nano.a(libc_a-nano-svfprintf.o)
                0x080098b8                _svfiprintf_r
                0x080098b8                _svfprintf_r
 .text.__sfputc_r
                0x08009ab0       0x2e C:/ST/STM32CubeIDE_1.18.1/STM32CubeIDE/plugins/com.st.stm32cube.ide.mcu.externaltools.gnu-tools-for-stm32.13.3.rel1.win32_1.0.0.202411081344/tools/bin/../lib/gcc/arm-none-eabi/13.3.1/../../../../arm-none-eabi/lib/thumb/v7e-m+fp/hard\libc_nano.a(libc_a-nano-vfprintf.o)
 .text.__sfputs_r
                0x08009ade       0x24 C:/ST/STM32CubeIDE_1.18.1/STM32CubeIDE/plugins/com.st.stm32cube.ide.mcu.externaltools.gnu-tools-for-stm32.13.3.rel1.win32_1.0.0.202411081344/tools/bin/../lib/gcc/arm-none-eabi/13.3.1/../../../../arm-none-eabi/lib/thumb/v7e-m+fp/hard\libc_nano.a(libc_a-nano-vfprintf.o)
                0x08009ade                __sfputs_r
 *fill*         0x08009b02        0x2 
 .text._vfprintf_r
                0x08009b04      0x230 C:/ST/STM32CubeIDE_1.18.1/STM32CubeIDE/plugins/com.st.stm32cube.ide.mcu.externaltools.gnu-tools-for-stm32.13.3.rel1.win32_1.0.0.202411081344/tools/bin/../lib/gcc/arm-none-eabi/13.3.1/../../../../arm-none-eabi/lib/thumb/v7e-m+fp/hard\libc_nano.a(libc_a-nano-vfprintf.o)
                0x08009b04                _vfprintf_r
                0x08009b04                _vfiprintf_r
 .text._printf_common
                0x08009d34       0xda C:/ST/STM32CubeIDE_1.18.1/STM32CubeIDE/plugins/com.st.stm32cube.ide.mcu.externaltools.gnu-tools-for-stm32.13.3.rel1.win32_1.0.0.202411081344/tools/bin/../lib/gcc/arm-none-eabi/13.3.1/../../../../arm-none-eabi/lib/thumb/v7e-m+fp/hard\libc_nano.a(libc_a-nano-vfprintf_i.o)
                0x08009d34                _printf_common
 *fill*         0x08009e0e        0x2 
 .text._printf_i
                0x08009e10      0x23c C:/ST/STM32CubeIDE_1.18.1/STM32CubeIDE/plugins/com.st.stm32cube.ide.mcu.externaltools.gnu-tools-for-stm32.13.3.rel1.win32_1.0.0.202411081344/tools/bin/../lib/gcc/arm-none-eabi/13.3.1/../../../../arm-none-eabi/lib/thumb/v7e-m+fp/hard\libc_nano.a(libc_a-nano-vfprintf_i.o)
                0x08009e10                _printf_i
 .text.__sflush_r
                0x0800a04c      0x108 C:/ST/STM32CubeIDE_1.18.1/STM32CubeIDE/plugins/com.st.stm32cube.ide.mcu.externaltools.gnu-tools-for-stm32.13.3.rel1.win32_1.0.0.202411081344/tools/bin/../lib/gcc/arm-none-eabi/13.3.1/../../../../arm-none-eabi/lib/thumb/v7e-m+fp/hard\libc_nano.a(libc_a-fflush.o)
                0x0800a04c                __sflush_r
 .text._fflush_r
                0x0800a154       0x50 C:/ST/STM32CubeIDE_1.18.1/STM32CubeIDE/plugins/com.st.stm32cube.ide.mcu.externaltools.gnu-tools-for-stm32.13.3.rel1.win32_1.0.0.202411081344/tools/bin/../lib/gcc/arm-none-eabi/13.3.1/../../../../arm-none-eabi/lib/thumb/v7e-m+fp/hard\libc_nano.a(libc_a-fflush.o)
                0x0800a154                _fflush_r
 .text.fprintf  0x0800a1a4       0x24 C:/ST/STM32CubeIDE_1.18.1/STM32CubeIDE/plugins/com.st.stm32cube.ide.mcu.externaltools.gnu-tools-for-stm32.13.3.rel1.win32_1.0.0.202411081344/tools/bin/../lib/gcc/arm-none-eabi/13.3.1/../../../../arm-none-eabi/lib/thumb/v7e-m+fp/hard\libc_nano.a(libc_a-fprintf.o)
                0x0800a1a4                fiprintf
                0x0800a1a4                fprintf
 .text.__swhatbuf_r
                0x0800a1c8       0x4c C:/ST/STM32CubeIDE_1.18.1/STM32CubeIDE/plugins/com.st.stm32cube.ide.mcu.externaltools.gnu-tools-for-stm32.13.3.rel1.win32_1.0.0.202411081344/tools/bin/../lib/gcc/arm-none-eabi/13.3.1/../../../../arm-none-eabi/lib/thumb/v7e-m+fp/hard\libc_nano.a(libc_a-makebuf.o)
                0x0800a1c8                __swhatbuf_r
 .text.__smakebuf_r
                0x0800a214       0x78 C:/ST/STM32CubeIDE_1.18.1/STM32CubeIDE/plugins/com.st.stm32cube.ide.mcu.externaltools.gnu-tools-for-stm32.13.3.rel1.win32_1.0.0.202411081344/tools/bin/../lib/gcc/arm-none-eabi/13.3.1/../../../../arm-none-eabi/lib/thumb/v7e-m+fp/hard\libc_nano.a(libc_a-makebuf.o)
                0x0800a214                __smakebuf_r
 .text._putc_r  0x0800a28c       0x68 C:/ST/STM32CubeIDE_1.18.1/STM32CubeIDE/plugins/com.st.stm32cube.ide.mcu.externaltools.gnu-tools-for-stm32.13.3.rel1.win32_1.0.0.202411081344/tools/bin/../lib/gcc/arm-none-eabi/13.3.1/../../../../arm-none-eabi/lib/thumb/v7e-m+fp/hard\libc_nano.a(libc_a-putc.o)
                0x0800a28c                _putc_r
 .text.memmove  0x0800a2f4       0x34 C:/ST/STM32CubeIDE_1.18.1/STM32CubeIDE/plugins/com.st.stm32cube.ide.mcu.externaltools.gnu-tools-for-stm32.13.3.rel1.win32_1.0.0.202411081344/tools/bin/../lib/gcc/arm-none-eabi/13.3.1/../../../../arm-none-eabi/lib/thumb/v7e-m+fp/hard\libc_nano.a(libc_a-memmove.o)
                0x0800a2f4                memmove
 .text._fstat_r
                0x0800a328       0x24 C:/ST/STM32CubeIDE_1.18.1/STM32CubeIDE/plugins/com.st.stm32cube.ide.mcu.externaltools.gnu-tools-for-stm32.13.3.rel1.win32_1.0.0.202411081344/tools/bin/../lib/gcc/arm-none-eabi/13.3.1/../../../../arm-none-eabi/lib/thumb/v7e-m+fp/hard\libc_nano.a(libc_a-fstatr.o)
                0x0800a328                _fstat_r
 .text._isatty_r
                0x0800a34c       0x20 C:/ST/STM32CubeIDE_1.18.1/STM32CubeIDE/plugins/com.st.stm32cube.ide.mcu.externaltools.gnu-tools-for-stm32.13.3.rel1.win32_1.0.0.202411081344/tools/bin/../lib/gcc/arm-none-eabi/13.3.1/../../../../arm-none-eabi/lib/thumb/v7e-m+fp/hard\libc_nano.a(libc_a-isattyr.o)
                0x0800a34c                _isatty_r
 .text._sbrk_r  0x0800a36c       0x20 C:/ST/STM32CubeIDE_1.18.1/STM32CubeIDE/plugins/com.st.stm32cube.ide.mcu.externaltools.gnu-tools-for-stm32.13.3.rel1.win32_1.0.0.202411081344/tools/bin/../lib/gcc/arm-none-eabi/13.3.1/../../../../arm-none-eabi/lib/thumb/v7e-m+fp/hard\libc_nano.a(libc_a-sbrkr.o)
                0x0800a36c                _sbrk_r
 .text.memcpy   0x0800a38c       0x1c C:/ST/STM32CubeIDE_1.18.1/STM32CubeIDE/plugins/com.st.stm32cube.ide.mcu.externaltools.gnu-tools-for-stm32.13.3.rel1.win32_1.0.0.202411081344/tools/bin/../lib/gcc/arm-none-eabi/13.3.1/../../../../arm-none-eabi/lib/thumb/v7e-m+fp/hard\libc_nano.a(libc_a-memcpy-stub.o)
                0x0800a38c                memcpy
 .text.abort    0x0800a3a8        0xe C:/ST/STM32CubeIDE_1.18.1/STM32CubeIDE/plugins/com.st.stm32cube.ide.mcu.externaltools.gnu-tools-for-stm32.13.3.rel1.win32_1.0.0.202411081344/tools/bin/../lib/gcc/arm-none-eabi/13.3.1/../../../../arm-none-eabi/lib/thumb/v7e-m+fp/hard\libc_nano.a(libc_a-abort.o)
                0x0800a3a8                abort
 .text._realloc_r
                0x0800a3b6       0x5c C:/ST/STM32CubeIDE_1.18.1/STM32CubeIDE/plugins/com.st.stm32cube.ide.mcu.externaltools.gnu-tools-for-stm32.13.3.rel1.win32_1.0.0.202411081344/tools/bin/../lib/gcc/arm-none-eabi/13.3.1/../../../../arm-none-eabi/lib/thumb/v7e-m+fp/hard\libc_nano.a(libc_a-reallocr.o)
                0x0800a3b6                _realloc_r
 .text._raise_r
                0x0800a412       0x50 C:/ST/STM32CubeIDE_1.18.1/STM32CubeIDE/plugins/com.st.stm32cube.ide.mcu.externaltools.gnu-tools-for-stm32.13.3.rel1.win32_1.0.0.202411081344/tools/bin/../lib/gcc/arm-none-eabi/13.3.1/../../../../arm-none-eabi/lib/thumb/v7e-m+fp/hard\libc_nano.a(libc_a-signal.o)
                0x0800a412                _raise_r
 *fill*         0x0800a462        0x2 
 .text.raise    0x0800a464       0x10 C:/ST/STM32CubeIDE_1.18.1/STM32CubeIDE/plugins/com.st.stm32cube.ide.mcu.externaltools.gnu-tools-for-stm32.13.3.rel1.win32_1.0.0.202411081344/tools/bin/../lib/gcc/arm-none-eabi/13.3.1/../../../../arm-none-eabi/lib/thumb/v7e-m+fp/hard\libc_nano.a(libc_a-signal.o)
                0x0800a464                raise
 .text._kill_r  0x0800a474       0x24 C:/ST/STM32CubeIDE_1.18.1/STM32CubeIDE/plugins/com.st.stm32cube.ide.mcu.externaltools.gnu-tools-for-stm32.13.3.rel1.win32_1.0.0.202411081344/tools/bin/../lib/gcc/arm-none-eabi/13.3.1/../../../../arm-none-eabi/lib/thumb/v7e-m+fp/hard\libc_nano.a(libc_a-signalr.o)
                0x0800a474                _kill_r
 .text._getpid_r
                0x0800a498        0x4 C:/ST/STM32CubeIDE_1.18.1/STM32CubeIDE/plugins/com.st.stm32cube.ide.mcu.externaltools.gnu-tools-for-stm32.13.3.rel1.win32_1.0.0.202411081344/tools/bin/../lib/gcc/arm-none-eabi/13.3.1/../../../../arm-none-eabi/lib/thumb/v7e-m+fp/hard\libc_nano.a(libc_a-signalr.o)
                0x0800a498                _getpid_r
 .text._malloc_usable_size_r
                0x0800a49c       0x10 C:/ST/STM32CubeIDE_1.18.1/STM32CubeIDE/plugins/com.st.stm32cube.ide.mcu.externaltools.gnu-tools-for-stm32.13.3.rel1.win32_1.0.0.202411081344/tools/bin/../lib/gcc/arm-none-eabi/13.3.1/../../../../arm-none-eabi/lib/thumb/v7e-m+fp/hard\libc_nano.a(libc_a-msizer.o)
                0x0800a49c                _malloc_usable_size_r
 *(.glue_7)
 .glue_7        0x0800a4ac        0x0 linker stubs
 *(.glue_7t)
 .glue_7t       0x0800a4ac        0x0 linker stubs
 *(.eh_frame)
 .eh_frame      0x0800a4ac        0x0 C:/ST/STM32CubeIDE_1.18.1/STM32CubeIDE/plugins/com.st.stm32cube.ide.mcu.externaltools.gnu-tools-for-stm32.13.3.rel1.win32_1.0.0.202411081344/tools/bin/../lib/gcc/arm-none-eabi/13.3.1/thumb/v7e-m+fp/hard/crtbegin.o
 *(.init)
 .init          0x0800a4ac        0x4 C:/ST/STM32CubeIDE_1.18.1/STM32CubeIDE/plugins/com.st.stm32cube.ide.mcu.externaltools.gnu-tools-for-stm32.13.3.rel1.win32_1.0.0.202411081344/tools/bin/../lib/gcc/arm-none-eabi/13.3.1/thumb/v7e-m+fp/hard/crti.o
                0x0800a4ac                _init
 .init          0x0800a4b0        0x8 C:/ST/STM32CubeIDE_1.18.1/STM32CubeIDE/plugins/com.st.stm32cube.ide.mcu.externaltools.gnu-tools-for-stm32.13.3.rel1.win32_1.0.0.202411081344/tools/bin/../lib/gcc/arm-none-eabi/13.3.1/thumb/v7e-m+fp/hard/crtn.o
 *(.fini)
 .fini          0x0800a4b8        0x4 C:/ST/STM32CubeIDE_1.18.1/STM32CubeIDE/plugins/com.st.stm32cube.ide.mcu.externaltools.gnu-tools-for-stm32.13.3.rel1.win32_1.0.0.202411081344/tools/bin/../lib/gcc/arm-none-eabi/13.3.1/thumb/v7e-m+fp/hard/crti.o
                0x0800a4b8                _fini
 .fini          0x0800a4bc        0x8 C:/ST/STM32CubeIDE_1.18.1/STM32CubeIDE/plugins/com.st.stm32cube.ide.mcu.externaltools.gnu-tools-for-stm32.13.3.rel1.win32_1.0.0.202411081344/tools/bin/../lib/gcc/arm-none-eabi/13.3.1/thumb/v7e-m+fp/hard/crtn.o
                0x0800a4c4                        . = ALIGN (0x4)
                0x0800a4c4                        _etext = .

.vfp11_veneer   0x0800a4c4        0x0
 .vfp11_veneer  0x0800a4c4        0x0 linker stubs

.v4_bx          0x0800a4c4        0x0
 .v4_bx         0x0800a4c4        0x0 linker stubs

.iplt           0x0800a4c4        0x0
 .iplt          0x0800a4c4        0x0 C:/ST/STM32CubeIDE_1.18.1/STM32CubeIDE/plugins/com.st.stm32cube.ide.mcu.externaltools.gnu-tools-for-stm32.13.3.rel1.win32_1.0.0.202411081344/tools/bin/../lib/gcc/arm-none-eabi/13.3.1/thumb/v7e-m+fp/hard/crtbegin.o

.rodata         0x0800a4c4     0x1dec
                0x0800a4c4                        . = ALIGN (0x4)
 *(.rodata)
 .rodata        0x0800a4c4      0x8af ./common/apps_common.o
 *fill*         0x0800ad73        0x1 
 .rodata        0x0800ad74       0x70 ./common/smtc_hal_mcu_spi_stm32l4.o
 .rodata        0x0800ade4       0x30 ./common/smtc_hal_mcu_uart_stm32l4.o
 .rodata        0x0800ae14      0xeb2 ./common/printers/lr11xx_radio_types_str.o
 *fill*         0x0800bcc6        0x2 
 .rodata        0x0800bcc8       0x19 ./common/src/common_version.o
 *fill*         0x0800bce1        0x3 
 .rodata        0x0800bce4        0x5 ./common/src/smtc_hal_dbg_trace.o
 *fill*         0x0800bce9        0x3 
 .rodata        0x0800bcec        0x7 ./lr11xx_driver/src/lr11xx_driver_version.o
 *fill*         0x0800bcf3        0x1 
 .rodata        0x0800bcf4      0x162 ./ping_pong/main_ping_pong.o
 *(.rodata*)
 *fill*         0x0800be56        0x2 
 .rodata.AHBPrescTable
                0x0800be58       0x10 ./Core/Src/system_stm32l4xx.o
                0x0800be58                AHBPrescTable
 .rodata.APBPrescTable
                0x0800be68        0x8 ./Core/Src/system_stm32l4xx.o
                0x0800be68                APBPrescTable
 .rodata.MSIRangeTable
                0x0800be70       0x30 ./Core/Src/system_stm32l4xx.o
                0x0800be70                MSIRangeTable
 .rodata.lora_pkt_params
                0x0800bea0        0x6 ./common/apps_common.o
 *fill*         0x0800bea6        0x2 
 .rodata.__func__.4
                0x0800bea8       0x1f ./common/apps_common.o
 *fill*         0x0800bec7        0x1 
 .rodata.__func__.3
                0x0800bec8       0x21 ./common/apps_common.o
 *fill*         0x0800bee9        0x3 
 .rodata.__func__.2
                0x0800beec       0x1e ./common/apps_common.o
 *fill*         0x0800bf0a        0x2 
 .rodata.arduino_mapping_new
                0x0800bf0c       0xb0 ./common/src/smtc_shield_pinout_mapping.o
                0x0800bf0c                arduino_mapping_new
 .rodata.smtc_shield_lr1121mb1dis_pa_pwr_cfg_table
                0x0800bfbc       0xc8 ./libs/smtc-shields/lr11xx/src/smtc_shield_lr1121mb1dis.o
                0x0800bfbc                smtc_shield_lr1121mb1dis_pa_pwr_cfg_table
 .rodata.smtc_shield_lr1121mb1dis_pa_pwr_hf_cfg_table
                0x0800c084       0xa0 ./libs/smtc-shields/lr11xx/src/smtc_shield_lr1121mb1dis.o
                0x0800c084                smtc_shield_lr1121mb1dis_pa_pwr_hf_cfg_table
 .rodata.smtc_shield_lr11x1_common_xosc_cfg
                0x0800c124        0x8 ./libs/smtc-shields/lr11xx/src/smtc_shield_lr11x1_common.o
                0x0800c124                smtc_shield_lr11x1_common_xosc_cfg
 .rodata.smtc_shield_lr11xx_common_rssi_calibration_table_below_600mhz
                0x0800c12c       0x14 ./libs/smtc-shields/lr11xx/src/smtc_shield_lr11xx_common.o
 .rodata.smtc_shield_lr11xx_common_rssi_calibration_table_from_600mhz_to_2ghz
                0x0800c140       0x14 ./libs/smtc-shields/lr11xx/src/smtc_shield_lr11xx_common.o
 .rodata.smtc_shield_lr11xx_common_rssi_calibration_table_above_2ghz
                0x0800c154       0x14 ./libs/smtc-shields/lr11xx/src/smtc_shield_lr11xx_common.o
 .rodata.smtc_shield_lr11xx_common_rf_switch_cfg
                0x0800c168        0x8 ./libs/smtc-shields/lr11xx/src/smtc_shield_lr11xx_common.o
                0x0800c168                smtc_shield_lr11xx_common_rf_switch_cfg
 .rodata.smtc_shield_lr11xx_common_lfclk_cfg
                0x0800c170        0x2 ./libs/smtc-shields/lr11xx/src/smtc_shield_lr11xx_common.o
                0x0800c170                smtc_shield_lr11xx_common_lfclk_cfg
 *fill*         0x0800c172        0x2 
 .rodata.smtc_shield_lr11xx_common_pinout
                0x0800c174        0x8 ./libs/smtc-shields/lr11xx/src/smtc_shield_lr11xx_common.o
                0x0800c174                smtc_shield_lr11xx_common_pinout
 .rodata.ping_msg
                0x0800c17c        0x4 ./ping_pong/main_ping_pong.o
 .rodata.pong_msg
                0x0800c180        0x4 ./ping_pong/main_ping_pong.o
 .rodata.__func__.3
                0x0800c184        0xf ./ping_pong/main_ping_pong.o
 *fill*         0x0800c193        0x1 
 .rodata.__func__.2
                0x0800c194        0xb ./ping_pong/main_ping_pong.o
 *fill*         0x0800c19f        0x1 
 .rodata.__func__.1