../Drivers/CMSIS/Include/core_cm4.h:1679:22:__NVIC_EnableIRQ	16	static,ignoring_inline_asm
../Drivers/CMSIS/Include/core_cm4.h:1809:22:__NVIC_SetPriority	16	static
../Drivers/STM32L4xx_HAL_Driver/Inc/stm32l4xx_ll_spi.h:371:22:LL_SPI_Enable	16	static
../Drivers/STM32L4xx_HAL_Driver/Inc/stm32l4xx_ll_spi.h:394:26:LL_SPI_IsEnabled	16	static
../Drivers/STM32L4xx_HAL_Driver/Inc/stm32l4xx_ll_spi.h:439:22:LL_SPI_SetStandard	16	static
../Drivers/STM32L4xx_HAL_Driver/Inc/stm32l4xx_ll_spi.h:678:22:LL_SPI_SetRxFIFOThreshold	16	static
../Drivers/STM32L4xx_HAL_Driver/Inc/stm32l4xx_ll_spi.h:787:22:LL_SPI_SetCRCPolynomial	16	static
../Drivers/STM32L4xx_HAL_Driver/Inc/stm32l4xx_ll_spi.h:887:22:LL_SPI_DisableNSSPulseMgt	16	static
../Drivers/STM32L4xx_HAL_Driver/Inc/stm32l4xx_ll_gpio.h:285:22:LL_GPIO_SetPinMode	48	static,ignoring_inline_asm
../Drivers/STM32L4xx_HAL_Driver/Inc/stm32l4xx_ll_gpio.h:354:22:LL_GPIO_SetPinOutputType	24	static
../Drivers/STM32L4xx_HAL_Driver/Inc/stm32l4xx_ll_gpio.h:425:22:LL_GPIO_SetPinSpeed	48	static,ignoring_inline_asm
../Drivers/STM32L4xx_HAL_Driver/Inc/stm32l4xx_ll_gpio.h:496:22:LL_GPIO_SetPinPull	48	static,ignoring_inline_asm
../Drivers/STM32L4xx_HAL_Driver/Inc/stm32l4xx_ll_gpio.h:568:22:LL_GPIO_SetAFPin_0_7	48	static,ignoring_inline_asm
../Drivers/STM32L4xx_HAL_Driver/Inc/stm32l4xx_ll_gpio.h:645:22:LL_GPIO_SetAFPin_8_15	48	static,ignoring_inline_asm
C:/Users/Admin/work/test77/lr11xx_ranging_demo/libs/smtc-shields/lr11xx/inc/smtc_shield_lr11xx.h:137:54:smtc_shield_lr11xx_get_pa_pwr_cfg	24	static
C:/Users/Admin/work/test77/lr11xx_ranging_demo/libs/smtc-shields/lr11xx/inc/smtc_shield_lr11xx.h:151:60:smtc_shield_lr11xx_get_rssi_calibration_table	16	static
C:/Users/Admin/work/test77/lr11xx_ranging_demo/libs/smtc-shields/lr11xx/inc/smtc_shield_lr11xx.h:164:51:smtc_shield_lr11xx_get_rf_switch_cfg	16	static
C:/Users/Admin/work/test77/lr11xx_ranging_demo/libs/smtc-shields/lr11xx/inc/smtc_shield_lr11xx.h:177:40:smtc_shield_lr11xx_get_reg_mode	16	static
C:/Users/Admin/work/test77/lr11xx_ranging_demo/libs/smtc-shields/lr11xx/inc/smtc_shield_lr11xx.h:189:52:smtc_shield_lr11xx_get_xosc_cfg	16	static
C:/Users/Admin/work/test77/lr11xx_ranging_demo/libs/smtc-shields/lr11xx/inc/smtc_shield_lr11xx.h:201:53:smtc_shield_lr11xx_get_lfclk_cfg	16	static
C:/Users/Admin/work/test77/lr11xx_ranging_demo/libs/smtc-shields/lr11xx/inc/smtc_shield_lr11xx.h:214:50:smtc_shield_lr11xx_get_pinout	16	static
C:/Users/Admin/work/test77/lr11xx_ranging_demo/libs/smtc-shields/lr11xx/inc/smtc_shield_lr11xx.h:232:20:smtc_shield_lr11xx_get_rttof_recommended_rx_tx_delay_indicator	32	static
../lr11xx_ranging_demo/lr11xx/common/apps_common.h:200:23:apps_common_compute_lora_ldro	16	static
../lr11xx_ranging_demo/lr11xx/common/apps_common.c:208:22:LL_SYSCFG_SetEXTISource	32	static,ignoring_inline_asm
../lr11xx_ranging_demo/lr11xx/common/apps_common.c:347:41:smtc_hal_mcu_gpio_stm32l4_get_free_slot	16	static
../lr11xx_ranging_demo/lr11xx/common/apps_common.c:370:22:LL_AHB2_GRP1_EnableClock	24	static
../lr11xx_ranging_demo/lr11xx/common/apps_common.c:392:40:smtc_hal_mcu_spi_stm32l4_get_free_slot	16	static
../lr11xx_ranging_demo/lr11xx/common/apps_common.c:405:22:LL_APB2_GRP1_EnableClock	24	static
../lr11xx_ranging_demo/lr11xx/common/apps_common.c:440:13:LL_GPIO_Init	40	static,ignoring_inline_asm
../lr11xx_ranging_demo/lr11xx/common/apps_common.c:506:22:LL_APB1_GRP1_EnableClock	24	static
../lr11xx_ranging_demo/lr11xx/common/apps_common.c:585:13:LL_SPI_Init	24	static
../lr11xx_ranging_demo/lr11xx/common/apps_common.c:656:23:smtc_hal_mcu_spi_init	120	static
../lr11xx_ranging_demo/lr11xx/common/apps_common.c:749:30:smtc_hal_mcu_gpio_stm32l4_enable_clock	16	static
../lr11xx_ranging_demo/lr11xx/common/apps_common.c:805:13:smtc_hal_mcu_gpio_stm32l4_is_configured	24	static
../lr11xx_ranging_demo/lr11xx/common/apps_common.c:830:23:smtc_hal_mcu_gpio_init_output	56	static
../lr11xx_ranging_demo/lr11xx/common/apps_common.c:886:13:smtc_hal_mcu_gpio_stm32l4_is_real_inst	24	static
../lr11xx_ranging_demo/lr11xx/common/apps_common.c:943:30:smtc_hal_mcu_gpio_stm32l4_get_exti_cfg	16	static
../lr11xx_ranging_demo/lr11xx/common/apps_common.c:1102:23:smtc_hal_mcu_gpio_enable_irq	16	static
../lr11xx_ranging_demo/lr11xx/common/apps_common.c:1126:23:apps_common_lr11xx_get_context	8	static
../lr11xx_ranging_demo/lr11xx/common/apps_common.c:1163:6:apps_common_shield_init	8	static
../lr11xx_ranging_demo/lr11xx/common/apps_common.c:1204:6:apps_common_lr11xx_system_init	56	static
../lr11xx_ranging_demo/lr11xx/common/apps_common.c:1233:6:apps_common_lr11xx_fetch_and_print_version	24	static
../lr11xx_ranging_demo/lr11xx/common/apps_common.c:1241:6:apps_common_lr11xx_fetch_version	32	static
../lr11xx_ranging_demo/lr11xx/common/apps_common.c:1246:6:apps_common_lr11xx_print_version	32	static
../lr11xx_ranging_demo/lr11xx/common/apps_common.c:1276:6:apps_common_print_sdk_driver_version	8	static
../lr11xx_ranging_demo/lr11xx/common/apps_common.c:1283:6:apps_common_lr11xx_radio_init	48	static
../lr11xx_ranging_demo/lr11xx/common/apps_common.c:1350:6:apps_common_lr11xx_radio_rttof_init	48	static
../lr11xx_ranging_demo/lr11xx/common/apps_common.c:1394:6:apps_common_lr11xx_radio_ranging_init	40	static
../lr11xx_ranging_demo/lr11xx/common/apps_common.c:1416:6:apps_common_lr11xx_print_ranging_configuration	8	static
../lr11xx_ranging_demo/lr11xx/common/apps_common.c:1422:6:apps_common_lr11xx_get_ranging_rx_tx_delay	32	static
../lr11xx_ranging_demo/lr11xx/common/apps_common.c:1429:6:apps_common_lr11xx_receive	48	static
../lr11xx_ranging_demo/lr11xx/common/apps_common.c:1464:6:apps_common_lr11xx_irq_process	24	static
../lr11xx_ranging_demo/lr11xx/common/apps_common.c:1595:6:apps_common_lr11xx_handle_pre_tx	8	static
../lr11xx_ranging_demo/lr11xx/common/apps_common.c:1603:6:apps_common_lr11xx_handle_post_tx	8	static
../lr11xx_ranging_demo/lr11xx/common/apps_common.c:1611:6:apps_common_lr11xx_ranging_tx_leds	8	static
../lr11xx_ranging_demo/lr11xx/common/apps_common.c:1623:6:apps_common_lr11xx_ranging_rx_leds	8	static
../lr11xx_ranging_demo/lr11xx/common/apps_common.c:1635:6:apps_common_lr11xx_ranging_toggle_tx_rx_leds	16	static
../lr11xx_ranging_demo/lr11xx/common/apps_common.c:1666:6:apps_common_lr11xx_handle_pre_rx	8	static
../lr11xx_ranging_demo/lr11xx/common/apps_common.c:1674:6:apps_common_lr11xx_handle_post_rx	8	static
../lr11xx_ranging_demo/lr11xx/common/apps_common.c:1682:6:apps_common_lr11xx_handle_pre_gnss_scan	8	static
../lr11xx_ranging_demo/lr11xx/common/apps_common.c:1695:6:apps_common_lr11xx_handle_post_gnss_scan	8	static
../lr11xx_ranging_demo/lr11xx/common/apps_common.c:1708:6:apps_common_lr11xx_handle_pre_wifi_scan	8	static
../lr11xx_ranging_demo/lr11xx/common/apps_common.c:1716:6:apps_common_lr11xx_handle_post_wifi_scan	8	static
../lr11xx_ranging_demo/lr11xx/common/apps_common.c:1724:10:get_time_on_air_in_ms	8	static
../lr11xx_ranging_demo/lr11xx/common/apps_common.c:1748:6:print_common_configuration	8	static
../lr11xx_ranging_demo/lr11xx/common/apps_common.c:1759:6:print_lora_configuration	8	static
../lr11xx_ranging_demo/lr11xx/common/apps_common.c:1780:6:print_gfsk_configuration	8	static
../lr11xx_ranging_demo/lr11xx/common/apps_common.c:1820:6:print_driver_version	8	static
../lr11xx_ranging_demo/lr11xx/common/apps_common.c:1825:6:radio_on_dio_irq	16	static
../lr11xx_ranging_demo/lr11xx/common/apps_common.c:1829:6:on_tx_done	8	static
../lr11xx_ranging_demo/lr11xx/common/apps_common.c:1833:6:on_rx_done	8	static
../lr11xx_ranging_demo/lr11xx/common/apps_common.c:1837:6:on_rx_timeout	8	static
../lr11xx_ranging_demo/lr11xx/common/apps_common.c:1841:6:on_preamble_detected	8	static
../lr11xx_ranging_demo/lr11xx/common/apps_common.c:1845:6:on_syncword_header_valid	8	static
../lr11xx_ranging_demo/lr11xx/common/apps_common.c:1849:6:on_header_error	8	static
../lr11xx_ranging_demo/lr11xx/common/apps_common.c:1853:6:on_fsk_len_error	8	static
../lr11xx_ranging_demo/lr11xx/common/apps_common.c:1857:6:on_rx_crc_error	8	static
../lr11xx_ranging_demo/lr11xx/common/apps_common.c:1861:6:on_cad_done_undetected	8	static
../lr11xx_ranging_demo/lr11xx/common/apps_common.c:1865:6:on_cad_done_detected	8	static
../lr11xx_ranging_demo/lr11xx/common/apps_common.c:1869:6:on_lora_rx_timestamp	8	static
../lr11xx_ranging_demo/lr11xx/common/apps_common.c:1873:6:on_wifi_scan_done	8	static
../lr11xx_ranging_demo/lr11xx/common/apps_common.c:1877:6:on_gnss_scan_done	8	static
../lr11xx_ranging_demo/lr11xx/common/apps_common.c:1881:6:on_rttof_request_valid	8	static
../lr11xx_ranging_demo/lr11xx/common/apps_common.c:1885:6:on_rttof_request_discarded	8	static
../lr11xx_ranging_demo/lr11xx/common/apps_common.c:1889:6:on_rttof_response_done	8	static
../lr11xx_ranging_demo/lr11xx/common/apps_common.c:1893:6:on_rttof_exchange_valid	8	static
../lr11xx_ranging_demo/lr11xx/common/apps_common.c:1897:6:on_rttof_timeout	8	static
../lr11xx_ranging_demo/lr11xx/common/apps_common.c:1908:30:smtc_hal_mcu_gpio_stm32l4_get_trigger	16	static
../lr11xx_ranging_demo/lr11xx/common/apps_common.c:1942:22:LL_EXTI_DisableEvent_0_31	16	static
../lr11xx_ranging_demo/lr11xx/common/apps_common.c:1947:22:LL_EXTI_EnableIT_0_31	16	static
../lr11xx_ranging_demo/lr11xx/common/apps_common.c:1952:22:LL_EXTI_DisableIT_0_31	16	static
../lr11xx_ranging_demo/lr11xx/common/apps_common.c:1957:22:LL_EXTI_EnableEvent_0_31	16	static
../lr11xx_ranging_demo/lr11xx/common/apps_common.c:1963:22:LL_EXTI_DisableFallingTrig_0_31	16	static
../lr11xx_ranging_demo/lr11xx/common/apps_common.c:1968:22:LL_EXTI_EnableRisingTrig_0_31	16	static
../lr11xx_ranging_demo/lr11xx/common/apps_common.c:1974:22:LL_EXTI_DisableRisingTrig_0_31	16	static
../lr11xx_ranging_demo/lr11xx/common/apps_common.c:1980:22:LL_EXTI_EnableFallingTrig_0_31	16	static
../lr11xx_ranging_demo/lr11xx/common/apps_common.c:1985:22:LL_EXTI_DisableEvent_32_63	16	static
../lr11xx_ranging_demo/lr11xx/common/apps_common.c:1990:22:LL_EXTI_EnableIT_32_63	16	static
../lr11xx_ranging_demo/lr11xx/common/apps_common.c:1995:22:LL_EXTI_DisableIT_32_63	16	static
../lr11xx_ranging_demo/lr11xx/common/apps_common.c:2000:22:LL_EXTI_EnableEvent_32_63	16	static
../lr11xx_ranging_demo/lr11xx/common/apps_common.c:2005:22:LL_EXTI_DisableFallingTrig_32_63	16	static
../lr11xx_ranging_demo/lr11xx/common/apps_common.c:2010:22:LL_EXTI_EnableRisingTrig_32_63	16	static
../lr11xx_ranging_demo/lr11xx/common/apps_common.c:2015:22:LL_EXTI_DisableRisingTrig_32_63	16	static
../lr11xx_ranging_demo/lr11xx/common/apps_common.c:2020:22:LL_EXTI_EnableFallingTrig_32_63	16	static
../lr11xx_ranging_demo/lr11xx/common/apps_common.c:2036:10:LL_EXTI_Init	24	static
../lr11xx_ranging_demo/lr11xx/common/apps_common.c:2171:23:smtc_hal_mcu_gpio_init_input	96	static
