../Drivers/STM32L4xx_HAL_Driver/Inc/stm32l4xx_ll_gpio.h:285:22:LL_GPIO_SetPinMode	48	static,ignoring_inline_asm
../Drivers/STM32L4xx_HAL_Driver/Inc/stm32l4xx_ll_gpio.h:354:22:LL_GPIO_SetPinOutputType	24	static
../Drivers/STM32L4xx_HAL_Driver/Inc/stm32l4xx_ll_gpio.h:425:22:LL_GPIO_SetPinSpeed	48	static,ignoring_inline_asm
../Drivers/STM32L4xx_HAL_Driver/Inc/stm32l4xx_ll_gpio.h:496:22:LL_GPIO_SetPinPull	48	static,ignoring_inline_asm
../Drivers/STM32L4xx_HAL_Driver/Inc/stm32l4xx_ll_gpio.h:568:22:LL_GPIO_SetAFPin_0_7	48	static,ignoring_inline_asm
../Drivers/STM32L4xx_HAL_Driver/Inc/stm32l4xx_ll_gpio.h:645:22:LL_GPIO_SetAFPin_8_15	48	static,ignoring_inline_asm
C:/Users/Admin/work/test77/lr11xx_ranging_demo/libs/smtc-shields/lr11xx/inc/smtc_shield_lr11xx.h:137:54:smtc_shield_lr11xx_get_pa_pwr_cfg	24	static
C:/Users/Admin/work/test77/lr11xx_ranging_demo/libs/smtc-shields/lr11xx/inc/smtc_shield_lr11xx.h:151:60:smtc_shield_lr11xx_get_rssi_calibration_table	16	static
C:/Users/Admin/work/test77/lr11xx_ranging_demo/libs/smtc-shields/lr11xx/inc/smtc_shield_lr11xx.h:164:51:smtc_shield_lr11xx_get_rf_switch_cfg	16	static
C:/Users/Admin/work/test77/lr11xx_ranging_demo/libs/smtc-shields/lr11xx/inc/smtc_shield_lr11xx.h:177:40:smtc_shield_lr11xx_get_reg_mode	16	static
C:/Users/Admin/work/test77/lr11xx_ranging_demo/libs/smtc-shields/lr11xx/inc/smtc_shield_lr11xx.h:189:52:smtc_shield_lr11xx_get_xosc_cfg	16	static
C:/Users/Admin/work/test77/lr11xx_ranging_demo/libs/smtc-shields/lr11xx/inc/smtc_shield_lr11xx.h:201:53:smtc_shield_lr11xx_get_lfclk_cfg	16	static
C:/Users/Admin/work/test77/lr11xx_ranging_demo/libs/smtc-shields/lr11xx/inc/smtc_shield_lr11xx.h:214:50:smtc_shield_lr11xx_get_pinout	16	static
C:/Users/Admin/work/test77/lr11xx_ranging_demo/libs/smtc-shields/lr11xx/inc/smtc_shield_lr11xx.h:232:20:smtc_shield_lr11xx_get_rttof_recommended_rx_tx_delay_indicator	32	static
../lr11xx_ranging_demo/lr11xx/common/apps_common.h:200:23:apps_common_compute_lora_ldro	16	static
../lr11xx_ranging_demo/lr11xx/common/apps_common.c:342:41:smtc_hal_mcu_gpio_stm32l4_get_free_slot	16	static
../lr11xx_ranging_demo/lr11xx/common/apps_common.c:365:22:LL_AHB2_GRP1_EnableClock	24	static
../lr11xx_ranging_demo/lr11xx/common/apps_common.c:374:30:smtc_hal_mcu_gpio_stm32l4_enable_clock	16	static
../lr11xx_ranging_demo/lr11xx/common/apps_common.c:430:13:smtc_hal_mcu_gpio_stm32l4_is_configured	24	static
../lr11xx_ranging_demo/lr11xx/common/apps_common.c:455:13:LL_GPIO_Init	40	static,ignoring_inline_asm
../lr11xx_ranging_demo/lr11xx/common/apps_common.c:521:23:smtc_hal_mcu_gpio_init_output	56	static
../lr11xx_ranging_demo/lr11xx/common/apps_common.c:576:23:smtc_hal_mcu_gpio_init_input	96	static
../lr11xx_ranging_demo/lr11xx/common/apps_common.c:660:23:apps_common_lr11xx_get_context	4	static
../lr11xx_ranging_demo/lr11xx/common/apps_common.c:697:6:apps_common_shield_init	8	static
../lr11xx_ranging_demo/lr11xx/common/apps_common.c:738:6:apps_common_lr11xx_system_init	56	static
../lr11xx_ranging_demo/lr11xx/common/apps_common.c:767:6:apps_common_lr11xx_fetch_and_print_version	24	static
../lr11xx_ranging_demo/lr11xx/common/apps_common.c:775:6:apps_common_lr11xx_fetch_version	32	static
../lr11xx_ranging_demo/lr11xx/common/apps_common.c:780:6:apps_common_lr11xx_print_version	32	static
../lr11xx_ranging_demo/lr11xx/common/apps_common.c:810:6:apps_common_print_sdk_driver_version	8	static
../lr11xx_ranging_demo/lr11xx/common/apps_common.c:817:6:apps_common_lr11xx_radio_init	48	static
../lr11xx_ranging_demo/lr11xx/common/apps_common.c:884:6:apps_common_lr11xx_radio_rttof_init	48	static
../lr11xx_ranging_demo/lr11xx/common/apps_common.c:928:6:apps_common_lr11xx_radio_ranging_init	40	static
../lr11xx_ranging_demo/lr11xx/common/apps_common.c:950:6:apps_common_lr11xx_print_ranging_configuration	8	static
../lr11xx_ranging_demo/lr11xx/common/apps_common.c:956:6:apps_common_lr11xx_get_ranging_rx_tx_delay	32	static
../lr11xx_ranging_demo/lr11xx/common/apps_common.c:963:6:apps_common_lr11xx_receive	48	static
../lr11xx_ranging_demo/lr11xx/common/apps_common.c:998:6:apps_common_lr11xx_irq_process	24	static
../lr11xx_ranging_demo/lr11xx/common/apps_common.c:1129:6:apps_common_lr11xx_handle_pre_tx	8	static
../lr11xx_ranging_demo/lr11xx/common/apps_common.c:1137:6:apps_common_lr11xx_handle_post_tx	8	static
../lr11xx_ranging_demo/lr11xx/common/apps_common.c:1145:6:apps_common_lr11xx_ranging_tx_leds	8	static
../lr11xx_ranging_demo/lr11xx/common/apps_common.c:1157:6:apps_common_lr11xx_ranging_rx_leds	8	static
../lr11xx_ranging_demo/lr11xx/common/apps_common.c:1169:6:apps_common_lr11xx_ranging_toggle_tx_rx_leds	16	static
../lr11xx_ranging_demo/lr11xx/common/apps_common.c:1200:6:apps_common_lr11xx_handle_pre_rx	8	static
../lr11xx_ranging_demo/lr11xx/common/apps_common.c:1208:6:apps_common_lr11xx_handle_post_rx	8	static
../lr11xx_ranging_demo/lr11xx/common/apps_common.c:1216:6:apps_common_lr11xx_handle_pre_gnss_scan	8	static
../lr11xx_ranging_demo/lr11xx/common/apps_common.c:1229:6:apps_common_lr11xx_handle_post_gnss_scan	8	static
../lr11xx_ranging_demo/lr11xx/common/apps_common.c:1242:6:apps_common_lr11xx_handle_pre_wifi_scan	8	static
../lr11xx_ranging_demo/lr11xx/common/apps_common.c:1250:6:apps_common_lr11xx_handle_post_wifi_scan	8	static
../lr11xx_ranging_demo/lr11xx/common/apps_common.c:1258:10:get_time_on_air_in_ms	8	static
../lr11xx_ranging_demo/lr11xx/common/apps_common.c:1282:6:print_common_configuration	8	static
../lr11xx_ranging_demo/lr11xx/common/apps_common.c:1293:6:print_lora_configuration	8	static
../lr11xx_ranging_demo/lr11xx/common/apps_common.c:1314:6:print_gfsk_configuration	8	static
../lr11xx_ranging_demo/lr11xx/common/apps_common.c:1354:6:print_driver_version	8	static
../lr11xx_ranging_demo/lr11xx/common/apps_common.c:1359:6:radio_on_dio_irq	16	static
../lr11xx_ranging_demo/lr11xx/common/apps_common.c:1363:6:on_tx_done	8	static
../lr11xx_ranging_demo/lr11xx/common/apps_common.c:1367:6:on_rx_done	8	static
../lr11xx_ranging_demo/lr11xx/common/apps_common.c:1371:6:on_rx_timeout	8	static
../lr11xx_ranging_demo/lr11xx/common/apps_common.c:1375:6:on_preamble_detected	8	static
../lr11xx_ranging_demo/lr11xx/common/apps_common.c:1379:6:on_syncword_header_valid	8	static
../lr11xx_ranging_demo/lr11xx/common/apps_common.c:1383:6:on_header_error	8	static
../lr11xx_ranging_demo/lr11xx/common/apps_common.c:1387:6:on_fsk_len_error	8	static
../lr11xx_ranging_demo/lr11xx/common/apps_common.c:1391:6:on_rx_crc_error	8	static
../lr11xx_ranging_demo/lr11xx/common/apps_common.c:1395:6:on_cad_done_undetected	8	static
../lr11xx_ranging_demo/lr11xx/common/apps_common.c:1399:6:on_cad_done_detected	8	static
../lr11xx_ranging_demo/lr11xx/common/apps_common.c:1403:6:on_lora_rx_timestamp	8	static
../lr11xx_ranging_demo/lr11xx/common/apps_common.c:1407:6:on_wifi_scan_done	8	static
../lr11xx_ranging_demo/lr11xx/common/apps_common.c:1411:6:on_gnss_scan_done	8	static
../lr11xx_ranging_demo/lr11xx/common/apps_common.c:1415:6:on_rttof_request_valid	8	static
../lr11xx_ranging_demo/lr11xx/common/apps_common.c:1419:6:on_rttof_request_discarded	8	static
../lr11xx_ranging_demo/lr11xx/common/apps_common.c:1423:6:on_rttof_response_done	8	static
../lr11xx_ranging_demo/lr11xx/common/apps_common.c:1427:6:on_rttof_exchange_valid	8	static
../lr11xx_ranging_demo/lr11xx/common/apps_common.c:1431:6:on_rttof_timeout	8	static
