../common/apps_common.h:204:23:apps_common_compute_lora_ldro	16	static
C:/Users/Admin/work/newTest/newTest/libs/smtc-shields/lr11xx/inc/smtc_shield_lr11xx.h:137:54:smtc_shield_lr11xx_get_pa_pwr_cfg	24	static
C:/Users/Admin/work/newTest/newTest/libs/smtc-shields/lr11xx/inc/smtc_shield_lr11xx.h:151:60:smtc_shield_lr11xx_get_rssi_calibration_table	16	static
C:/Users/Admin/work/newTest/newTest/libs/smtc-shields/lr11xx/inc/smtc_shield_lr11xx.h:164:51:smtc_shield_lr11xx_get_rf_switch_cfg	16	static
C:/Users/Admin/work/newTest/newTest/libs/smtc-shields/lr11xx/inc/smtc_shield_lr11xx.h:177:40:smtc_shield_lr11xx_get_reg_mode	16	static
C:/Users/Admin/work/newTest/newTest/libs/smtc-shields/lr11xx/inc/smtc_shield_lr11xx.h:189:52:smtc_shield_lr11xx_get_xosc_cfg	16	static
C:/Users/Admin/work/newTest/newTest/libs/smtc-shields/lr11xx/inc/smtc_shield_lr11xx.h:201:53:smtc_shield_lr11xx_get_lfclk_cfg	16	static
C:/Users/Admin/work/newTest/newTest/libs/smtc-shields/lr11xx/inc/smtc_shield_lr11xx.h:214:50:smtc_shield_lr11xx_get_pinout	16	static
C:/Users/Admin/work/newTest/newTest/libs/smtc-shields/lr11xx/inc/smtc_shield_lr11xx.h:232:20:smtc_shield_lr11xx_get_rttof_recommended_rx_tx_delay_indicator	32	static
C:/Users/Admin/work/newTest/newTest/libs/smtc_dbpsk_driver/src/smtc_dbpsk.h:75:19:smtc_dbpsk_get_pld_len_in_bits	16	static
C:/Users/Admin/work/newTest/newTest/libs/smtc_dbpsk_driver/src/smtc_dbpsk.h:88:19:smtc_dbpsk_get_pld_len_in_bytes	16	static
../common/apps_common.c:273:23:apps_common_lr11xx_get_context	8	static
../common/apps_common.c:308:6:apps_common_shield_init	8	static
../common/apps_common.c:349:6:apps_common_lr11xx_system_init	56	static
../common/apps_common.c:378:6:apps_common_lr11xx_fetch_and_print_version	24	static
../common/apps_common.c:386:6:apps_common_lr11xx_fetch_version	32	static
../common/apps_common.c:391:6:apps_common_lr11xx_print_version	16	static
../common/apps_common.c:417:6:apps_common_print_sdk_driver_version	8	static
../common/apps_common.c:424:6:apps_common_lr11xx_radio_init	48	static
../common/apps_common.c:491:6:apps_common_lr11xx_radio_dbpsk_init	40	static
../common/apps_common.c:539:6:apps_common_lr11xx_radio_rttof_init	48	static
../common/apps_common.c:583:6:apps_common_lr11xx_receive	48	static
../common/apps_common.c:618:6:apps_common_lr11xx_irq_process	24	static
../common/apps_common.c:749:6:apps_common_lr11xx_handle_pre_tx	8	static
../common/apps_common.c:757:6:apps_common_lr11xx_handle_post_tx	8	static
../common/apps_common.c:765:6:apps_common_lr11xx_handle_pre_rx	8	static
../common/apps_common.c:773:6:apps_common_lr11xx_handle_post_rx	8	static
../common/apps_common.c:781:6:apps_common_lr11xx_handle_pre_gnss_scan	8	static
../common/apps_common.c:794:6:apps_common_lr11xx_handle_post_gnss_scan	8	static
../common/apps_common.c:807:6:apps_common_lr11xx_handle_pre_wifi_scan	8	static
../common/apps_common.c:815:6:apps_common_lr11xx_handle_post_wifi_scan	8	static
../common/apps_common.c:823:10:get_time_on_air_in_ms	8	static
../common/apps_common.c:847:6:print_common_configuration	8	static
../common/apps_common.c:858:6:print_lora_configuration	8	static
../common/apps_common.c:878:6:print_gfsk_configuration	8	static
../common/apps_common.c:918:6:print_driver_version	8	static
../common/apps_common.c:923:6:radio_on_dio_irq	16	static
../common/apps_common.c:927:6:on_tx_done	8	static
../common/apps_common.c:931:6:on_rx_done	8	static
../common/apps_common.c:935:6:on_rx_timeout	8	static
../common/apps_common.c:939:6:on_preamble_detected	8	static
../common/apps_common.c:943:6:on_syncword_header_valid	8	static
../common/apps_common.c:947:6:on_header_error	8	static
../common/apps_common.c:951:6:on_fsk_len_error	8	static
../common/apps_common.c:955:6:on_rx_crc_error	8	static
../common/apps_common.c:959:6:on_cad_done_undetected	8	static
../common/apps_common.c:963:6:on_cad_done_detected	8	static
../common/apps_common.c:967:6:on_lora_rx_timestamp	8	static
../common/apps_common.c:971:6:on_wifi_scan_done	8	static
../common/apps_common.c:975:6:on_gnss_scan_done	8	static
../common/apps_common.c:979:6:on_rttof_request_valid	8	static
../common/apps_common.c:983:6:on_rttof_request_discarded	8	static
../common/apps_common.c:987:6:on_rttof_response_done	8	static
../common/apps_common.c:991:6:on_rttof_exchange_valid	8	static
../common/apps_common.c:995:6:on_rttof_timeout	8	static
