../Drivers/CMSIS/Include/core_cm4.h:1679:22:__NVIC_EnableIRQ	16	static,ignoring_inline_asm
../Drivers/CMSIS/Include/core_cm4.h:1809:22:__NVIC_SetPriority	16	static
../Drivers/STM32L4xx_HAL_Driver/Inc/stm32l4xx_ll_usart.h:693:22:LL_USART_Enable	16	static
../Drivers/STM32L4xx_HAL_Driver/Inc/stm32l4xx_ll_usart.h:707:22:LL_USART_Disable	16	static
../Drivers/STM32L4xx_HAL_Driver/Inc/stm32l4xx_ll_usart.h:718:26:LL_USART_IsEnabled	16	static
../Drivers/STM32L4xx_HAL_Driver/Inc/stm32l4xx_ll_usart.h:2810:22:LL_USART_ConfigAsyncMode	16	static
../Drivers/STM32L4xx_HAL_Driver/Inc/stm32l4xx_ll_usart.h:3147:26:LL_USART_IsActiveFlag_RXNE	16	static
../Drivers/STM32L4xx_HAL_Driver/Inc/stm32l4xx_ll_usart.h:3159:26:LL_USART_IsActiveFlag_TC	16	static
../Drivers/STM32L4xx_HAL_Driver/Inc/stm32l4xx_ll_usart.h:3187:26:LL_USART_IsActiveFlag_TXE	16	static
../Drivers/STM32L4xx_HAL_Driver/Inc/stm32l4xx_ll_usart.h:3672:22:LL_USART_EnableIT_RXNE	40	static,ignoring_inline_asm
../Drivers/STM32L4xx_HAL_Driver/Inc/stm32l4xx_ll_usart.h:4178:26:LL_USART_IsEnabledIT_RXNE	16	static
../Drivers/STM32L4xx_HAL_Driver/Inc/stm32l4xx_ll_usart.h:4543:25:LL_USART_ReceiveData8	16	static
../Drivers/STM32L4xx_HAL_Driver/Inc/stm32l4xx_ll_usart.h:4566:22:LL_USART_TransmitData8	16	static
../Drivers/STM32L4xx_HAL_Driver/Inc/stm32l4xx_ll_usart.h:4640:22:LL_USART_RequestRxDataFlush	16	static
../Drivers/STM32L4xx_HAL_Driver/Inc/stm32l4xx_ll_usart.h:4657:22:LL_USART_RequestTxDataFlush	16	static
../Drivers/STM32L4xx_HAL_Driver/Inc/stm32l4xx_ll_bus.h:563:22:LL_AHB2_GRP1_EnableClock	24	static
../Drivers/STM32L4xx_HAL_Driver/Inc/stm32l4xx_ll_bus.h:1087:22:LL_APB1_GRP1_EnableClock	24	static
../Drivers/STM32L4xx_HAL_Driver/Inc/stm32l4xx_ll_bus.h:1263:22:LL_APB1_GRP1_DisableClock	16	static
../common/smtc_hal_mcu_uart_stm32l4.c:118:23:smtc_hal_mcu_uart_init	88	static
../common/smtc_hal_mcu_uart_stm32l4.c:188:23:smtc_hal_mcu_uart_deinit	56	static
../common/smtc_hal_mcu_uart_stm32l4.c:237:23:smtc_hal_mcu_uart_send	32	static
../common/smtc_hal_mcu_uart_stm32l4.c:263:23:smtc_hal_mcu_uart_receive	40	static
../common/smtc_hal_mcu_uart_stm32l4.c:280:41:smtc_hal_mcu_uart_stm32l4_get_free_slot	16	static
../common/smtc_hal_mcu_uart_stm32l4.c:293:13:smtc_hal_mcu_uart_stm32l4_is_real_inst	24	static
../common/smtc_hal_mcu_uart_stm32l4.c:306:6:USART2_IRQHandler	16	static
