../lr11xx_driver/src/lr11xx_bootloader.c:110:17:lr11xx_bootloader_get_status	32	static
../lr11xx_driver/src/lr11xx_bootloader.c:136:17:lr11xx_bootloader_clear_reset_status_info	32	static
../lr11xx_driver/src/lr11xx_bootloader.c:146:17:lr11xx_bootloader_get_version	32	static
../lr11xx_driver/src/lr11xx_bootloader.c:167:17:lr11xx_bootloader_erase_flash	32	static
../lr11xx_driver/src/lr11xx_bootloader.c:177:17:lr11xx_bootloader_write_flash_encrypted	312	static
../lr11xx_driver/src/lr11xx_bootloader.c:204:17:lr11xx_bootloader_write_flash_encrypted_full	48	static
../lr11xx_driver/src/lr11xx_bootloader.c:233:17:lr11xx_bootloader_reboot	32	static
../lr11xx_driver/src/lr11xx_bootloader.c:244:17:lr11xx_bootloader_read_pin	32	static
../lr11xx_driver/src/lr11xx_bootloader.c:255:17:lr11xx_bootloader_read_chip_eui	32	static
../lr11xx_driver/src/lr11xx_bootloader.c:266:17:lr11xx_bootloader_read_join_eui	32	static
../lr11xx_driver/src/lr11xx_bootloader.c:282:9:lr11xx_bootloader_get_min_from_operand_and_max_block_size	16	static
