../lr11xx_driver/src/lr11xx_radio.c:181:17:lr11xx_radio_reset_stats	32	static
../lr11xx_driver/src/lr11xx_radio.c:191:17:lr11xx_radio_get_gfsk_stats	40	static
../lr11xx_driver/src/lr11xx_radio.c:212:17:lr11xx_radio_get_lora_stats	40	static
../lr11xx_driver/src/lr11xx_radio.c:234:17:lr11xx_radio_get_pkt_type	32	static
../lr11xx_driver/src/lr11xx_radio.c:253:17:lr11xx_radio_get_rx_buffer_status	32	static
../lr11xx_driver/src/lr11xx_radio.c:274:17:lr11xx_radio_get_gfsk_pkt_status	32	static
../lr11xx_driver/src/lr11xx_radio.c:301:17:lr11xx_radio_get_lora_pkt_status	32	static
../lr11xx_driver/src/lr11xx_radio.c:322:17:lr11xx_radio_get_rssi_inst	32	static
../lr11xx_driver/src/lr11xx_radio.c:341:17:lr11xx_radio_set_gfsk_sync_word	40	static
../lr11xx_driver/src/lr11xx_radio.c:370:17:lr11xx_radio_set_lora_sync_word	32	static
../lr11xx_driver/src/lr11xx_radio.c:381:17:lr11xx_radio_set_lora_public_network	40	static
../lr11xx_driver/src/lr11xx_radio.c:393:17:lr11xx_radio_set_lr_fhss_sync_word	32	static
../lr11xx_driver/src/lr11xx_radio.c:405:17:lr11xx_radio_set_rx	24	static
../lr11xx_driver/src/lr11xx_radio.c:412:17:lr11xx_radio_set_rx_and_lna_mode	32	static
../lr11xx_driver/src/lr11xx_radio.c:420:17:lr11xx_radio_set_rx_with_timeout_in_rtc_step	16	static
../lr11xx_driver/src/lr11xx_radio.c:426:17:lr11xx_radio_set_rx_with_timeout_in_rtc_step_and_lna_mode	40	static
../lr11xx_driver/src/lr11xx_radio.c:467:17:lr11xx_radio_set_tx	24	static
../lr11xx_driver/src/lr11xx_radio.c:474:17:lr11xx_radio_set_tx_with_timeout_in_rtc_step	32	static
../lr11xx_driver/src/lr11xx_radio.c:502:17:lr11xx_radio_set_rf_freq	32	static
../lr11xx_driver/src/lr11xx_radio.c:516:17:lr11xx_radio_auto_tx_rx	48	static
../lr11xx_driver/src/lr11xx_radio.c:535:17:lr11xx_radio_set_cad_params	40	static
../lr11xx_driver/src/lr11xx_radio.c:552:17:lr11xx_radio_set_pkt_type	32	static
../lr11xx_driver/src/lr11xx_radio.c:563:17:lr11xx_radio_set_gfsk_mod_params	40	static
../lr11xx_driver/src/lr11xx_radio.c:585:17:lr11xx_radio_set_bpsk_mod_params	32	static
../lr11xx_driver/src/lr11xx_radio.c:602:17:lr11xx_radio_set_lora_mod_params	32	static
../lr11xx_driver/src/lr11xx_radio.c:618:17:lr11xx_radio_set_lr_fhss_mod_params	32	static
../lr11xx_driver/src/lr11xx_radio.c:635:17:lr11xx_radio_set_gfsk_pkt_params	40	static
../lr11xx_driver/src/lr11xx_radio.c:655:17:lr11xx_radio_set_bpsk_pkt_params	40	static
../lr11xx_driver/src/lr11xx_radio.c:673:17:lr11xx_radio_set_lora_pkt_params	32	static
../lr11xx_driver/src/lr11xx_radio.c:690:17:lr11xx_radio_set_tx_params	32	static
../lr11xx_driver/src/lr11xx_radio.c:703:17:lr11xx_radio_set_pkt_address	32	static
../lr11xx_driver/src/lr11xx_radio.c:716:17:lr11xx_radio_set_rx_tx_fallback_mode	32	static
../lr11xx_driver/src/lr11xx_radio.c:729:17:lr11xx_radio_set_rx_duty_cycle	32	static
../lr11xx_driver/src/lr11xx_radio.c:740:17:lr11xx_radio_set_rx_duty_cycle_with_timings_in_rtc_step	48	static
../lr11xx_driver/src/lr11xx_radio.c:761:17:lr11xx_radio_set_pa_cfg	32	static
../lr11xx_driver/src/lr11xx_radio.c:775:17:lr11xx_radio_stop_timeout_on_preamble	32	static
../lr11xx_driver/src/lr11xx_radio.c:787:17:lr11xx_radio_set_cad	32	static
../lr11xx_driver/src/lr11xx_radio.c:813:17:lr11xx_radio_set_tx_cw	32	static
../lr11xx_driver/src/lr11xx_radio.c:823:17:lr11xx_radio_set_tx_infinite_preamble	32	static
../lr11xx_driver/src/lr11xx_radio.c:850:17:lr11xx_radio_set_lora_sync_timeout	32	static
../lr11xx_driver/src/lr11xx_radio.c:874:17:lr11xx_radio_set_lora_sync_timeout_with_mantissa_exponent	32	static
../lr11xx_driver/src/lr11xx_radio.c:893:17:lr11xx_radio_set_gfsk_crc_params	48	static
../lr11xx_driver/src/lr11xx_radio.c:911:17:lr11xx_radio_set_gfsk_whitening_seed	32	static
../lr11xx_driver/src/lr11xx_radio.c:923:17:lr11xx_radio_cfg_rx_boosted	32	static
../lr11xx_driver/src/lr11xx_radio.c:934:17:lr11xx_radio_set_rssi_calibration	40	static
../lr11xx_driver/src/lr11xx_radio.c:959:17:lr11xx_radio_get_gfsk_rx_bandwidth	16	static
../lr11xx_driver/src/lr11xx_radio.c:1053:10:lr11xx_radio_get_lora_time_on_air_numerator	88	static
../lr11xx_driver/src/lr11xx_radio.c:1144:10:lr11xx_radio_get_lora_bw_in_hz	24	static
../lr11xx_driver/src/lr11xx_radio.c:1191:10:lr11xx_radio_get_lora_time_on_air_in_ms	24	static
../lr11xx_driver/src/lr11xx_radio.c:1200:10:lr11xx_radio_get_gfsk_time_on_air_numerator	32	static
../lr11xx_driver/src/lr11xx_radio.c:1234:10:lr11xx_radio_get_gfsk_time_on_air_in_ms	24	static
../lr11xx_driver/src/lr11xx_radio.c:1244:10:lr11xx_radio_convert_time_in_ms_to_rtc_step	16	static
../lr11xx_driver/src/lr11xx_radio.c:1249:17:lr11xx_radio_cfg_bluetooth_low_energy_beaconning_compatibility	40	static
../lr11xx_driver/src/lr11xx_radio.c:1264:17:lr11xx_radio_get_lora_rx_info	40	static
../lr11xx_driver/src/lr11xx_radio.c:1284:17:lr11xx_radio_cfg_and_send_bluetooth_low_energy_beaconning_compatibility	40	static
../lr11xx_driver/src/lr11xx_radio.c:1299:17:lr11xx_radio_apply_high_acp_workaround	16	static
../lr11xx_driver/src/lr11xx_radio.c:1304:10:lr11xx_radio_convert_nb_symb_to_mant_exp	32	static
../lr11xx_driver/src/lr11xx_radio.c:1321:17:lr11xx_radio_set_lna_mode	16	static
../lr11xx_driver/src/lr11xx_radio.c:1330:24:lr11xx_radio_get_gfsk_crc_len_in_bytes	16	static
