../Drivers/CMSIS/Include/core_cm4.h:1809:22:__NVIC_SetPriority	16	static
../Drivers/CMSIS/Include/core_cm4.h:2017:26:SysTick_Config	16	static
../lr11xx_ranging_demo/lr11xx/apps/ranging_demo/ranging_hopping_frequency/app_software_timer.c:75:6:app_system_ticks_init	8	static
../lr11xx_ranging_demo/lr11xx/apps/ranging_demo/ranging_hopping_frequency/app_software_timer.c:80:6:app_soft_timer_init	16	static
../lr11xx_ranging_demo/lr11xx/apps/ranging_demo/ranging_hopping_frequency/app_software_timer.c:86:6:app_soft_timer_start	24	static
../lr11xx_ranging_demo/lr11xx/apps/ranging_demo/ranging_hopping_frequency/app_software_timer.c:94:6:app_soft_timer_stop	16	static
../lr11xx_ranging_demo/lr11xx/apps/ranging_demo/ranging_hopping_frequency/app_software_timer.c:99:6:app_soft_timer_is_expired	24	static
../lr11xx_ranging_demo/lr11xx/apps/ranging_demo/ranging_hopping_frequency/app_software_timer.c:126:10:app_system_tick_get_ms	4	static
