../lr11xx_ranging_demo/lr11xx/apps/ranging_demo/main_ranging_demo.c:100:5:main_ranging_demo	32	static
../lr11xx_ranging_demo/lr11xx/apps/ranging_demo/main_ranging_demo.c:214:6:on_tx_done	8	static
../lr11xx_ranging_demo/lr11xx/apps/ranging_demo/main_ranging_demo.c:219:6:on_rx_done	8	static
../lr11xx_ranging_demo/lr11xx/apps/ranging_demo/main_ranging_demo.c:224:6:on_rx_timeout	8	static
../lr11xx_ranging_demo/lr11xx/apps/ranging_demo/main_ranging_demo.c:230:6:on_header_error	8	static
../lr11xx_ranging_demo/lr11xx/apps/ranging_demo/main_ranging_demo.c:236:6:on_rx_crc_error	8	static
../lr11xx_ranging_demo/lr11xx/apps/ranging_demo/main_ranging_demo.c:242:6:on_rttof_timeout	8	static
../lr11xx_ranging_demo/lr11xx/apps/ranging_demo/main_ranging_demo.c:248:6:on_rttof_exchange_valid	8	static
../lr11xx_ranging_demo/lr11xx/apps/ranging_demo/main_ranging_demo.c:254:6:on_rttof_request_discarded	8	static
../lr11xx_ranging_demo/lr11xx/apps/ranging_demo/main_ranging_demo.c:261:6:on_rttof_request_valid	8	static
../lr11xx_ranging_demo/lr11xx/apps/ranging_demo/main_ranging_demo.c:267:6:on_rttof_response_done	8	static
