../lr11xx_ranging_demo/lr11xx/apps/ranging_demo/main_ranging_demo.c:100:5:main_ranging_demo	32	static
../lr11xx_ranging_demo/lr11xx/apps/ranging_demo/main_ranging_demo.c:215:6:on_tx_done	8	static
../lr11xx_ranging_demo/lr11xx/apps/ranging_demo/main_ranging_demo.c:220:6:on_rx_done	8	static
../lr11xx_ranging_demo/lr11xx/apps/ranging_demo/main_ranging_demo.c:225:6:on_rx_timeout	8	static
../lr11xx_ranging_demo/lr11xx/apps/ranging_demo/main_ranging_demo.c:231:6:on_header_error	8	static
../lr11xx_ranging_demo/lr11xx/apps/ranging_demo/main_ranging_demo.c:237:6:on_rx_crc_error	8	static
../lr11xx_ranging_demo/lr11xx/apps/ranging_demo/main_ranging_demo.c:243:6:on_rttof_timeout	8	static
../lr11xx_ranging_demo/lr11xx/apps/ranging_demo/main_ranging_demo.c:249:6:on_rttof_exchange_valid	8	static
../lr11xx_ranging_demo/lr11xx/apps/ranging_demo/main_ranging_demo.c:255:6:on_rttof_request_discarded	8	static
../lr11xx_ranging_demo/lr11xx/apps/ranging_demo/main_ranging_demo.c:262:6:on_rttof_request_valid	8	static
../lr11xx_ranging_demo/lr11xx/apps/ranging_demo/main_ranging_demo.c:268:6:on_rttof_response_done	8	static
