../lr11xx_ranging_demo/lr11xx/lr11xx_driver/src/lr11xx_crypto_engine.c:137:17:lr11xx_crypto_select	32	static
../lr11xx_ranging_demo/lr11xx/lr11xx_driver/src/lr11xx_crypto_engine.c:149:17:lr11xx_crypto_set_key	64	static
../lr11xx_ranging_demo/lr11xx/lr11xx_driver/src/lr11xx_crypto_engine.c:176:17:lr11xx_crypto_derive_key	64	static
../lr11xx_ranging_demo/lr11xx/lr11xx_driver/src/lr11xx_crypto_engine.c:204:17:lr11xx_crypto_process_join_accept	128	static
../lr11xx_ranging_demo/lr11xx/lr11xx_driver/src/lr11xx_crypto_engine.c:250:17:lr11xx_crypto_compute_aes_cmac	328	static
../lr11xx_ranging_demo/lr11xx/lr11xx_driver/src/lr11xx_crypto_engine.c:278:17:lr11xx_crypto_verify_aes_cmac	312	static
../lr11xx_ranging_demo/lr11xx/lr11xx_driver/src/lr11xx_crypto_engine.c:311:17:lr11xx_crypto_aes_encrypt_01	568	static
../lr11xx_ranging_demo/lr11xx/lr11xx_driver/src/lr11xx_crypto_engine.c:338:17:lr11xx_crypto_aes_encrypt	568	static
../lr11xx_ranging_demo/lr11xx/lr11xx_driver/src/lr11xx_crypto_engine.c:365:17:lr11xx_crypto_aes_decrypt	568	static
../lr11xx_ranging_demo/lr11xx/lr11xx_driver/src/lr11xx_crypto_engine.c:392:17:lr11xx_crypto_store_to_flash	32	static
../lr11xx_ranging_demo/lr11xx/lr11xx_driver/src/lr11xx_crypto_engine.c:411:17:lr11xx_crypto_restore_from_flash	32	static
../lr11xx_ranging_demo/lr11xx/lr11xx_driver/src/lr11xx_crypto_engine.c:430:17:lr11xx_crypto_set_parameter	48	static
../lr11xx_ranging_demo/lr11xx/lr11xx_driver/src/lr11xx_crypto_engine.c:457:17:lr11xx_crypto_get_parameter	48	static
../lr11xx_ranging_demo/lr11xx/lr11xx_driver/src/lr11xx_crypto_engine.c:488:17:lr11xx_crypto_check_encrypted_firmware_image	312	static
../lr11xx_ranging_demo/lr11xx/lr11xx_driver/src/lr11xx_crypto_engine.c:515:17:lr11xx_crypto_check_encrypted_firmware_image_full	48	static
../lr11xx_ranging_demo/lr11xx/lr11xx_driver/src/lr11xx_crypto_engine.c:545:17:lr11xx_crypto_get_check_encrypted_firmware_image_result	32	static
../lr11xx_ranging_demo/lr11xx/lr11xx_driver/src/lr11xx_crypto_engine.c:563:13:lr11xx_crypto_fill_cbuffer_opcode_key_data	32	static
../lr11xx_ranging_demo/lr11xx/lr11xx_driver/src/lr11xx_crypto_engine.c:577:9:lr11xx_crypto_get_min_from_operand_and_max_block_size	16	static
